
 num     #instances         #bytes  class name
----------------------------------------------
   1:           954       24352952  [B
   2:         25885        2480896  [C
   3:          5066        1143112  [I
   4:          5955         563944  java.lang.Class
   5:         25500         408000  java.lang.String
   6:         11968         287232  java.util.concurrent.ConcurrentHashMap$Node
   7:          5563         272768  [Ljava.lang.Object;
   8:          2324         204512  java.lang.reflect.Method
   9:          2232         179136  [Ljava.util.HashMap$Node;
  10:           104         150848  [Ljava.util.concurrent.ConcurrentHashMap$Node;
  11:          4612         147584  java.util.LinkedHashMap$Entry
  12:          2453         137368  java.util.LinkedHashMap
  13:          5254         126096  java.util.HashMap$Node
  14:          7638          61104  java.lang.Object
  15:          2324          45880  [Ljava.lang.Class;
  16:          1116          44640  java.lang.invoke.MemberName
  17:          1258          40256  java.lang.ref.SoftReference
  18:          1013          36568  [Ljava.lang.String;
  19:           906          36240  java.util.HashMap
  20:          1124          35968  java.util.TreeMap$Entry
  21:          1035          33120  java.lang.invoke.MethodType$ConcurrentWeakInternSet$WeakEntry
  22:          1027          32864  java.lang.invoke.MethodType
  23:           663          31824  org.springframework.core.ResolvableType
  24:          1143          27432  java.util.ArrayList
  25:          1107          26568  java.util.concurrent.locks.ReentrantLock$NonfairSync
  26:           124          22816  org.springframework.context.annotation.ConfigurationClassBeanDefinitionReader$ConfigurationClassBeanDefinition
  27:           695          22240  java.lang.invoke.DirectMethodHandle
  28:           528          21120  org.springframework.util.ConcurrentReferenceHashMap$Segment
  29:           286          20592  java.lang.reflect.Constructor
  30:           528          18504  [Lorg.springframework.util.ConcurrentReferenceHashMap$Reference;
  31:           299          16744  org.springframework.core.annotation.TypeMappedAnnotation
  32:           653          15672  java.lang.ref.ReferenceQueue
  33:           317          15216  java.lang.Package
  34:           235          15040  java.util.concurrent.ConcurrentHashMap
  35:            81          14256  org.springframework.beans.factory.support.RootBeanDefinition
  36:           588          14112  java.util.concurrent.ConcurrentLinkedDeque$Node
  37:           546          13104  sun.reflect.annotation.AnnotationInvocationHandler
  38:           544          13056  sun.reflect.generics.tree.SimpleClassTypeSignature
  39:           303          12120  org.springframework.util.ConcurrentReferenceHashMap$SoftEntryReference
  40:           210          11760  [Ljava.lang.ref.SoftReference;
  41:           367          11744  java.lang.invoke.LambdaForm$Name
  42:           730          11680  java.util.LinkedHashSet
  43:           291          11640  ch.qos.logback.classic.Logger
  44:           483          11592  java.util.Hashtable$Entry
  45:           169          10816  java.net.URL
  46:            94          10656  [Z
  47:           437          10488  java.lang.Class$AnnotationData
  48:           106           9632  [Ljava.util.WeakHashMap$Entry;
  49:           196           9408  java.util.logging.LogManager$LoggerWeakRef
  50:           579           9264  java.util.concurrent.locks.ReentrantLock
  51:           544           9136  [Lsun.reflect.generics.tree.TypeArgument;
  52:           568           9088  java.util.concurrent.atomic.AtomicInteger
  53:           559           8944  java.util.concurrent.CopyOnWriteArrayList
  54:           536           8576  sun.reflect.generics.tree.ClassTypeSignature
  55:           178           8544  java.util.ResourceBundle$CacheKey
  56:           528           8448  org.springframework.util.ConcurrentReferenceHashMap$ReferenceManager
  57:           341           8184  sun.misc.FDBigInteger
  58:           327           7848  java.util.LinkedList$Node
  59:           454           7264  java.lang.Integer
  60:           450           7200  java.util.LinkedHashMap$LinkedKeySet
  61:           178           7120  java.util.ResourceBundle$BundleReference
  62:            73           6776  [Ljava.util.Hashtable$Entry;
  63:           137           6576  java.lang.invoke.LambdaForm
  64:            97           6208  java.util.logging.Logger
  65:           127           6096  java.lang.invoke.MethodTypeForm
  66:           189           6048  java.lang.invoke.BoundMethodHandle$Species_L
  67:           248           5952  org.springframework.beans.factory.annotation.InjectionMetadata
  68:           148           5920  java.util.WeakHashMap$Entry
  69:           178           5696  java.util.ResourceBundle$LoaderReference
  70:           142           5664  [Ljava.lang.invoke.LambdaForm$Name;
  71:           226           5424  org.springframework.beans.BeanMetadataAttribute
  72:           293           5400  [Ljava.lang.reflect.Type;
  73:           280           5328  [Lorg.springframework.core.ResolvableType;
  74:           655           5240  java.lang.ref.ReferenceQueue$Lock
  75:           210           5040  java.lang.ref.WeakReference
  76:            98           4704  java.util.WeakHashMap
  77:           196           4704  javax.management.ImmutableDescriptor
  78:           288           4608  org.apache.commons.logging.LogAdapter$Slf4jLocationAwareLog
  79:            12           4608  org.apache.tomcat.util.threads.TaskThread
  80:            12           4512  java.lang.Thread
  81:           273           4368  java.util.LinkedHashMap$LinkedValues
  82:           273           4368  java.util.concurrent.CopyOnWriteArraySet
  83:            39           4368  org.springframework.beans.factory.annotation.AnnotatedGenericBeanDefinition
  84:           270           4320  org.springframework.core.convert.converter.GenericConverter$ConvertiblePair
  85:           269           4304  org.springframework.beans.factory.support.MethodOverrides
  86:           266           4256  java.util.concurrent.ConcurrentLinkedDeque
  87:           265           4240  org.springframework.core.convert.support.GenericConversionService$ConvertersForPair
  88:           132           4224  sun.reflect.generics.repository.ClassRepository
  89:           174           4176  java.lang.invoke.LambdaForm$NamedFunction
  90:           172           4128  com.fasterxml.jackson.databind.type.ClassKey
  91:           258           4128  java.lang.Long
  92:           256           4096  java.lang.Byte
  93:           256           4096  java.lang.Short
  94:           127           4064  java.lang.ref.Finalizer
  95:            53           3816  org.springframework.core.annotation.AnnotationTypeMapping
  96:           119           3808  java.lang.invoke.DirectMethodHandle$Special
  97:            68           3808  org.springframework.core.MethodParameter
  98:            42           3696  java.util.jar.JarFile$JarFileEntry
  99:           153           3672  java.util.logging.LogManager$LogNode
 100:            76           3648  sun.misc.URLClassPath$JarLoader
 101:           220           3520  org.springframework.boot.autoconfigure.condition.ConditionEvaluationReport$ConditionAndOutcome
 102:           220           3520  org.springframework.boot.autoconfigure.condition.ConditionMessage
 103:           220           3520  org.springframework.boot.autoconfigure.condition.ConditionOutcome
 104:           104           3512  [[C
 105:           145           3480  sun.reflect.generics.reflectiveObjects.ParameterizedTypeImpl
 106:            72           3472  [Ljava.lang.reflect.Method;
 107:           216           3456  org.springframework.core.ResolvableType$DefaultVariableResolver
 108:           141           3384  sun.reflect.NativeConstructorAccessorImpl
 109:            80           3200  java.lang.reflect.Parameter
 110:           133           3192  org.springframework.beans.MutablePropertyValues
 111:           132           3168  com.sun.jmx.mbeanserver.ConvertingMethod
 112:           132           3168  sun.reflect.generics.tree.ClassSignature
 113:           197           3152  org.springframework.boot.autoconfigure.condition.ConditionEvaluationReport$ConditionAndOutcomes
 114:           140           3120  [Lorg.springframework.core.annotation.AnnotationTypeMappings;
 115:           139           3104  [Lorg.springframework.core.annotation.MergedAnnotation;
 116:            63           3024  sun.nio.cs.UTF_8$Encoder
 117:           125           3000  javax.management.ObjectName$Property
 118:            38           2992  [Ljava.lang.invoke.MethodHandle;
 119:            92           2944  java.math.BigInteger
 120:           184           2944  java.util.HashSet
 121:            91           2912  org.springframework.core.type.classreading.SimpleMethodMetadata
 122:           121           2904  sun.reflect.NativeMethodAccessorImpl
 123:           120           2880  java.io.ExpiringCache$Entry
 124:           176           2816  org.springframework.boot.web.server.MimeMappings$Mapping
 125:            50           2800  java.util.jar.JarFile
 126:            57           2736  org.apache.tomcat.util.buf.ByteChunk
 127:            33           2640  [Lorg.springframework.util.ConcurrentReferenceHashMap$Segment;
 128:           108           2592  org.springframework.core.convert.support.GenericConversionService$ConverterAdapter
 129:           111           2528  [Ljavax.management.ObjectName$Property;
 130:            45           2520  javax.management.openmbean.OpenMBeanAttributeInfoSupport
 131:           151           2456  [Lsun.reflect.generics.tree.FormalTypeParameter;
 132:            51           2448  javax.management.MBeanInfo
 133:           153           2448  sun.reflect.DelegatingMethodAccessorImpl
 134:           139           2440  [Lcom.sun.jmx.mbeanserver.MXBeanMapping;
 135:            32           2432  [S
 136:           150           2400  sun.reflect.generics.factory.CoreReflectionFactory
 137:            59           2360  java.util.Hashtable
 138:            52           2352  [Ljavax.management.MBeanAttributeInfo;
 139:           132           2312  [Lsun.reflect.generics.tree.ClassTypeSignature;
 140:            72           2304  java.security.ProtectionDomain
 141:            48           2304  org.springframework.core.type.classreading.SimpleAnnotationMetadata
 142:            71           2272  java.io.ObjectStreamField
 143:           141           2256  sun.reflect.DelegatingConstructorAccessorImpl
 144:            70           2240  java.security.CodeSource
 145:           139           2224  org.springframework.core.annotation.MergedAnnotationsCollection
 146:            92           2208  java.util.LinkedList
 147:            91           2184  org.springframework.core.type.classreading.SimpleMethodMetadataReadingVisitor$Source
 148:            45           2160  java.util.zip.Inflater
 149:           132           2112  sun.reflect.generics.scope.ClassScope
 150:            65           2080  org.springframework.core.SerializableTypeWrapper$MethodParameterTypeProvider
 151:           128           2048  java.lang.Character
 152:            32           2048  sun.reflect.DelegatingClassLoader
 153:            14           2016  java.text.DecimalFormat
 154:            63           2016  javax.management.MBeanAttributeInfo
 155:            82           1968  java.util.Vector
 156:            49           1960  org.apache.tomcat.util.buf.CharChunk
 157:            60           1920  java.util.zip.ZipCoder
 158:            48           1920  org.apache.tomcat.util.buf.MessageBytes
 159:            78           1872  java.util.Collections$UnmodifiableMap
 160:            56           1792  java.lang.reflect.WeakCache$CacheValue
 161:            56           1792  javax.management.ObjectName
 162:            44           1760  sun.util.locale.LocaleObjectCache$CacheEntry
 163:            31           1736  org.apache.tomcat.util.res.StringManager$1
 164:            16           1664  org.springframework.beans.factory.support.GenericBeanDefinition
 165:            51           1632  java.lang.reflect.Proxy$Key1
 166:            68           1632  org.apache.catalina.util.ManifestResource
 167:            68           1632  org.springframework.http.HttpStatus
 168:            50           1600  sun.reflect.annotation.AnnotationType
 169:            66           1584  java.security.Provider$ServiceKey
 170:             3           1576  [[B
 171:            27           1512  java.security.Provider$Service
 172:            61           1464  org.springframework.asm.Type
 173:            13           1456  java.util.GregorianCalendar
 174:            36           1440  java.security.AccessControlContext
 175:            60           1440  java.util.ArrayDeque
 176:            19           1432  [J
 177:             1           1376  [Lsun.misc.FDBigInteger;
 178:            86           1376  java.util.Collections$UnmodifiableSet
 179:            21           1344  java.util.regex.Pattern
 180:            42           1344  org.springframework.http.MediaType
 181:            61           1328  [Lorg.springframework.core.annotation.AnnotationTypeMapping$MirrorSets$MirrorSet;
 182:            33           1320  java.util.PropertyResourceBundle
 183:            33           1320  org.springframework.util.ConcurrentReferenceHashMap
 184:            40           1280  sun.management.DiagnosticCommandArgumentInfo
 185:            53           1272  org.springframework.core.annotation.AnnotationTypeMapping$MirrorSets
 186:            26           1248  java.util.TreeMap
 187:            39           1248  sun.reflect.generics.reflectiveObjects.TypeVariableImpl
 188:            13           1248  sun.util.calendar.Gregorian$Date
 189:            31           1240  java.util.EnumMap
 190:            22           1232  org.springframework.web.method.HandlerMethod
 191:            53           1200  [Lorg.springframework.core.annotation.AnnotationTypeMapping;
 192:            75           1200  [Lsun.reflect.generics.tree.FieldTypeSignature;
 193:            30           1200  java.time.temporal.ChronoField
 194:            30           1200  java.time.temporal.ValueRange
 195:            50           1200  org.springframework.core.convert.TypeDescriptor
 196:            74           1184  com.sun.proxy.$Proxy26
 197:            72           1152  [Ljava.security.Principal;
 198:            72           1152  java.security.ProtectionDomain$Key
 199:            72           1152  org.apache.juli.logging.DirectJDKLog
 200:            35           1120  java.util.concurrent.locks.AbstractQueuedSynchronizer$Node
 201:            68           1088  org.springframework.expression.common.LiteralExpression
 202:            66           1056  [Ljava.lang.reflect.Constructor;
 203:            48           1048  [Ljava.lang.annotation.ElementType;
 204:             1           1040  [Ljava.lang.Byte;
 205:             1           1040  [Ljava.lang.Integer;
 206:             1           1040  [Ljava.lang.Long;
 207:             1           1040  [Ljava.lang.Short;
 208:            65           1040  org.springframework.cglib.core.Signature
 209:            42           1008  java.lang.RuntimePermission
 210:            21           1008  java.nio.HeapByteBuffer
 211:            25           1000  org.springframework.core.annotation.TypeMappedAnnotations
 212:            62            992  java.util.jar.Attributes$Name
 213:            48            960  [Lorg.springframework.core.type.MethodMetadata;
 214:            40            960  java.io.File
 215:            24            960  java.time.format.DateTimeFormatter
 216:            40            960  org.springframework.boot.autoconfigure.condition.OnClassCondition
 217:            20            960  org.springframework.web.servlet.mvc.method.RequestMappingInfo
 218:             9            936  org.springframework.context.annotation.ScannedGenericBeanDefinition
 219:            29            928  java.io.FilePermission
 220:            23            920  java.util.concurrent.locks.ReentrantReadWriteLock$NonfairSync
 221:            44            912  [Ljava.lang.reflect.Parameter;
 222:            38            912  org.springframework.boot.autoconfigure.condition.OnBeanCondition
 223:            38            912  org.springframework.core.io.ClassPathResource
 224:            36            896  [Ljava.time.format.DateTimeFormatterBuilder$DateTimePrinterParser;
 225:            14            896  java.text.DecimalFormatSymbols
 226:            41            888  [Ljavax.management.MBeanOperationInfo;
 227:            51            880  [Ljava.lang.reflect.TypeVariable;
 228:            38            880  [Ljava.math.BigInteger;
 229:            27            864  com.intellij.rt.debugger.agent.CaptureAgent$InstrumentPoint
 230:            36            864  java.security.Permissions
 231:            53            848  java.util.Collections$UnmodifiableRandomAccessList
 232:            21            840  javax.management.MBeanOperationInfo
 233:            34            816  org.springframework.format.support.FormattingConversionService$AnnotationParserConverter
 234:            34            816  org.springframework.format.support.FormattingConversionService$AnnotationPrinterConverter
 235:            17            816  sun.util.calendar.ZoneInfo
 236:            25            800  java.time.format.DateTimeFormatterBuilder$NumberPrinterParser
 237:            50            800  org.springframework.core.convert.TypeDescriptor$AnnotatedElementAdapter
 238:            25            800  org.springframework.core.log.CompositeLog
 239:            32            768  com.sun.jmx.mbeanserver.DefaultMXBeanMappingFactory$IdentityMapping
 240:            12            768  java.text.SimpleDateFormat
 241:            48            768  org.springframework.core.type.classreading.SimpleAnnotationMetadataReadingVisitor$Source
 242:            12            768  org.springframework.web.method.HandlerMethod$HandlerMethodParameter
 243:            19            760  sun.management.DiagnosticCommandInfo
 244:            47            752  org.apache.coyote.ActionCode
 245:            31            744  java.security.BasicPermissionCollection
 246:            46            736  com.sun.proxy.$Proxy0
 247:            46            736  com.sun.proxy.$Proxy5
 248:            15            720  java.lang.management.PlatformComponent
 249:            30            720  java.security.Provider$EngineDescription
 250:            30            720  java.util.regex.Pattern$GroupTail
 251:            45            720  java.util.zip.ZStreamRef
 252:            15            720  javax.management.openmbean.ArrayType
 253:            30            720  org.springframework.core.annotation.AttributeMethods
 254:            10            720  sun.net.www.protocol.jar.URLJarFile
 255:            44            704  java.util.Collections$SingletonList
 256:            29            696  org.springframework.format.support.FormattingConversionService$ParserConverter
 257:            29            696  org.springframework.format.support.FormattingConversionService$PrinterConverter
 258:            43            688  com.sun.proxy.$Proxy6
 259:             7            680  [D
 260:            28            672  com.fasterxml.jackson.databind.DeserializationFeature
 261:            28            672  com.fasterxml.jackson.databind.MapperFeature
 262:            14            672  com.fasterxml.jackson.databind.type.SimpleType
 263:            21            672  com.sun.jmx.mbeanserver.WeakIdentityHashMap$IdentityWeakReference
 264:            12            672  java.text.DateFormatSymbols
 265:            42            672  java.util.HashMap$EntrySet
 266:            21            672  java.util.PropertyPermission
 267:            21            672  org.springframework.web.servlet.mvc.condition.PatternsRequestCondition
 268:            21            672  sun.util.locale.BaseLocale
 269:            21            672  sun.util.locale.BaseLocale$Key
 270:            20            640  com.sun.jmx.mbeanserver.MXBeanSupport
 271:            40            640  com.sun.proxy.$Proxy15
 272:             3            624  [Ljava.lang.invoke.LambdaForm;
 273:            26            624  org.springframework.core.annotation.AnnotationTypeMappings
 274:             6            624  sun.nio.ch.SocketChannelImpl
 275:            39            624  sun.reflect.generics.tree.FormalTypeParameter
 276:            24            616  [Ljava.io.ObjectStreamField;
 277:            22            608  [Ljava.security.ProtectionDomain;
 278:            38            608  java.util.jar.Attributes
 279:            19            608  sun.management.DiagnosticCommandImpl$Wrapper
 280:            25            600  com.fasterxml.jackson.databind.SerializationFeature
 281:            25            600  com.sun.jmx.mbeanserver.PerInterface$MethodAndSig
 282:            37            592  com.sun.proxy.$Proxy25
 283:             4            576  [Lcom.fasterxml.jackson.core.sym.CharsToNameCanonicalizer$Bucket;
 284:            24            576  java.time.Duration
 285:            36            576  java.time.format.DateTimeFormatterBuilder$CompositePrinterParser
 286:            36            576  java.util.LinkedHashMap$LinkedEntrySet
 287:            12            576  java.util.Properties
 288:            12            576  java.util.concurrent.ThreadPoolExecutor$Worker
 289:            24            576  java.util.concurrent.locks.ReentrantReadWriteLock
 290:            18            576  java.util.regex.Pattern$Curly
 291:            24            576  org.springframework.core.type.StandardAnnotationMetadata
 292:            14            560  java.text.DigitList
 293:            14            560  javax.management.openmbean.SimpleType
 294:             1            544  org.springframework.boot.web.embedded.tomcat.TomcatEmbeddedContext
 295:            17            544  sun.reflect.generics.repository.MethodRepository
 296:             1            528  [Ljava.lang.Character;
 297:            33            528  com.sun.proxy.$Proxy10
 298:            33            528  java.util.regex.Pattern$Ctype
 299:            21            520  [Ljava.util.regex.Pattern$Node;
 300:            13            520  ch.qos.logback.core.status.InfoStatus
 301:             7            512  [Lsun.invoke.util.Wrapper;
 302:             9            504  com.fasterxml.jackson.databind.cfg.BaseSettings
 303:            21            504  java.util.Locale
 304:            21            504  java.util.Locale$LocaleKey
 305:            21            504  java.util.regex.Pattern$Branch
 306:             9            504  javax.management.openmbean.OpenMBeanParameterInfoSupport
 307:            31            496  org.apache.tomcat.util.res.StringManager
 308:             6            480  com.sun.org.apache.xalan.internal.xsltc.trax.TransformerFactoryImpl
 309:            30            480  java.io.FilePermissionCollection
 310:            15            480  java.lang.invoke.MethodHandleImpl$IntrinsicMethodHandle
 311:            20            480  java.net.InetAddress$InetAddressHolder
 312:            20            480  java.util.concurrent.locks.AbstractQueuedSynchronizer$ConditionObject
 313:            30            480  java.util.regex.Pattern$GroupHead
 314:             2            480  org.apache.catalina.core.StandardWrapper
 315:            15            480  org.apache.tomcat.util.collections.ManagedConcurrentWeakHashMap$Key
 316:            20            480  org.springframework.web.servlet.handler.AbstractHandlerMethodMapping$MappingRegistration
 317:            10            480  sun.invoke.util.Wrapper
 318:            29            464  java.util.Arrays$ArrayList
 319:            19            456  sun.reflect.generics.tree.MethodTypeSignature
 320:             4            448  [Ljava.lang.ClassValue$Entry;
 321:            14            448  com.sun.jmx.mbeanserver.PerInterface
 322:            14            448  java.io.FileDescriptor
 323:            14            448  java.lang.ThreadLocal$ThreadLocalMap$Entry
 324:            28            448  java.security.Provider$UString
 325:            14            448  org.springframework.beans.propertyeditors.CustomNumberEditor
 326:            19            440  [Lsun.management.DiagnosticCommandArgumentInfo;
 327:            11            440  org.apache.catalina.util.Extension
 328:            11            440  sun.util.locale.provider.LocaleResources$ResourceReference
 329:            18            432  javax.management.MBeanParameterInfo
 330:             9            432  javax.management.openmbean.CompositeType
 331:             1            424  [[[C
 332:            13            416  java.lang.invoke.BoundMethodHandle$Species_LL
 333:            26            416  java.util.concurrent.atomic.AtomicLong
 334:            19            408  [Lsun.reflect.generics.tree.TypeSignature;
 335:            17            408  org.springframework.boot.ansi.AnsiColor
 336:            25            400  com.sun.proxy.$Proxy28
 337:            10            400  java.lang.invoke.DirectMethodHandle$Accessor
 338:            25            400  java.util.HashMap$KeySet
 339:            25            400  java.util.regex.Pattern$BitClass
 340:            10            400  sun.nio.fs.WindowsPath
 341:             7            392  java.nio.DirectByteBuffer
 342:             1            392  org.apache.tomcat.util.net.NioBlockingSelector$BlockPoller
 343:             4            384  [Ljava.lang.ThreadLocal$ThreadLocalMap$Entry;
 344:             1            384  java.lang.ref.Finalizer$FinalizerThread
 345:             6            384  java.lang.reflect.Field
 346:            16            384  java.time.temporal.ChronoUnit
 347:             6            384  java.util.concurrent.ScheduledThreadPoolExecutor$ScheduledFutureTask
 348:            24            384  java.util.concurrent.locks.ReentrantReadWriteLock$ReadLock
 349:            24            384  java.util.concurrent.locks.ReentrantReadWriteLock$Sync$ThreadLocalHoldCounter
 350:            24            384  java.util.concurrent.locks.ReentrantReadWriteLock$WriteLock
 351:             1            384  java.util.logging.LogManager$Cleaner
 352:            16            384  org.springframework.beans.factory.config.BeanDefinitionHolder
 353:             1            384  org.springframework.boot.web.embedded.tomcat.TomcatWebServer$1
 354:             1            384  org.springframework.context.support.AbstractApplicationContext$1
 355:            12            384  org.springframework.util.MimeType
 356:            24            384  sun.reflect.generics.tree.TypeVariableSignature
 357:            20            376  [Ljavax.management.MBeanParameterInfo;
 358:             1            376  java.lang.ref.Reference$ReferenceHandler
 359:            23            368  com.hzp.meet.demos.pojo.BytePOJO
 360:            23            368  com.sun.jmx.mbeanserver.NamedObject
 361:            21            360  [Lorg.springframework.core.MethodParameter;
 362:            15            360  com.fasterxml.jackson.core.JsonParser$Feature
 363:             9            360  com.sun.org.apache.xalan.internal.utils.XMLSecurityManager$Limit
 364:             9            360  java.lang.invoke.DirectMethodHandle$Constructor
 365:            15            360  javax.websocket.CloseReason$CloseCodes
 366:             9            360  org.springframework.beans.factory.support.DisposableBeanAdapter
 367:            14            336  ch.qos.logback.core.spi.ContextAwareBase
 368:            14            336  com.fasterxml.jackson.databind.util.LRUMap
 369:            21            336  java.lang.invoke.Invokers
 370:             3            336  java.net.SocksSocketImpl
 371:            21            336  java.util.AbstractMap$SimpleImmutableEntry
 372:            14            336  java.util.ArrayList$Itr
 373:            21            336  java.util.HashMap$Values
 374:             7            336  java.util.concurrent.ConcurrentHashMap$KeyIterator
 375:            21            336  java.util.regex.Pattern$BranchConn
 376:            13            320  [Lcom.sun.org.apache.xalan.internal.utils.FeaturePropertyBase$State;
 377:             7            320  [Lcom.sun.org.apache.xalan.internal.utils.XMLSecurityManager$State;
 378:             5            320  com.fasterxml.jackson.databind.introspect.AnnotatedClass
 379:            10            320  java.lang.OutOfMemoryError
 380:            20            320  java.time.format.DateTimeFormatterBuilder$CharLiteralPrinterParser
 381:             2            320  org.apache.tomcat.util.net.NioEndpoint$NioSocketWrapper
 382:            10            320  sun.security.jca.ProviderConfig
 383:            16            312  [Ljava.lang.management.PlatformComponent;
 384:            13            312  java.lang.invoke.SimpleMethodHandle
 385:            13            312  java.lang.management.ManagementPermission
 386:            13            312  java.net.InetSocketAddress$InetSocketAddressHolder
 387:            13            312  org.apache.coyote.AsyncStateMachine$AsyncState
 388:            19            304  com.sun.proxy.$Proxy22
 389:            19            304  java.lang.ThreadLocal
 390:            19            304  java.util.regex.Pattern$Single
 391:            19            304  sun.misc.MetaIndex
 392:             1            288  [Lorg.springframework.http.HttpStatus;
 393:             4            288  com.fasterxml.jackson.databind.DeserializationConfig
 394:             4            288  com.fasterxml.jackson.databind.SerializationConfig
 395:             4            288  com.fasterxml.jackson.databind.ser.DefaultSerializerProvider$Impl
 396:             6            288  java.nio.DirectLongBufferU
 397:            18            288  java.text.DateFormat$Field
 398:            12            288  java.util.BitSet
 399:             9            288  java.util.logging.Level
 400:            12            288  org.apache.catalina.LifecycleState
 401:            12            288  org.springframework.core.convert.support.GenericConversionService$ConverterFactoryAdapter
 402:             9            288  org.springframework.util.AntPathMatcher
 403:             7            280  com.sun.jmx.mbeanserver.DefaultMXBeanMappingFactory$CompositeMapping
 404:            17            272  [Ljavax.management.MBeanNotificationInfo;
 405:            17            272  com.sun.proxy.$Proxy3
 406:            17            272  sun.invoke.util.ValueConversions$WrapperCache
 407:            17            272  sun.reflect.generics.scope.MethodScope
 408:             3            264  java.net.DualStackPlainSocketImpl
 409:             3            264  org.apache.catalina.webresources.CachedResource
 410:             2            256  [Lcom.fasterxml.jackson.databind.DeserializationFeature;
 411:             2            256  [Lcom.fasterxml.jackson.databind.MapperFeature;
 412:             4            256  com.fasterxml.jackson.core.sym.ByteQuadsCanonicalizer
 413:             4            256  com.fasterxml.jackson.databind.ObjectMapper
 414:             4            256  com.fasterxml.jackson.databind.deser.DefaultDeserializationContext$Impl
 415:             4            256  com.fasterxml.jackson.datatype.jsr310.JavaTimeModule
 416:             8            256  com.intellij.rt.debugger.agent.CaptureStorage$WeakKey
 417:             8            256  java.lang.ClassValue$Entry
 418:             8            256  java.lang.Throwable
 419:             8            256  javax.management.MBeanNotificationInfo
 420:             8            256  sun.misc.ProxyGenerator$PrimitiveTypeInfo
 421:            16            256  sun.nio.ch.OptionKey
 422:            16            256  sun.nio.ch.SocketOptionRegistry$RegistryKey
 423:            15            240  [Ljavax.management.MBeanConstructorInfo;
 424:            10            240  com.fasterxml.jackson.core.JsonGenerator$Feature
 425:             5            240  com.fasterxml.jackson.databind.introspect.BasicBeanDescription
 426:            15            240  com.sun.proxy.$Proxy45
 427:            15            240  java.net.Inet4Address
 428:            10            240  java.util.Date
 429:            15            240  java.util.concurrent.atomic.AtomicReference
 430:             6            240  org.springframework.beans.PropertyValue
 431:             5            240  sun.management.MemoryPoolImpl
 432:             2            240  sun.nio.ch.WindowsSelectorImpl
 433:             7            232  [Lorg.springframework.boot.context.properties.source.ConfigurationPropertyName$ElementType;
 434:             2            224  [Lcom.fasterxml.jackson.databind.SerializationFeature;
 435:             8            224  [Ljava.lang.invoke.LambdaForm$BasicType;
 436:             4            224  com.fasterxml.jackson.core.sym.CharsToNameCanonicalizer
 437:             4            224  com.fasterxml.jackson.databind.MappingJsonFactory
 438:            14            224  com.fasterxml.jackson.databind.ser.std.ToStringSerializer
 439:            14            224  com.sun.proxy.$Proxy39
 440:            14            224  java.lang.invoke.LambdaFormEditor$Transform$Kind
 441:             7            224  java.util.HashMap$KeyIterator
 442:            14            224  java.util.concurrent.ConcurrentHashMap$KeySetView
 443:            14            224  java.util.concurrent.atomic.AtomicBoolean
 444:            14            224  java.util.regex.Pattern$Slice
 445:            14            224  java.util.regex.Pattern$Start
 446:            14            224  javax.management.StandardMBean
 447:            14            224  org.apache.tomcat.util.http.MimeHeaderField
 448:             7            224  org.springframework.boot.logging.logback.ColorConverter
 449:             4            224  org.springframework.util.LinkedCaseInsensitiveMap$1
 450:            14            224  org.springframework.web.servlet.mvc.condition.RequestMethodsRequestCondition
 451:             2            224  org.springframework.web.servlet.resource.ResourceHttpRequestHandler
 452:             7            224  sun.reflect.generics.reflectiveObjects.WildcardTypeImpl
 453:             4            224  sun.security.provider.SHA
 454:             3            216  java.util.concurrent.ThreadPoolExecutor
 455:             9            216  java.util.regex.Pattern$Ques
 456:             9            216  jdk.internal.org.objectweb.asm.Type
 457:             9            216  org.jetbrains.capture.org.objectweb.asm.Type
 458:             1            216  org.springframework.beans.factory.support.DefaultListableBeanFactory
 459:             9            216  org.springframework.boot.autoconfigure.condition.OnWebApplicationCondition
 460:             9            216  org.springframework.core.io.DefaultResourceLoader
 461:             9            216  org.springframework.core.io.FileSystemResource
 462:             9            216  sun.rmi.runtime.Log$LoggerLog
 463:             9            216  sun.util.logging.PlatformLogger$Level
 464:            13            208  com.sun.proxy.$Proxy23
 465:            13            208  java.net.InetSocketAddress
 466:             8            200  [Ljava.lang.CharSequence;
 467:             1            200  [Lorg.apache.coyote.ActionCode;
 468:             5            200  com.fasterxml.jackson.core.util.DefaultPrettyPrinter
 469:             5            200  java.lang.invoke.BoundMethodHandle$SpeciesData
 470:             5            200  java.lang.invoke.MethodHandleImpl$AsVarargsCollector
 471:             5            200  java.util.stream.StreamOpFlag
 472:             1            200  org.apache.tomcat.util.net.NioEndpoint
 473:             5            200  sun.management.MemoryPoolImpl$CollectionSensor
 474:             5            200  sun.management.MemoryPoolImpl$PoolSensor
 475:             2            192  [Ljava.lang.Thread;
 476:             6            192  [Ljava.lang.invoke.BoundMethodHandle$SpeciesData;
 477:             7            192  [Ljava.lang.invoke.LambdaForm$NamedFunction;
 478:             8            192  [Lorg.springframework.web.bind.annotation.RequestMethod;
 479:            12            192  ch.qos.logback.core.pattern.LiteralConverter
 480:             8            192  com.fasterxml.jackson.databind.module.SimpleSerializers
 481:             6            192  com.sun.org.apache.xalan.internal.utils.XMLSecurityManager
 482:            12            192  com.sun.proxy.$Proxy34
 483:            12            192  java.beans.PropertyChangeSupport
 484:            12            192  java.beans.PropertyChangeSupport$PropertyChangeListenerMap
 485:             3            192  java.lang.ClassValue$ClassValueMap
 486:             6            192  java.lang.invoke.LambdaForm$BasicType
 487:             4            192  java.lang.invoke.LambdaFormEditor$Transform
 488:             8            192  java.math.RoundingMode
 489:             6            192  java.nio.file.attribute.FileTime
 490:             3            192  java.security.SecureRandom
 491:            12            192  java.util.Collections$SetFromMap
 492:             8            192  java.util.RegularEnumSet
 493:             4            192  javax.management.openmbean.OpenMBeanOperationInfoSupport
 494:             1            192  org.apache.coyote.Request
 495:             4            192  org.apache.tomcat.util.descriptor.web.FilterDef
 496:            12            192  org.apache.tomcat.util.threads.TaskThread$WrappingRunnable
 497:            12            192  org.springframework.beans.factory.config.BeanExpressionContext
 498:             3            192  org.springframework.beans.factory.support.DefaultListableBeanFactory$NestedDependencyDescriptor
 499:            12            192  org.springframework.boot.autoconfigure.condition.OnPropertyCondition
 500:             6            192  org.springframework.boot.context.properties.source.ConfigurationPropertyName$Elements
 501:             6            192  org.springframework.core.io.ResourceEditor
 502:            12            192  org.springframework.format.datetime.standard.TemporalAccessorParser
 503:            12            192  org.springframework.format.datetime.standard.TemporalAccessorPrinter
 504:             2            184  [Ljava.text.DateFormat$Field;
 505:             9            176  [Lcom.fasterxml.jackson.databind.ser.Serializers;
 506:            11            176  com.fasterxml.jackson.annotation.JsonFormat$Shape
 507:            11            176  java.net.StandardSocketOptions$StdSocketOption
 508:            11            176  java.text.NumberFormat$Field
 509:             2            176  org.apache.catalina.deploy.NamingResourcesImpl
 510:            11            176  org.springframework.beans.factory.config.ConstructorArgumentValues
 511:            11            176  org.springframework.context.support.MessageSourceAccessor
 512:            11            176  org.springframework.util.AntPathMatcher$AntPathStringMatcher
 513:             3            168  com.fasterxml.jackson.datatype.jsr310.deser.InstantDeserializer
 514:             7            168  java.net.NetPermission
 515:             3            168  java.net.SocketPermission
 516:             1            168  org.apache.catalina.connector.Request
 517:             1            168  org.apache.catalina.core.StandardHost
 518:             7            168  org.springframework.cglib.proxy.CallbackInfo
 519:             7            168  org.springframework.core.annotation.AnnotationTypeMapping$MirrorSets$MirrorSet
 520:            10            160  [Ljava.lang.annotation.Annotation;
 521:             2            160  [Ljava.util.concurrent.RunnableScheduledFuture;
 522:             1            160  [[Ljava.math.BigInteger;
 523:             5            160  com.fasterxml.jackson.core.JsonEncoding
 524:             4            160  com.fasterxml.jackson.core.sym.ByteQuadsCanonicalizer$TableInfo
 525:             5            160  com.fasterxml.jackson.databind.cfg.DeserializerFactoryConfig
 526:            10            160  com.sun.proxy.$Proxy32
 527:            10            160  com.sun.proxy.$Proxy4
 528:            10            160  com.sun.proxy.$Proxy47
 529:             5            160  java.lang.ClassLoader$NativeLibrary
 530:            10            160  java.lang.annotation.ElementType
 531:             2            160  java.net.URI
 532:            10            160  java.util.Formatter$Flags
 533:             2            160  javax.management.remote.rmi.NoCallStackClassLoader
 534:             5            160  org.apache.catalina.core.StandardPipeline
 535:             2            160  org.apache.catalina.core.StandardWrapperValve
 536:            10            160  org.springframework.boot.autoconfigure.cache.CacheType
 537:             4            160  org.springframework.http.converter.json.MappingJackson2HttpMessageConverter
 538:            10            160  org.springframework.util.unit.DataSize
 539:             1            160  org.springframework.web.servlet.mvc.method.annotation.RequestMappingHandlerAdapter
 540:             4            160  sun.misc.URLClassPath
 541:             4            160  sun.nio.ch.SocketAdaptor
 542:             5            160  sun.rmi.transport.tcp.TCPEndpoint
 543:             1            152  org.apache.catalina.session.StandardManager
 544:             1            152  org.springframework.boot.web.embedded.tomcat.TomcatServletWebServerFactory
 545:             1            152  org.springframework.boot.web.servlet.context.AnnotationConfigServletWebServerApplicationContext
 546:             2            144  [Lcom.fasterxml.jackson.core.JsonParser$Feature;
 547:             9            144  com.sun.jmx.remote.util.ClassLogger
 548:             9            144  com.sun.proxy.$Proxy27
 549:             3            144  java.lang.ThreadGroup
 550:             3            144  java.nio.HeapCharBuffer
 551:             9            144  java.nio.file.attribute.PosixFilePermission
 552:             6            144  java.security.SecurityPermission
 553:             6            144  java.time.format.TextStyle
 554:             9            144  java.util.concurrent.ConcurrentLinkedQueue$Node
 555:             2            144  java.util.concurrent.ScheduledThreadPoolExecutor
 556:             9            144  java.util.logging.Level$KnownLevel
 557:             6            144  java.util.regex.Pattern$BnM
 558:             6            144  java.util.regex.Pattern$SingleI
 559:             1            144  org.apache.catalina.core.StandardServer
 560:             1            144  org.apache.coyote.http11.Http11NioProtocol
 561:             6            144  org.springframework.boot.context.properties.source.ConfigurationPropertyName
 562:             6            144  org.springframework.boot.context.properties.source.ConfigurationPropertyName$ElementType
 563:             6            144  org.springframework.context.event.AbstractApplicationEventMulticaster$CachedListenerRetriever
 564:             9            144  org.springframework.util.AntPathMatcher$PathSeparatorPatternCache
 565:             3            144  sun.nio.cs.StreamEncoder
 566:             1            136  [Ljava.time.temporal.ChronoField;
 567:             2            136  [[Ljava.lang.String;
 568:             1            136  org.springframework.boot.web.embedded.tomcat.TomcatEmbeddedWebappClassLoader
 569:             6            128  [Lcom.fasterxml.jackson.databind.deser.Deserializers;
 570:             2            128  [Lorg.apache.tomcat.util.http.MimeHeaderField;
 571:             4            128  [Lsun.invoke.util.ValueConversions$WrapperCache;
 572:             4            128  com.fasterxml.jackson.core.Base64Variant
 573:             4            128  com.fasterxml.jackson.core.Version
 574:             4            128  com.fasterxml.jackson.databind.cfg.ConfigOverrides
 575:             8            128  com.sun.proxy.$Proxy38
 576:             4            128  java.io.ObjectStreamClass$WeakClassKey
 577:             8            128  java.lang.invoke.MethodHandleImpl$Intrinsic
 578:             4            128  java.security.MessageDigest$Delegate
 579:             4            128  java.util.Collections$SynchronizedMap
 580:             4            128  java.util.IdentityHashMap
 581:             4            128  org.apache.catalina.core.ApplicationFilterConfig
 582:             1            128  org.apache.catalina.core.StandardEngine
 583:             4            128  org.apache.tomcat.util.descriptor.web.FilterMap
 584:             8            128  org.apache.tomcat.util.net.AbstractEndpoint$Handler$SocketState
 585:             4            128  org.springframework.beans.propertyeditors.CustomCollectionEditor
 586:             8            128  org.springframework.http.HttpMethod
 587:             4            128  org.springframework.http.converter.StringHttpMessageConverter
 588:             4            128  org.springframework.util.LinkedCaseInsensitiveMap
 589:             4            128  org.springframework.util.PropertyPlaceholderHelper
 590:             8            128  org.springframework.web.bind.annotation.RequestMethod
 591:             8            128  sun.reflect.generics.tree.Wildcard
 592:             3            120  [Lorg.springframework.http.HttpMethod;
 593:             5            120  com.fasterxml.jackson.core.util.DefaultIndenter
 594:             5            120  com.fasterxml.jackson.databind.cfg.SerializerFactoryConfig
 595:             5            120  com.fasterxml.jackson.databind.type.TypeFactory
 596:             5            120  com.sun.org.apache.xalan.internal.utils.XMLSecurityManager$State
 597:             5            120  java.util.Stack
 598:             3            120  java.util.concurrent.LinkedBlockingQueue
 599:             5            120  java.util.regex.Pattern$3
 600:             5            120  javax.management.StandardEmitterMBean
 601:             5            120  org.springframework.boot.ansi.AnsiStyle
 602:             5            120  org.springframework.boot.context.properties.bind.Bindable
 603:             5            120  org.springframework.http.HttpStatus$Series
 604:             5            120  org.springframework.http.converter.ResourceHttpMessageConverter
 605:             5            120  sun.misc.FloatingDecimal$PreparedASCIIToBinaryBuffer
 606:             5            120  sun.util.locale.provider.LocaleProviderAdapter$Type
 607:             2            112  [Lcom.fasterxml.jackson.core.JsonGenerator$Feature;
 608:             5            112  [Lcom.fasterxml.jackson.databind.deser.KeyDeserializers;
 609:             2            112  [Ljava.lang.invoke.MethodType;
 610:             2            112  [Lorg.springframework.boot.autoconfigure.cache.CacheType;
 611:             7            112  ch.qos.logback.classic.Level
 612:             7            112  com.fasterxml.jackson.annotation.JsonInclude$Include
 613:             7            112  com.fasterxml.jackson.annotation.PropertyAccessor
 614:             7            112  com.intellij.rt.debugger.agent.CaptureStorage$HardKey
 615:             7            112  com.sun.management.VMOption$Origin
 616:             7            112  com.sun.proxy.$Proxy17
 617:             7            112  com.sun.proxy.$Proxy29
 618:             2            112  java.io.ExpiringCache$1
 619:             7            112  java.util.Collections$SynchronizedSet
 620:             7            112  java.util.Collections$UnmodifiableCollection$1
 621:             1            112  org.apache.catalina.connector.Connector
 622:             7            112  org.apache.tomcat.util.net.SocketEvent
 623:             7            112  org.springframework.boot.logging.LogLevel
 624:            14            112  org.springframework.core.convert.support.ObjectToStringConverter
 625:             1            112  org.springframework.web.servlet.DispatcherServlet
 626:             7            112  org.springframework.web.servlet.mvc.method.annotation.RequestResponseBodyAdviceChain
 627:             7            112  sun.management.counter.Units
 628:             2            112  sun.nio.ch.SinkChannelImpl
 629:             2            112  sun.nio.ch.SourceChannelImpl
 630:             2            112  sun.rmi.transport.Target
 631:             1            104  org.apache.catalina.authenticator.NonLoginAuthenticator
 632:             1            104  org.apache.coyote.Response
 633:             1            104  org.apache.coyote.http11.Http11Processor
 634:             1            104  org.apache.tomcat.util.net.SocketProperties
 635:             1            104  org.springframework.web.servlet.view.InternalResourceViewResolver
 636:             2             96  [Lsun.nio.ch.SelectionKeyImpl;
 637:             1             96  ch.qos.logback.classic.LoggerContext
 638:             6             96  com.fasterxml.jackson.annotation.JsonAutoDetect$Visibility
 639:             4             96  com.fasterxml.jackson.core.JsonFactory$Feature
 640:             6             96  com.fasterxml.jackson.core.JsonParser$NumberType
 641:             4             96  com.fasterxml.jackson.core.sym.CharsToNameCanonicalizer$TableInfo
 642:             4             96  com.intellij.rt.debugger.agent.CaptureStorage$DeepCapturedStack
 643:             4             96  com.sun.jmx.mbeanserver.DefaultMXBeanMappingFactory$ArrayMapping
 644:             2             96  com.sun.jmx.mbeanserver.MBeanIntrospector$MBeanInfoMap
 645:             2             96  com.sun.jmx.mbeanserver.MBeanIntrospector$PerInterfaceMap
 646:             6             96  com.sun.org.apache.xalan.internal.utils.FeatureManager
 647:             6             96  com.sun.org.apache.xalan.internal.utils.XMLSecurityPropertyManager
 648:             6             96  com.sun.proxy.$Proxy44
 649:             4             96  java.lang.ThreadLocal$ThreadLocalMap
 650:             3             96  java.net.Inet6Address$Inet6AddressHolder
 651:             6             96  java.nio.channels.spi.AbstractInterruptibleChannel$1
 652:             4             96  java.rmi.server.UID
 653:             6             96  java.time.format.DateTimeFormatterBuilder$LocalizedPrinterParser
 654:             6             96  java.util.EnumMap$EntrySet
 655:             6             96  java.util.concurrent.ConcurrentLinkedQueue
 656:             6             96  java.util.concurrent.Executors$RunnableAdapter
 657:             4             96  java.util.concurrent.Semaphore$NonfairSync
 658:             4             96  java.util.regex.Pattern$1
 659:             4             96  javax.management.NotificationBroadcasterSupport
 660:             2             96  javax.management.openmbean.TabularType
 661:             4             96  org.apache.coyote.ErrorState
 662:             6             96  org.apache.coyote.http11.Http11InputBuffer$HeaderParsePosition
 663:             3             96  org.apache.tomcat.util.buf.UDecoder$DecodeException
 664:             4             96  org.apache.tomcat.util.collections.SynchronizedStack
 665:             4             96  org.apache.tomcat.util.http.SameSiteCookies
 666:             3             96  org.apache.tomcat.util.log.UserDataHelper
 667:             4             96  org.apache.tomcat.util.net.AbstractEndpoint$BindState
 668:             1             96  org.apache.tomcat.websocket.server.WsServerContainer
 669:             1             96  org.springframework.beans.GenericTypeAwarePropertyDescriptor
 670:             3             96  org.springframework.boot.context.properties.bind.JavaBeanBinder$BeanProperty
 671:             6             96  org.springframework.context.event.AbstractApplicationEventMulticaster$ListenerCacheKey
 672:             6             96  org.springframework.core.ResolvableType$SyntheticParameterizedType
 673:             6             96  org.springframework.core.ResolvableType$TypeVariablesVariableResolver
 674:             4             96  org.springframework.core.annotation.TypeMappedAnnotations$IsPresent
 675:             2             96  org.springframework.core.env.PropertySourcesPropertyResolver
 676:             3             96  org.springframework.http.converter.xml.Jaxb2RootElementHttpMessageConverter
 677:             3             96  org.springframework.http.converter.xml.SourceHttpMessageConverter
 678:             1             96  org.springframework.scheduling.concurrent.ThreadPoolTaskExecutor
 679:             6             96  org.springframework.util.LinkedMultiValueMap
 680:             4             96  org.springframework.web.method.annotation.RequestParamMethodArgumentResolver
 681:             3             96  org.springframework.web.servlet.mvc.method.annotation.HttpEntityMethodProcessor
 682:             1             96  org.springframework.web.servlet.mvc.method.annotation.RequestMappingHandlerMapping
 683:             3             96  org.springframework.web.servlet.mvc.method.annotation.RequestResponseBodyMethodProcessor
 684:             6             96  org.springframework.web.util.UrlPathHelper
 685:             6             96  sun.misc.PerfCounter
 686:             4             96  sun.security.provider.SecureRandom
 687:             3             88  [F
 688:             1             88  org.apache.coyote.http11.Http11InputBuffer
 689:             1             88  org.apache.tomcat.util.threads.ThreadPoolExecutor
 690:             1             88  org.springframework.boot.autoconfigure.web.ServerProperties$Tomcat
 691:             1             88  sun.misc.Launcher$AppClassLoader
 692:             1             88  sun.nio.ch.ServerSocketChannelImpl
 693:             1             88  sun.security.jca.ProviderList$1
 694:             1             88  sun.security.provider.Sun
 695:             2             80  [Lcom.fasterxml.jackson.annotation.PropertyAccessor;
 696:             5             80  [Lcom.fasterxml.jackson.databind.deser.ValueInstantiators;
 697:             1             80  [Ljava.nio.ByteBuffer;
 698:             1             80  [Ljava.time.temporal.ChronoUnit;
 699:             4             80  [Ljava.util.stream.Collector$Characteristics;
 700:             1             80  [Lorg.springframework.boot.ansi.AnsiColor;
 701:             2             80  [Lorg.springframework.boot.logging.LogLevel;
 702:             5             80  ch.qos.logback.core.pattern.parser.TokenStream$TokenizerState
 703:             5             80  ch.qos.logback.core.subst.Token$Type
 704:             5             80  com.fasterxml.jackson.annotation.Nulls
 705:             5             80  com.fasterxml.jackson.databind.deser.BeanDeserializerFactory
 706:             5             80  com.fasterxml.jackson.databind.ser.BeanSerializerFactory
 707:             5             80  com.fasterxml.jackson.databind.type.TypeParser
 708:             5             80  com.sun.org.apache.xalan.internal.utils.FeaturePropertyBase$State
 709:             2             80  java.io.BufferedWriter
 710:             2             80  java.io.ObjectStreamClass$FieldReflectorKey
 711:             2             80  java.lang.invoke.BoundMethodHandle$Species_L3
 712:             2             80  java.lang.invoke.BoundMethodHandle$Species_L4
 713:             2             80  java.lang.invoke.MethodHandleImpl$WrappedMember
 714:             5             80  java.time.format.SignStyle
 715:             2             80  java.util.Collections$SingletonMap
 716:             5             80  java.util.Collections$SingletonSet
 717:             2             80  java.util.concurrent.LinkedBlockingDeque
 718:             5             80  java.util.stream.StreamOpFlag$Type
 719:             5             80  javax.servlet.DispatcherType
 720:             5             80  javax.servlet.http.MappingMatch
 721:             1             80  org.apache.catalina.core.StandardService
 722:             1             80  org.apache.catalina.startup.Tomcat$SimpleRealm
 723:             1             80  org.apache.catalina.webresources.StandardRoot
 724:             1             80  org.apache.coyote.RequestGroupInfo
 725:             1             80  org.apache.coyote.RequestInfo
 726:             5             80  org.apache.tomcat.util.threads.InlineExecutorService
 727:             5             80  org.springframework.context.annotation.FilterType
 728:             1             80  org.springframework.context.support.PropertySourcesPlaceholderConfigurer
 729:             5             80  org.springframework.core.DefaultParameterNameDiscoverer
 730:             5             80  org.springframework.core.LocalVariableTableParameterNameDiscoverer
 731:             5             80  org.springframework.core.NamedThreadLocal
 732:             5             80  org.springframework.core.annotation.MergedAnnotations$SearchStrategy
 733:             1             80  org.springframework.jmx.export.annotation.AnnotationMBeanExporter
 734:             1             80  org.springframework.web.servlet.handler.BeanNameUrlHandlerMapping
 735:             1             80  org.springframework.web.servlet.handler.SimpleUrlHandlerMapping
 736:             2             80  sun.management.GarbageCollectorImpl
 737:             1             80  sun.misc.Launcher$ExtClassLoader
 738:             2             80  sun.nio.ch.SelectionKeyImpl
 739:             2             80  sun.nio.ch.WindowsSelectorImpl$FdMap
 740:             5             80  sun.nio.fs.WindowsPathType
 741:             1             72  [Ljava.lang.invoke.LambdaFormEditor$Transform$Kind;
 742:             3             72  [Ljava.lang.ref.WeakReference;
 743:             2             72  [Ljava.nio.file.attribute.PosixFilePermission;
 744:             1             72  [Ljavax.management.openmbean.SimpleType;
 745:             1             72  [Ljavax.websocket.CloseReason$CloseCodes;
 746:             2             72  [Lsun.security.jca.ProviderConfig;
 747:             1             72  ch.qos.logback.core.ConsoleAppender
 748:             3             72  ch.qos.logback.core.pattern.FormatInfo
 749:             3             72  com.fasterxml.jackson.databind.PropertyName
 750:             3             72  com.fasterxml.jackson.datatype.jsr310.deser.JSR310StringParsableDeserializer
 751:             3             72  com.sun.jmx.mbeanserver.DefaultMXBeanMappingFactory$EnumMapping
 752:             3             72  com.sun.org.apache.xalan.internal.utils.XMLSecurityManager$NameMap
 753:             3             72  java.io.OutputStreamWriter
 754:             3             72  java.net.Inet6Address
 755:             3             72  java.net.InetAddress$CacheEntry
 756:             3             72  java.rmi.server.ObjID
 757:             3             72  java.time.Instant
 758:             3             72  java.util.concurrent.CountDownLatch$Sync
 759:             1             72  java.util.logging.LogManager$RootLogger
 760:             3             72  java.util.regex.Pattern$5
 761:             3             72  java.util.stream.MatchOps$MatchKind
 762:             1             72  org.apache.catalina.servlets.DefaultServlet
 763:             3             72  org.apache.catalina.webresources.EmptyResource
 764:             3             72  org.apache.coyote.ContinueResponseTiming
 765:             3             72  org.apache.tomcat.util.buf.EncodedSolidusHandling
 766:             3             72  org.apache.tomcat.util.http.ConcurrentDateFormat
 767:             3             72  org.springframework.beans.factory.annotation.Autowire
 768:             3             72  org.springframework.beans.factory.support.DefaultListableBeanFactory$DependencyObjectProvider
 769:             1             72  org.springframework.boot.autoconfigure.web.ServerProperties
 770:             1             72  org.springframework.boot.autoconfigure.web.servlet.WebMvcAutoConfiguration$EnableWebMvcConfiguration
 771:             1             72  org.springframework.boot.autoconfigure.web.servlet.WelcomePageHandlerMapping
 772:             1             72  org.springframework.context.annotation.ClassPathBeanDefinitionScanner
 773:             3             72  org.springframework.http.converter.ByteArrayHttpMessageConverter
 774:             3             72  org.springframework.http.converter.ResourceRegionHttpMessageConverter
 775:             9             72  org.springframework.web.context.request.RequestScope
 776:             1             72  org.springframework.web.servlet.function.support.RouterFunctionMapping
 777:             1             72  org.springframework.web.servlet.mvc.ParameterizableViewController
 778:             1             72  org.springframework.web.servlet.mvc.method.annotation.ExceptionHandlerExceptionResolver
 779:             3             72  org.springframework.web.servlet.mvc.method.annotation.RequestAttributeMethodArgumentResolver
 780:             1             72  org.springframework.web.servlet.mvc.method.annotation.ServletInvocableHandlerMethod
 781:             3             72  org.springframework.web.servlet.mvc.method.annotation.SessionAttributeMethodArgumentResolver
 782:             3             72  sun.security.provider.PolicyFile$PolicyEntry
 783:             1             72  sun.util.locale.provider.JRELocaleProviderAdapter
 784:             3             72  sun.util.locale.provider.LocaleServiceProviderPool
 785:             4             64  [Lcom.fasterxml.jackson.databind.type.TypeModifier;
 786:             3             64  [Ljava.net.InetAddress;
 787:             2             64  [Ljava.util.stream.StreamOpFlag$Type;
 788:             2             64  [Ljavax.servlet.DispatcherType;
 789:             1             64  [Lorg.apache.catalina.LifecycleState;
 790:             1             64  [Lorg.apache.coyote.AsyncStateMachine$AsyncState;
 791:             2             64  [Lorg.apache.coyote.http11.InputFilter;
 792:             2             64  [Lorg.apache.coyote.http11.OutputFilter;
 793:             2             64  [Lorg.springframework.context.annotation.FilterType;
 794:             2             64  [Lorg.springframework.context.annotation.ScopedProxyMode;
 795:             3             64  [Lorg.springframework.core.io.Resource;
 796:             2             64  [Lorg.springframework.http.HttpStatus$Series;
 797:             2             64  [Lorg.springframework.util.ConcurrentReferenceHashMap$TaskOption;
 798:             1             64  ch.qos.logback.classic.PatternLayout
 799:             4             64  ch.qos.logback.core.pattern.parser.Token
 800:             4             64  ch.qos.logback.core.subst.Token
 801:             4             64  com.fasterxml.jackson.annotation.JsonCreator$Mode
 802:             2             64  com.fasterxml.jackson.core.io.SerializedString
 803:             4             64  com.fasterxml.jackson.databind.deser.DeserializerCache
 804:             4             64  com.fasterxml.jackson.databind.introspect.SimpleMixInResolver
 805:             4             64  com.fasterxml.jackson.databind.jsontype.impl.StdSubtypeResolver
 806:             4             64  com.fasterxml.jackson.databind.module.SimpleDeserializers
 807:             4             64  com.fasterxml.jackson.databind.module.SimpleKeyDeserializers
 808:             4             64  com.fasterxml.jackson.databind.ser.SerializerCache
 809:             4             64  com.fasterxml.jackson.databind.util.RootNameLookup
 810:             4             64  com.fasterxml.jackson.datatype.jsr310.JavaTimeModule$1
 811:             4             64  com.fasterxml.jackson.datatype.jsr310.ser.ZoneIdSerializer
 812:             1             64  com.fasterxml.jackson.module.paramnames.ParameterNamesModule
 813:             4             64  com.intellij.rt.debugger.agent.CaptureStorage$ExceptionCapturedStack
 814:             2             64  com.sun.jmx.mbeanserver.DefaultMXBeanMappingFactory$CollectionMapping
 815:             2             64  com.sun.jmx.mbeanserver.DefaultMXBeanMappingFactory$TabularMapping
 816:             4             64  com.sun.proxy.$Proxy1
 817:             4             64  com.sun.proxy.$Proxy37
 818:             4             64  com.sun.proxy.$Proxy8
 819:             2             64  java.io.ExpiringCache
 820:             2             64  java.io.FileOutputStream
 821:             2             64  java.io.PrintStream
 822:             4             64  java.lang.ClassValue$Version
 823:             2             64  java.lang.VirtualMachineError
 824:             2             64  java.lang.reflect.Proxy$Key2
 825:             4             64  java.rmi.server.Operation
 826:             4             64  java.time.format.DateTimeFormatterBuilder$OffsetIdPrinterParser
 827:             4             64  java.time.format.DateTimeFormatterBuilder$SettingsParser
 828:             4             64  java.time.format.FormatStyle
 829:             2             64  java.util.Locale$Category
 830:             1             64  java.util.ResourceBundle$RBClassLoader
 831:             4             64  java.util.concurrent.LinkedBlockingQueue$Node
 832:             2             64  java.util.concurrent.ScheduledThreadPoolExecutor$DelayedWorkQueue
 833:             4             64  java.util.concurrent.Semaphore
 834:             2             64  java.util.concurrent.atomic.AtomicReferenceFieldUpdater$AtomicReferenceFieldUpdaterImpl
 835:             4             64  java.util.regex.Pattern$CharProperty$1
 836:             4             64  java.util.stream.StreamShape
 837:             2             64  javax.management.MBeanConstructorInfo
 838:             1             64  org.apache.catalina.connector.InputBuffer
 839:             1             64  org.apache.catalina.connector.OutputBuffer
 840:             1             64  org.apache.catalina.connector.Response
 841:             1             64  org.apache.catalina.loader.WebappLoader
 842:             1             64  org.apache.catalina.webresources.DirResourceSet
 843:             4             64  org.apache.commons.logging.LogAdapter$LogApi
 844:             1             64  org.apache.coyote.http11.filters.ChunkedInputFilter
 845:             1             64  org.apache.tomcat.util.http.Parameters
 846:             4             64  org.apache.tomcat.util.log.UserDataHelper$Config
 847:             4             64  org.apache.tomcat.util.net.Acceptor$AcceptorState
 848:             2             64  org.apache.tomcat.util.threads.TaskThreadFactory
 849:             2             64  org.springframework.beans.factory.config.ConstructorArgumentValues$ValueHolder
 850:             1             64  org.springframework.beans.factory.config.DependencyDescriptor
 851:             2             64  org.springframework.beans.propertyeditors.CustomBooleanEditor
 852:             4             64  org.springframework.boot.autoconfigure.web.ErrorProperties$IncludeStacktrace
 853:             2             64  org.springframework.boot.availability.AvailabilityChangeEvent
 854:             4             64  org.springframework.boot.convert.CollectionToDelimitedStringConverter
 855:             1             64  org.springframework.boot.jackson.JsonComponentModule
 856:             2             64  org.springframework.cglib.proxy.Enhancer$EnhancerKey$$KeyFactoryByCGLIB$$4ce19e8f
 857:             1             64  org.springframework.context.annotation.CommonAnnotationBeanPostProcessor
 858:             2             64  org.springframework.context.annotation.ConditionEvaluator$ConditionContextImpl
 859:             1             64  org.springframework.context.annotation.ConfigurationClassPostProcessor
 860:             4             64  org.springframework.context.annotation.ScopedProxyMode
 861:             4             64  org.springframework.core.convert.support.CollectionToArrayConverter
 862:             4             64  org.springframework.core.convert.support.CollectionToStringConverter
 863:             4             64  org.springframework.util.ConcurrentReferenceHashMap$TaskOption
 864:             4             64  org.springframework.web.accept.ContentNegotiationManager
 865:             2             64  org.springframework.web.context.request.ServletRequestAttributes
 866:             1             64  org.springframework.web.context.request.async.StandardServletAsyncWebRequest
 867:             4             64  org.springframework.web.method.annotation.ModelAttributeMethodProcessor
 868:             4             64  org.springframework.web.servlet.resource.DefaultResourceResolverChain
 869:             2             64  sun.instrument.InstrumentationImpl
 870:             2             64  sun.management.MemoryManagerImpl
 871:             2             64  sun.misc.FloatingDecimal$BinaryToASCIIBuffer
 872:             2             64  sun.nio.ch.WindowsSelectorImpl$MapEntry
 873:             2             64  sun.nio.ch.WindowsSelectorImpl$SubSelector
 874:             2             64  sun.reflect.generics.repository.ConstructorRepository
 875:             2             64  sun.rmi.transport.WeakRef
 876:             2             64  sun.util.locale.provider.LocaleResources
 877:             1             56  [Lcom.fasterxml.jackson.annotation.JsonFormat$Shape;
 878:             1             56  [Ljava.lang.Runnable;
 879:             1             56  [Ljava.text.Format;
 880:             1             56  [Lorg.apache.catalina.core.ApplicationFilterConfig;
 881:             3             56  [Lorg.springframework.context.annotation.ComponentScan$Filter;
 882:             1             56  [[I
 883:             1             56  com.fasterxml.jackson.datatype.jsr310.ser.ZonedDateTimeSerializer
 884:             1             56  javax.management.remote.rmi.RMIConnectorServer
 885:             1             56  javax.management.remote.rmi.RMIJRMPServerImpl
 886:             1             56  org.apache.catalina.connector.CoyoteReader
 887:             1             56  org.apache.catalina.core.ApplicationContext
 888:             1             56  org.apache.catalina.mapper.Mapper$ContextVersion
 889:             1             56  org.apache.catalina.mapper.MappingData
 890:             1             56  org.apache.catalina.valves.ErrorReportValve
 891:             1             56  org.apache.tomcat.util.modeler.NoDescriptorRegistry$PassthroughMBean
 892:             1             56  org.springframework.asm.Label
 893:             1             56  org.springframework.boot.autoconfigure.jackson.JacksonProperties
 894:             1             56  org.springframework.boot.autoconfigure.template.TemplateAvailabilityProviders$1
 895:             1             56  org.springframework.boot.autoconfigure.web.ResourceProperties$Cache$Cachecontrol
 896:             1             56  org.springframework.boot.autoconfigure.web.ServerProperties$Tomcat$Accesslog
 897:             1             56  org.springframework.boot.autoconfigure.web.ServerProperties$Undertow
 898:             1             56  org.springframework.boot.autoconfigure.web.servlet.DispatcherServletRegistrationBean
 899:             1             56  org.springframework.boot.autoconfigure.web.servlet.WebMvcProperties
 900:             1             56  org.springframework.core.type.classreading.CachingMetadataReaderFactory$LocalResourceCache
 901:             1             56  org.springframework.expression.spel.support.StandardEvaluationContext
 902:             1             56  org.springframework.validation.support.BindingAwareModelMap
 903:             1             56  org.springframework.web.servlet.FlashMap
 904:             1             56  org.springframework.web.servlet.view.AbstractCachingViewResolver$2
 905:             3             48  [Lcom.fasterxml.jackson.databind.JavaType;
 906:             1             48  [Lcom.sun.beans.util.Cache$CacheEntry;
 907:             1             48  [Lcom.sun.org.apache.xalan.internal.utils.XMLSecurityManager$Limit;
 908:             2             48  [Ljava.lang.annotation.RetentionPolicy;
 909:             1             48  [Ljava.lang.invoke.MethodHandleImpl$Intrinsic;
 910:             1             48  [Ljava.math.RoundingMode;
 911:             2             48  [Ljava.nio.channels.SelectionKey;
 912:             2             48  [Ljava.rmi.server.Operation;
 913:             2             48  [Ljava.text.SimpleDateFormat;
 914:             2             48  [Ljavax.servlet.SessionTrackingMode;
 915:             3             48  [Lorg.apache.catalina.mapper.Mapper$MappedWrapper;
 916:             1             48  [Lorg.apache.tomcat.util.net.AbstractEndpoint$Handler$SocketState;
 917:             2             48  [Lorg.springframework.beans.factory.annotation.Autowire;
 918:             2             48  [Lorg.springframework.boot.ansi.AnsiOutput$Enabled;
 919:             2             48  [Lorg.springframework.boot.autoconfigure.condition.ConditionalOnWebApplication$Type;
 920:             2             48  [Lorg.springframework.boot.autoconfigure.condition.SearchStrategy;
 921:             2             48  [Lorg.springframework.core.annotation.MergedAnnotation$Adapt;
 922:             2             48  [Lorg.springframework.format.datetime.standard.DateTimeFormatterRegistrar$Type;
 923:             3             48  [Lsun.instrument.TransformerManager$TransformerInfo;
 924:             1             48  [Lsun.management.counter.Units;
 925:             1             48  [Lsun.util.logging.PlatformLogger$Level;
 926:             1             48  [[Ljava.lang.Object;
 927:             1             48  ch.qos.logback.classic.encoder.PatternLayoutEncoder
 928:             1             48  ch.qos.logback.classic.pattern.DateConverter
 929:             2             48  ch.qos.logback.core.joran.spi.ConsoleTarget
 930:             3             48  ch.qos.logback.core.spi.FilterReply
 931:             3             48  ch.qos.logback.core.subst.Tokenizer$TokenizerState
 932:             2             48  ch.qos.logback.core.util.COWArrayList
 933:             2             48  ch.qos.logback.core.util.CachingDateFormatter
 934:             3             48  com.fasterxml.jackson.databind.ser.std.NumberSerializer
 935:             2             48  com.fasterxml.jackson.databind.ser.std.NumberSerializers$DoubleSerializer
 936:             2             48  com.fasterxml.jackson.databind.ser.std.NumberSerializers$IntegerSerializer
 937:             2             48  com.fasterxml.jackson.databind.ser.std.NumberSerializers$LongSerializer
 938:             1             48  com.fasterxml.jackson.datatype.jsr310.ser.InstantSerializer
 939:             1             48  com.fasterxml.jackson.datatype.jsr310.ser.OffsetDateTimeSerializer
 940:             1             48  com.sun.jmx.mbeanserver.DefaultMXBeanMappingFactory$Mappings
 941:             2             48  com.sun.org.apache.xalan.internal.utils.XMLSecurityPropertyManager$Property
 942:             3             48  com.sun.proxy.$Proxy30
 943:             3             48  com.sun.proxy.$Proxy31
 944:             3             48  com.sun.proxy.$Proxy48
 945:             3             48  com.sun.proxy.$Proxy7
 946:             2             48  java.beans.MethodRef
 947:             2             48  java.io.BufferedOutputStream
 948:             3             48  java.lang.annotation.RetentionPolicy
 949:             3             48  java.lang.invoke.MethodHandles$Lookup
 950:             2             48  java.lang.ref.ReferenceQueue$Null
 951:             3             48  java.lang.reflect.Proxy$KeyX
 952:             2             48  java.lang.reflect.ReflectPermission
 953:             3             48  java.nio.charset.CodingErrorAction
 954:             3             48  java.text.AttributedCharacterIterator$Attribute
 955:             3             48  java.time.ZoneOffset
 956:             3             48  java.time.format.DateTimeFormatterBuilder$StringLiteralPrinterParser
 957:             2             48  java.time.format.DateTimeFormatterBuilder$TextPrinterParser
 958:             3             48  java.time.format.ResolverStyle
 959:             2             48  java.time.temporal.IsoFields$Unit
 960:             2             48  java.util.Currency
 961:             3             48  java.util.Hashtable$KeySet
 962:             2             48  java.util.Random
 963:             3             48  java.util.concurrent.ConcurrentHashMap$EntrySetView
 964:             3             48  java.util.concurrent.ConcurrentHashMap$ValuesView
 965:             3             48  java.util.concurrent.CountDownLatch
 966:             1             48  java.util.logging.LogManager
 967:             2             48  java.util.regex.Pattern$7
 968:             3             48  java.util.stream.Collector$Characteristics
 969:             1             48  java.util.zip.ZipFile$ZipFileInflaterInputStream
 970:             1             48  java.util.zip.ZipFile$ZipFileInputStream
 971:             3             48  javax.servlet.SessionTrackingMode
 972:             3             48  org.apache.catalina.authenticator.AuthenticatorBase$AllowCorsPreflight
 973:             1             48  org.apache.catalina.core.DefaultInstanceManager
 974:             1             48  org.apache.catalina.core.StandardContextValve
 975:             1             48  org.apache.catalina.core.StandardEngineValve
 976:             1             48  org.apache.catalina.core.StandardHostValve
 977:             1             48  org.apache.catalina.mapper.MapperListener
 978:             3             48  org.apache.catalina.realm.RealmBase$AllRolesMode
 979:             1             48  org.apache.catalina.startup.Tomcat
 980:             1             48  org.apache.catalina.util.StandardSessionIdGenerator
 981:             1             48  org.apache.catalina.webresources.Cache
 982:             3             48  org.apache.coyote.http11.Http11InputBuffer$HeaderParseStatus
 983:             1             48  org.apache.coyote.http11.Http11OutputBuffer
 984:             2             48  org.apache.tomcat.util.buf.UEncoder$SafeCharsSet
 985:             2             48  org.apache.tomcat.util.collections.SynchronizedQueue
 986:             2             48  org.apache.tomcat.util.http.MimeHeaders
 987:             2             48  org.apache.tomcat.util.http.parser.HttpParser
 988:             3             48  org.apache.tomcat.util.http.parser.SkipResult
 989:             3             48  org.apache.tomcat.util.log.UserDataHelper$Mode
 990:             1             48  org.apache.tomcat.util.modeler.NoDescriptorRegistry
 991:             2             48  org.apache.tomcat.util.net.NioChannel
 992:             1             48  org.apache.tomcat.util.net.NioSelectorPool
 993:             3             48  org.apache.tomcat.util.net.SendfileState
 994:             2             48  org.apache.tomcat.util.net.SocketBufferHandler
 995:             1             48  org.apache.tomcat.util.scan.StandardJarScanFilter
 996:             1             48  org.apache.tomcat.util.threads.TaskQueue
 997:             1             48  org.springframework.beans.factory.annotation.AutowiredAnnotationBeanPostProcessor
 998:             3             48  org.springframework.beans.factory.config.EmbeddedValueResolver
 999:             2             48  org.springframework.beans.propertyeditors.CharacterEditor
1000:             3             48  org.springframework.boot.Banner$Mode
1001:             3             48  org.springframework.boot.WebApplicationType
1002:             3             48  org.springframework.boot.ansi.AnsiOutput$Enabled
1003:             3             48  org.springframework.boot.autoconfigure.cache.CacheCondition
1004:             3             48  org.springframework.boot.autoconfigure.condition.ConditionalOnWebApplication$Type
1005:             3             48  org.springframework.boot.autoconfigure.condition.SearchStrategy
1006:             3             48  org.springframework.boot.autoconfigure.web.ErrorProperties$IncludeAttribute
1007:             3             48  org.springframework.boot.context.properties.source.ConfigurationPropertyName$Form
1008:             3             48  org.springframework.boot.context.properties.source.ConfigurationPropertyState
1009:             2             48  org.springframework.boot.logging.LoggerGroup
1010:             1             48  org.springframework.boot.logging.logback.ExtendedWhitespaceThrowableProxyConverter
1011:             1             48  org.springframework.boot.task.TaskExecutorBuilder
1012:             1             48  org.springframework.boot.web.embedded.tomcat.LazySessionIdGenerator
1013:             1             48  org.springframework.boot.web.servlet.filter.OrderedCharacterEncodingFilter
1014:             3             48  org.springframework.context.annotation.AnnotationScopeMetadataResolver
1015:             3             48  org.springframework.core.annotation.PackagesAnnotationFilter
1016:             3             48  org.springframework.core.convert.support.GenericConversionService$Converters
1017:             2             48  org.springframework.core.env.PropertiesPropertySource
1018:             2             48  org.springframework.core.type.filter.AnnotationTypeFilter
1019:             3             48  org.springframework.expression.spel.SpelCompilerMode
1020:             2             48  org.springframework.expression.spel.SpelParserConfiguration
1021:             3             48  org.springframework.format.datetime.standard.DateTimeFormatterRegistrar$Type
1022:             2             48  org.springframework.http.converter.support.AllEncompassingFormHttpMessageConverter
1023:             3             48  org.springframework.jmx.support.RegistrationPolicy
1024:             2             48  org.springframework.web.method.annotation.ExpressionValueMethodArgumentResolver
1025:             3             48  org.springframework.web.method.support.HandlerMethodArgumentResolverComposite
1026:             3             48  org.springframework.web.servlet.mvc.condition.ProducesRequestCondition
1027:             2             48  org.springframework.web.servlet.mvc.method.annotation.MatrixVariableMethodArgumentResolver
1028:             2             48  org.springframework.web.servlet.mvc.method.annotation.PathVariableMethodArgumentResolver
1029:             2             48  org.springframework.web.servlet.resource.DefaultResourceTransformerChain
1030:             2             48  org.springframework.web.servlet.resource.PathResourceResolver
1031:             1             48  org.springframework.web.servlet.view.ContentNegotiatingViewResolver
1032:             3             48  sun.instrument.TransformerManager
1033:             2             48  sun.instrument.TransformerManager$TransformerInfo
1034:             3             48  sun.misc.FloatingDecimal$ExceptionalBinaryToASCIIBuffer
1035:             2             48  sun.misc.URLClassPath$FileLoader
1036:             2             48  sun.nio.ch.AllocatedNativeObject
1037:             2             48  sun.nio.ch.PollArrayWrapper
1038:             2             48  sun.nio.ch.WindowsSelectorImpl$FinishLock
1039:             2             48  sun.nio.ch.WindowsSelectorImpl$StartLock
1040:             1             48  sun.rmi.runtime.Log$InternalStreamHandler
1041:             2             48  sun.rmi.transport.LiveRef
1042:             2             48  sun.rmi.transport.tcp.TCPTransport
1043:             2             48  sun.security.jca.ProviderList
1044:             1             40  [Lcom.fasterxml.jackson.annotation.JsonAutoDetect$Visibility;
1045:             1             40  [Lcom.fasterxml.jackson.annotation.JsonInclude$Include;
1046:             1             40  [Lcom.fasterxml.jackson.core.JsonParser$NumberType;
1047:             2             40  [Lcom.sun.jmx.mbeanserver.ClassLoaderRepositorySupport$LoaderEntry;
1048:             1             40  [Lcom.sun.management.VMOption$Origin;
1049:             1             40  [Ljava.time.format.TextStyle;
1050:             1             40  [Ljava.util.concurrent.TimeUnit;
1051:             1             40  [Lorg.apache.coyote.http11.Http11InputBuffer$HeaderParsePosition;
1052:             1             40  [Lorg.apache.tomcat.util.net.SocketEvent;
1053:             2             40  [Lorg.springframework.asm.Type;
1054:             2             40  [Lorg.springframework.boot.context.properties.source.PropertyMapper;
1055:             1             40  [Lorg.springframework.cglib.proxy.CallbackInfo;
1056:             1             40  ch.qos.logback.core.BasicStatusManager
1057:             1             40  com.fasterxml.jackson.annotation.JsonFormat$Value
1058:             1             40  com.fasterxml.jackson.databind.cfg.ConfigOverride$Empty
1059:             1             40  com.fasterxml.jackson.databind.util.StdDateFormat
1060:             1             40  com.sun.beans.finder.MethodFinder$1
1061:             1             40  com.sun.jmx.interceptor.DefaultMBeanServerInterceptor
1062:             1             40  com.sun.jmx.mbeanserver.MBeanServerDelegateImpl
1063:             1             40  java.lang.ProcessEnvironment
1064:             1             40  java.util.concurrent.ConcurrentSkipListMap
1065:             1             40  java.util.concurrent.locks.ReentrantReadWriteLock$FairSync
1066:             1             40  org.apache.catalina.core.ApplicationSessionCookieConfig
1067:             1             40  org.apache.catalina.realm.MessageDigestCredentialHandler
1068:             1             40  org.apache.coyote.http11.filters.IdentityInputFilter
1069:             1             40  org.apache.tomcat.util.buf.Utf8Decoder
1070:             1             40  org.apache.tomcat.util.modeler.AttributeInfo
1071:             1             40  org.apache.tomcat.util.net.NioEndpoint$Poller
1072:             1             40  org.slf4j.bridge.SLF4JBridgeHandler
1073:             1             40  org.springframework.beans.SimpleTypeConverter
1074:             1             40  org.springframework.beans.factory.annotation.AutowiredAnnotationBeanPostProcessor$AutowiredMethodElement
1075:             1             40  org.springframework.beans.factory.annotation.InitDestroyAnnotationBeanPostProcessor$1
1076:             1             40  org.springframework.boot.autoconfigure.web.ServerProperties$Jetty$Accesslog
1077:             1             40  org.springframework.boot.autoconfigure.web.ServerProperties$Servlet
1078:             1             40  org.springframework.boot.autoconfigure.web.servlet.WebMvcAutoConfiguration$WebMvcAutoConfigurationAdapter
1079:             1             40  org.springframework.boot.context.logging.LoggingApplicationListener
1080:             1             40  org.springframework.boot.web.servlet.filter.OrderedFormContentFilter
1081:             1             40  org.springframework.boot.web.servlet.filter.OrderedRequestContextFilter
1082:             1             40  org.springframework.boot.web.servlet.server.Session$Cookie
1083:             1             40  org.springframework.context.annotation.ConfigurationClassBeanDefinitionReader
1084:             5             40  org.springframework.core.StandardReflectionParameterNameDiscoverer
1085:             1             40  org.springframework.core.task.SimpleAsyncTaskExecutor
1086:             1             40  org.springframework.ui.context.support.ResourceBundleThemeSource
1087:             1             40  org.springframework.web.accept.ContentNegotiationManagerFactoryBean
1088:             1             40  org.springframework.web.context.request.ServletWebRequest
1089:             1             40  org.springframework.web.context.request.async.WebAsyncManager
1090:             1             40  org.springframework.web.cors.CorsConfiguration
1091:             5             40  org.springframework.web.cors.DefaultCorsProcessor
1092:             1             40  org.springframework.web.method.support.ModelAndViewContainer
1093:             1             40  org.springframework.web.servlet.handler.AbstractHandlerMethodMapping$MappingRegistry
1094:             1             40  org.springframework.web.servlet.mvc.annotation.ResponseStatusExceptionResolver
1095:             1             40  sun.misc.Cleaner
1096:             1             40  sun.nio.cs.ISO_8859_1$Decoder
1097:             1             40  sun.nio.cs.StandardCharsets$Aliases
1098:             1             40  sun.nio.cs.StandardCharsets$Cache
1099:             1             40  sun.nio.cs.StandardCharsets$Classes
1100:             2             32  [Lch.qos.logback.core.Appender;
1101:             1             32  [Lch.qos.logback.core.pattern.parser.TokenStream$TokenizerState;
1102:             1             32  [Lch.qos.logback.core.subst.Token$Type;
1103:             1             32  [Lcom.fasterxml.jackson.annotation.JsonCreator$Mode;
1104:             1             32  [Lcom.fasterxml.jackson.annotation.Nulls;
1105:             1             32  [Lcom.fasterxml.jackson.core.JsonEncoding;
1106:             1             32  [Lcom.fasterxml.jackson.core.JsonFactory$Feature;
1107:             2             32  [Ljava.beans.PropertyChangeListener;
1108:             2             32  [Ljava.lang.Enum;
1109:             1             32  [Ljava.lang.OutOfMemoryError;
1110:             2             32  [Ljava.lang.StackTraceElement;
1111:             1             32  [Ljava.lang.ThreadGroup;
1112:             1             32  [Ljava.lang.management.MemoryManagerMXBean;
1113:             1             32  [Ljava.lang.management.MemoryPoolMXBean;
1114:             2             32  [Ljava.net.InetSocketAddress;
1115:             1             32  [Ljava.time.format.DateTimeFormatterBuilder$SettingsParser;
1116:             1             32  [Ljava.time.format.FormatStyle;
1117:             1             32  [Ljava.time.format.SignStyle;
1118:             1             32  [Ljava.time.temporal.IsoFields$Field;
1119:             1             32  [Ljava.util.stream.StreamOpFlag;
1120:             1             32  [Ljava.util.stream.StreamShape;
1121:             1             32  [Ljavax.servlet.http.MappingMatch;
1122:             2             32  [Lorg.apache.catalina.WebResource;
1123:             1             32  [Lorg.apache.commons.logging.LogAdapter$LogApi;
1124:             1             32  [Lorg.apache.coyote.ErrorState;
1125:             1             32  [Lorg.apache.tomcat.util.descriptor.web.FilterMap;
1126:             1             32  [Lorg.apache.tomcat.util.http.SameSiteCookies;
1127:             1             32  [Lorg.apache.tomcat.util.http.ServerCookie;
1128:             1             32  [Lorg.apache.tomcat.util.log.UserDataHelper$Config;
1129:             1             32  [Lorg.apache.tomcat.util.net.AbstractEndpoint$BindState;
1130:             1             32  [Lorg.apache.tomcat.util.net.Acceptor$AcceptorState;
1131:             1             32  [Lorg.springframework.boot.ansi.AnsiStyle;
1132:             1             32  [Lorg.springframework.boot.autoconfigure.web.ErrorProperties$IncludeStacktrace;
1133:             1             32  [Lorg.springframework.boot.cloud.CloudPlatform;
1134:             1             32  [Lorg.springframework.core.annotation.MergedAnnotations$SearchStrategy;
1135:             1             32  [Lorg.springframework.core.annotation.TypeMappedAnnotations$IsPresent;
1136:             1             32  [Lsun.nio.fs.WindowsPathType;
1137:             1             32  [Lsun.util.locale.provider.LocaleProviderAdapter$Type;
1138:             1             32  [[Ljava.lang.invoke.LambdaForm$Name;
1139:             1             32  ch.qos.logback.classic.jul.LevelChangePropagator
1140:             1             32  ch.qos.logback.classic.pattern.LevelConverter
1141:             1             32  ch.qos.logback.classic.pattern.LineSeparatorConverter
1142:             1             32  ch.qos.logback.classic.pattern.LoggerConverter
1143:             1             32  ch.qos.logback.classic.pattern.MessageConverter
1144:             1             32  ch.qos.logback.classic.pattern.ThreadConverter
1145:             1             32  ch.qos.logback.core.helpers.CyclicBuffer
1146:             2             32  ch.qos.logback.core.subst.Node$Type
1147:             2             32  com.fasterxml.jackson.databind.introspect.AnnotationIntrospectorPair
1148:             4             32  com.fasterxml.jackson.databind.introspect.BasicClassIntrospector
1149:             1             32  com.fasterxml.jackson.databind.introspect.VisibilityChecker$Std
1150:             2             32  com.fasterxml.jackson.databind.node.JsonNodeFactory
1151:             2             32  com.fasterxml.jackson.databind.ser.std.BooleanSerializer
1152:             4             32  com.fasterxml.jackson.datatype.jdk8.Jdk8Deserializers
1153:             4             32  com.fasterxml.jackson.datatype.jdk8.Jdk8Serializers
1154:             4             32  com.fasterxml.jackson.datatype.jdk8.Jdk8TypeModifier
1155:             1             32  com.fasterxml.jackson.datatype.jsr310.deser.LocalDateDeserializer
1156:             1             32  com.fasterxml.jackson.datatype.jsr310.deser.LocalDateTimeDeserializer
1157:             1             32  com.fasterxml.jackson.datatype.jsr310.deser.LocalTimeDeserializer
1158:             1             32  com.fasterxml.jackson.datatype.jsr310.deser.MonthDayDeserializer
1159:             1             32  com.fasterxml.jackson.datatype.jsr310.deser.OffsetTimeDeserializer
1160:             1             32  com.fasterxml.jackson.datatype.jsr310.deser.YearDeserializer
1161:             1             32  com.fasterxml.jackson.datatype.jsr310.deser.YearMonthDeserializer
1162:             1             32  com.fasterxml.jackson.datatype.jsr310.ser.DurationSerializer
1163:             1             32  com.fasterxml.jackson.datatype.jsr310.ser.LocalDateSerializer
1164:             1             32  com.fasterxml.jackson.datatype.jsr310.ser.LocalDateTimeSerializer
1165:             1             32  com.fasterxml.jackson.datatype.jsr310.ser.LocalTimeSerializer
1166:             1             32  com.fasterxml.jackson.datatype.jsr310.ser.MonthDaySerializer
1167:             1             32  com.fasterxml.jackson.datatype.jsr310.ser.OffsetTimeSerializer
1168:             1             32  com.fasterxml.jackson.datatype.jsr310.ser.YearMonthSerializer
1169:             1             32  com.fasterxml.jackson.datatype.jsr310.ser.YearSerializer
1170:             1             32  com.hzp.meet.MeetApplication$$EnhancerBySpringCGLIB$$444a884b
1171:             2             32  com.intellij.rt.debugger.agent.CaptureAgent$ParamKeyProvider
1172:             2             32  com.sun.beans.WeakCache
1173:             2             32  com.sun.jmx.mbeanserver.ClassLoaderRepositorySupport$LoaderEntry
1174:             1             32  com.sun.jmx.mbeanserver.JmxMBeanServer
1175:             2             32  com.sun.jmx.mbeanserver.WeakIdentityHashMap
1176:             2             32  com.sun.proxy.$Proxy13
1177:             2             32  com.sun.proxy.$Proxy19
1178:             2             32  com.sun.proxy.$Proxy24
1179:             2             32  com.sun.proxy.$Proxy33
1180:             2             32  com.sun.proxy.$Proxy42
1181:             2             32  com.sun.proxy.$Proxy50
1182:             1             32  java.io.BufferedInputStream
1183:             2             32  java.io.File$PathStatus
1184:             1             32  java.io.FileInputStream
1185:             1             32  java.lang.ArithmeticException
1186:             2             32  java.lang.Boolean
1187:             4             32  java.lang.ClassValue$Identity
1188:             1             32  java.lang.Exception
1189:             1             32  java.lang.NullPointerException
1190:             2             32  java.lang.ThreadLocal$SuppliedThreadLocal
1191:             1             32  java.lang.reflect.WeakCache
1192:             1             32  java.lang.reflect.WeakCache$CacheKey
1193:             2             32  java.net.InetAddress
1194:             2             32  java.net.InetAddress$Cache
1195:             2             32  java.net.InetAddress$Cache$Type
1196:             2             32  java.net.SocketPermissionCollection
1197:             2             32  java.net.StandardProtocolFamily
1198:             2             32  java.nio.ByteOrder
1199:             1             32  java.nio.DirectByteBuffer$Deallocator
1200:             2             32  java.nio.channels.spi.AbstractSelector$1
1201:             2             32  java.nio.charset.CoderResult
1202:             1             32  java.text.DontCareFieldPosition
1203:             1             32  java.text.MessageFormat
1204:             1             32  java.time.format.DateTimeFormatterBuilder
1205:             2             32  java.time.format.DateTimeFormatterBuilder$1
1206:             2             32  java.time.format.DateTimeFormatterBuilder$ZoneIdPrinterParser
1207:             2             32  java.time.format.DateTimeTextProvider$LocaleStore
1208:             2             32  java.util.AbstractMap$1
1209:             2             32  java.util.Collections$UnmodifiableMap$UnmodifiableEntrySet
1210:             1             32  java.util.ResourceBundle$1
1211:             2             32  java.util.TreeSet
1212:             2             32  java.util.logging.ErrorManager
1213:             2             32  java.util.logging.Logger$LoggerBundle
1214:             2             32  java.util.regex.Pattern$Dollar
1215:             1             32  java.util.regex.Pattern$LazyLoop
1216:             1             32  javax.management.remote.JMXServiceURL
1217:             1             32  javax.servlet.MultipartConfigElement
1218:             1             32  org.apache.catalina.authenticator.jaspic.AuthConfigFactoryImpl
1219:             1             32  org.apache.catalina.core.ApplicationFilterChain
1220:             2             32  org.apache.catalina.core.StandardWrapperFacade
1221:             1             32  org.apache.catalina.mapper.Mapper$MappedHost
1222:             1             32  org.apache.catalina.servlets.DefaultServlet$Range
1223:             2             32  org.apache.catalina.util.ErrorPageSupport
1224:             2             32  org.apache.catalina.util.URLEncoder
1225:             1             32  org.apache.coyote.AbstractProtocol$RecycledProcessors
1226:             1             32  org.apache.coyote.AsyncStateMachine
1227:             1             32  org.apache.coyote.CompressionConfig
1228:             1             32  org.apache.coyote.http11.Http11InputBuffer$HeaderParseData
1229:             1             32  org.apache.coyote.http11.filters.ChunkedOutputFilter
1230:             1             32  org.apache.coyote.http11.filters.IdentityOutputFilter
1231:             1             32  org.apache.tomcat.util.buf.UEncoder
1232:             1             32  org.apache.tomcat.util.descriptor.web.LoginConfig
1233:             1             32  org.apache.tomcat.util.net.Acceptor
1234:             2             32  org.apache.tomcat.util.net.NioEndpoint$PollerEvent
1235:             2             32  org.apache.tomcat.util.net.WriteBuffer
1236:             1             32  org.apache.tomcat.util.threads.LimitLatch
1237:             1             32  org.apache.tomcat.util.threads.LimitLatch$Sync
1238:             1             32  org.springframework.beans.factory.support.BeanDefinitionDefaults
1239:             1             32  org.springframework.beans.propertyeditors.CustomMapEditor
1240:             1             32  org.springframework.beans.propertyeditors.URIEditor
1241:             1             32  org.springframework.boot.autoconfigure.condition.ConditionEvaluationReport
1242:             1             32  org.springframework.boot.autoconfigure.task.TaskExecutionProperties$Pool
1243:             1             32  org.springframework.boot.autoconfigure.web.ErrorProperties
1244:             2             32  org.springframework.boot.autoconfigure.web.ServerProperties$Jetty$Accesslog$FORMAT
1245:             1             32  org.springframework.boot.autoconfigure.web.ServerProperties$Jetty$Threads
1246:             1             32  org.springframework.boot.autoconfigure.web.ServerProperties$Tomcat$Remoteip
1247:             1             32  org.springframework.boot.autoconfigure.web.ServerProperties$Undertow$Accesslog
1248:             1             32  org.springframework.boot.autoconfigure.web.format.WebConversionService
1249:             1             32  org.springframework.boot.autoconfigure.web.servlet.MultipartProperties
1250:             2             32  org.springframework.boot.autoconfigure.web.servlet.WebMvcAutoConfiguration$AutoConfigurationResourceHandlerRegistry$RegistrationType
1251:             2             32  org.springframework.boot.autoconfigure.web.servlet.WebMvcProperties$LocaleResolver
1252:             2             32  org.springframework.boot.availability.LivenessState
1253:             2             32  org.springframework.boot.availability.ReadinessState
1254:             2             32  org.springframework.boot.context.properties.ConfigurationPropertiesBean$BindMethod
1255:             1             32  org.springframework.boot.context.properties.ConfigurationPropertiesBinder
1256:             1             32  org.springframework.boot.context.properties.bind.Binder
1257:             2             32  org.springframework.boot.context.properties.source.DefaultPropertyMapper$LastMapping
1258:             2             32  org.springframework.boot.context.properties.source.SpringConfigurationPropertySources
1259:             1             32  org.springframework.boot.convert.ApplicationConversionService
1260:             2             32  org.springframework.boot.convert.ArrayToDelimitedStringConverter
1261:             2             32  org.springframework.boot.convert.DelimitedStringToArrayConverter
1262:             2             32  org.springframework.boot.convert.DelimitedStringToCollectionConverter
1263:             2             32  org.springframework.boot.logging.DeferredLog
1264:             1             32  org.springframework.boot.logging.logback.LogbackLoggingSystem$1
1265:             1             32  org.springframework.boot.task.TaskSchedulerBuilder
1266:             1             32  org.springframework.boot.web.embedded.tomcat.TomcatWebServer
1267:             2             32  org.springframework.boot.web.server.MimeMappings
1268:             2             32  org.springframework.boot.web.server.Shutdown
1269:             1             32  org.springframework.boot.web.servlet.server.Encoding
1270:             2             32  org.springframework.boot.web.servlet.server.Encoding$Type
1271:             1             32  org.springframework.boot.web.servlet.server.Session
1272:             2             32  org.springframework.cglib.core.AbstractClassGenerator$Source
1273:             1             32  org.springframework.cglib.core.ClassNameReader$EarlyExitException
1274:             1             32  org.springframework.cglib.core.WeakCacheKey
1275:             2             32  org.springframework.cglib.proxy.DispatcherGenerator
1276:             1             32  org.springframework.cglib.proxy.MethodProxy
1277:             1             32  org.springframework.cglib.proxy.MethodProxy$CreateInfo
1278:             2             32  org.springframework.context.annotation.ConditionEvaluator
1279:             2             32  org.springframework.context.annotation.ConfigurationCondition$ConfigurationPhase
1280:             2             32  org.springframework.context.annotation.FullyQualifiedAnnotationBeanNameGenerator
1281:             1             32  org.springframework.context.event.EventListenerMethodProcessor
1282:             1             32  org.springframework.context.event.SimpleApplicationEventMulticaster
1283:             1             32  org.springframework.context.expression.StandardBeanExpressionResolver
1284:             2             32  org.springframework.context.support.ApplicationListenerDetector
1285:             1             32  org.springframework.context.support.DefaultLifecycleProcessor
1286:             2             32  org.springframework.core.Constants
1287:             2             32  org.springframework.core.NamedInheritableThreadLocal
1288:             2             32  org.springframework.core.ResolvableType$WildcardBounds$Kind
1289:             2             32  org.springframework.core.annotation.MergedAnnotation$Adapt
1290:             2             32  org.springframework.core.convert.support.ArrayToArrayConverter
1291:             2             32  org.springframework.core.convert.support.ArrayToCollectionConverter
1292:             2             32  org.springframework.core.convert.support.ArrayToObjectConverter
1293:             2             32  org.springframework.core.convert.support.ArrayToStringConverter
1294:             2             32  org.springframework.core.convert.support.ByteBufferConverter
1295:             2             32  org.springframework.core.convert.support.CollectionToCollectionConverter
1296:             2             32  org.springframework.core.convert.support.CollectionToObjectConverter
1297:             2             32  org.springframework.core.convert.support.EnumToIntegerConverter
1298:             2             32  org.springframework.core.convert.support.EnumToStringConverter
1299:             2             32  org.springframework.core.convert.support.GenericConversionService$NoOpConverter
1300:             2             32  org.springframework.core.convert.support.IdToEntityConverter
1301:             2             32  org.springframework.core.convert.support.MapToMapConverter
1302:             2             32  org.springframework.core.convert.support.ObjectToArrayConverter
1303:             2             32  org.springframework.core.convert.support.ObjectToCollectionConverter
1304:             2             32  org.springframework.core.convert.support.ObjectToOptionalConverter
1305:             2             32  org.springframework.core.convert.support.StreamConverter
1306:             2             32  org.springframework.core.convert.support.StringToArrayConverter
1307:             2             32  org.springframework.core.convert.support.StringToCollectionConverter
1308:             2             32  org.springframework.core.env.MutablePropertySources
1309:             1             32  org.springframework.core.io.support.ResourceArrayPropertyEditor
1310:             2             32  org.springframework.expression.TypedValue
1311:             2             32  org.springframework.expression.spel.standard.SpelExpressionParser
1312:             1             32  org.springframework.expression.spel.support.ReflectivePropertyAccessor
1313:             4             32  org.springframework.format.datetime.DateFormatterRegistrar$CalendarToDateConverter
1314:             4             32  org.springframework.format.datetime.DateFormatterRegistrar$CalendarToLongConverter
1315:             4             32  org.springframework.format.datetime.DateFormatterRegistrar$DateToCalendarConverter
1316:             4             32  org.springframework.format.datetime.DateFormatterRegistrar$DateToLongConverter
1317:             4             32  org.springframework.format.datetime.DateFormatterRegistrar$LongToCalendarConverter
1318:             4             32  org.springframework.format.datetime.DateFormatterRegistrar$LongToDateConverter
1319:             2             32  org.springframework.format.datetime.DateTimeFormatAnnotationFormatterFactory
1320:             2             32  org.springframework.format.datetime.standard.Jsr310DateTimeFormatAnnotationFormatterFactory
1321:             2             32  org.springframework.format.number.NumberFormatAnnotationFormatterFactory
1322:             2             32  org.springframework.jmx.export.annotation.AnnotationJmxAttributeSource
1323:             1             32  org.springframework.jndi.support.SimpleJndiBeanFactory
1324:             2             32  org.springframework.util.ConcurrentReferenceHashMap$ReferenceType
1325:             2             32  org.springframework.util.ConcurrentReferenceHashMap$Restructure
1326:             1             32  org.springframework.util.MimeTypeUtils$ConcurrentLruCache
1327:             4             32  org.springframework.web.accept.HeaderContentNegotiationStrategy
1328:             1             32  org.springframework.web.bind.support.ConfigurableWebBindingInitializer
1329:             1             32  org.springframework.web.context.support.StandardServletEnvironment
1330:             4             32  org.springframework.web.method.annotation.ModelMethodProcessor
1331:             2             32  org.springframework.web.method.support.HandlerMethodReturnValueHandlerComposite
1332:             1             32  org.springframework.web.servlet.config.annotation.PathMatchConfigurer
1333:             2             32  org.springframework.web.servlet.mvc.condition.ConsumesRequestCondition
1334:             2             32  org.springframework.web.servlet.mvc.condition.HeadersRequestCondition
1335:             2             32  org.springframework.web.servlet.mvc.condition.ProducesRequestCondition$ProduceMediaTypeExpression
1336:             2             32  org.springframework.web.servlet.mvc.method.annotation.ModelAndViewMethodReturnValueHandler
1337:             2             32  org.springframework.web.servlet.mvc.method.annotation.ServletModelAttributeMethodProcessor
1338:             2             32  org.springframework.web.servlet.mvc.method.annotation.ViewNameMethodReturnValueHandler
1339:             1             32  org.springframework.web.servlet.mvc.support.DefaultHandlerExceptionResolver
1340:             1             32  org.springframework.web.servlet.resource.ResourceUrlProvider
1341:             1             32  org.springframework.web.servlet.view.BeanNameViewResolver
1342:             1             32  org.springframework.web.servlet.view.DefaultRequestToViewNameTranslator
1343:             1             32  sun.management.DiagnosticCommandImpl
1344:             2             32  sun.management.ManagementFactoryHelper$1
1345:             2             32  sun.misc.NativeSignalHandler
1346:             2             32  sun.misc.Signal
1347:             2             32  sun.nio.ch.PipeImpl
1348:             1             32  sun.nio.ch.ServerSocketAdaptor
1349:             2             32  sun.nio.ch.Util$3
1350:             1             32  sun.nio.cs.ext.ExtendedCharsets
1351:             2             32  sun.reflect.generics.scope.ConstructorScope
1352:             2             32  sun.reflect.generics.tree.ArrayTypeSignature
1353:             1             32  sun.rmi.server.UnicastServerRef
1354:             1             32  sun.rmi.server.UnicastServerRef2
1355:             2             32  sun.rmi.transport.ObjectEndpoint
1356:             1             32  sun.rmi.transport.tcp.TCPTransport$AcceptLoop
1357:             2             32  sun.security.jca.ProviderList$3
1358:             1             32  sun.security.provider.PolicyFile
1359:             1             32  sun.security.provider.PolicyFile$PolicyInfo
1360:             1             24  [Lch.qos.logback.core.joran.spi.ConsoleTarget;
1361:             1             24  [Lch.qos.logback.core.spi.FilterReply;
1362:             1             24  [Lch.qos.logback.core.subst.Node$Type;
1363:             1             24  [Lch.qos.logback.core.subst.Tokenizer$TokenizerState;
1364:             1             24  [Lcom.sun.beans.util.Cache$Kind;
1365:             1             24  [Lcom.sun.org.apache.xalan.internal.utils.XMLSecurityManager$NameMap;
1366:             1             24  [Lcom.sun.org.apache.xalan.internal.utils.XMLSecurityPropertyManager$Property;
1367:             1             24  [Ljava.io.File$PathStatus;
1368:             1             24  [Ljava.net.InetAddress$Cache$Type;
1369:             1             24  [Ljava.net.StandardProtocolFamily;
1370:             1             24  [Ljava.time.format.ResolverStyle;
1371:             1             24  [Ljava.time.temporal.IsoFields$Unit;
1372:             1             24  [Ljava.util.Locale$Category;
1373:             1             24  [Ljava.util.stream.MatchOps$MatchKind;
1374:             1             24  [Lorg.apache.catalina.authenticator.AuthenticatorBase$AllowCorsPreflight;
1375:             1             24  [Lorg.apache.coyote.ContinueResponseTiming;
1376:             1             24  [Lorg.apache.coyote.http11.Http11InputBuffer$HeaderParseStatus;
1377:             1             24  [Lorg.apache.tomcat.util.buf.EncodedSolidusHandling;
1378:             1             24  [Lorg.apache.tomcat.util.buf.UEncoder$SafeCharsSet;
1379:             1             24  [Lorg.apache.tomcat.util.http.ConcurrentDateFormat;
1380:             1             24  [Lorg.apache.tomcat.util.http.parser.SkipResult;
1381:             1             24  [Lorg.apache.tomcat.util.log.UserDataHelper$Mode;
1382:             1             24  [Lorg.apache.tomcat.util.net.SendfileState;
1383:             1             24  [Lorg.springframework.boot.Banner$Mode;
1384:             1             24  [Lorg.springframework.boot.WebApplicationType;
1385:             1             24  [Lorg.springframework.boot.autoconfigure.condition.ConditionMessage$Style;
1386:             1             24  [Lorg.springframework.boot.autoconfigure.condition.FilteringSpringBootCondition$ClassNameFilter;
1387:             1             24  [Lorg.springframework.boot.autoconfigure.web.ErrorProperties$IncludeAttribute;
1388:             1             24  [Lorg.springframework.boot.autoconfigure.web.ServerProperties$Jetty$Accesslog$FORMAT;
1389:             1             24  [Lorg.springframework.boot.autoconfigure.web.servlet.WebMvcAutoConfiguration$AutoConfigurationResourceHandlerRegistry$RegistrationType;
1390:             1             24  [Lorg.springframework.boot.autoconfigure.web.servlet.WebMvcProperties$LocaleResolver;
1391:             1             24  [Lorg.springframework.boot.availability.LivenessState;
1392:             1             24  [Lorg.springframework.boot.availability.ReadinessState;
1393:             1             24  [Lorg.springframework.boot.context.properties.ConfigurationPropertiesBean$BindMethod;
1394:             1             24  [Lorg.springframework.boot.context.properties.bind.DataObjectBinder;
1395:             1             24  [Lorg.springframework.boot.context.properties.source.ConfigurationPropertyName$Form;
1396:             1             24  [Lorg.springframework.boot.context.properties.source.ConfigurationPropertyState;
1397:             1             24  [Lorg.springframework.boot.web.server.Shutdown;
1398:             1             24  [Lorg.springframework.boot.web.servlet.ServletContextInitializer;
1399:             1             24  [Lorg.springframework.boot.web.servlet.server.Encoding$Type;
1400:             1             24  [Lorg.springframework.cglib.proxy.Callback;
1401:             1             24  [Lorg.springframework.context.annotation.ConfigurationCondition$ConfigurationPhase;
1402:             1             24  [Lorg.springframework.context.annotation.MBeanExportConfiguration$SpecificPlatform;
1403:             1             24  [Lorg.springframework.core.ResolvableType$WildcardBounds$Kind;
1404:             1             24  [Lorg.springframework.core.annotation.IntrospectionFailureLogger;
1405:             1             24  [Lorg.springframework.expression.spel.SpelCompilerMode;
1406:             1             24  [Lorg.springframework.http.MediaType;
1407:             1             24  [Lorg.springframework.jmx.support.RegistrationPolicy;
1408:             1             24  [Lorg.springframework.util.ConcurrentReferenceHashMap$ReferenceType;
1409:             1             24  [Lorg.springframework.util.ConcurrentReferenceHashMap$Restructure;
1410:             1             24  [Lorg.springframework.web.servlet.HandlerInterceptor;
1411:             1             24  ch.qos.logback.classic.BasicConfigurator
1412:             1             24  ch.qos.logback.classic.spi.LoggerContextVO
1413:             3             24  ch.qos.logback.core.spi.LogbackLock
1414:             1             24  com.fasterxml.jackson.annotation.JsonInclude$Value
1415:             1             24  com.fasterxml.jackson.databind.introspect.AnnotatedClass$Creators
1416:             1             24  com.fasterxml.jackson.databind.ser.std.CalendarSerializer
1417:             1             24  com.fasterxml.jackson.databind.ser.std.DateSerializer
1418:             1             24  com.fasterxml.jackson.databind.ser.std.NumberSerializers$FloatSerializer
1419:             1             24  com.fasterxml.jackson.databind.ser.std.NumberSerializers$IntLikeSerializer
1420:             1             24  com.fasterxml.jackson.databind.ser.std.NumberSerializers$ShortSerializer
1421:             1             24  com.fasterxml.jackson.databind.type.TypeBindings
1422:             1             24  com.fasterxml.jackson.datatype.jsr310.deser.DurationDeserializer
1423:             1             24  com.sun.jmx.mbeanserver.ClassLoaderRepositorySupport
1424:             1             24  com.sun.jmx.mbeanserver.MXBeanLookup
1425:             1             24  com.sun.jmx.mbeanserver.Repository
1426:             1             24  com.sun.jmx.mbeanserver.StandardMBeanSupport
1427:             1             24  com.sun.org.apache.xalan.internal.utils.FeatureManager$Feature
1428:             1             24  java.io.SerializablePermission
1429:             1             24  java.io.WinNTFileSystem
1430:             1             24  java.lang.invoke.DirectMethodHandle$EnsureInitialized
1431:             1             24  java.lang.invoke.MethodHandleImpl$4
1432:             1             24  java.lang.invoke.MethodHandleImpl$ArrayAccessor$1
1433:             1             24  java.lang.invoke.MethodHandleImpl$BindCaller$1
1434:             1             24  java.net.Socket
1435:             1             24  java.time.format.DateTimeFormatterBuilder$FractionPrinterParser
1436:             1             24  java.util.Collections$SynchronizedRandomAccessList
1437:             1             24  java.util.PropertyPermissionCollection
1438:             1             24  java.util.concurrent.ConcurrentSkipListMap$HeadIndex
1439:             1             24  java.util.concurrent.ConcurrentSkipListMap$Node
1440:             1             24  java.util.concurrent.Executors$DefaultThreadFactory
1441:             1             24  java.util.concurrent.SynchronousQueue
1442:             1             24  java.util.logging.LogManager$LoggerContext
1443:             1             24  java.util.logging.LogManager$SystemLoggerContext
1444:             1             24  java.util.logging.LoggingPermission
1445:             1             24  org.apache.catalina.core.ApplicationContextFacade
1446:             1             24  org.apache.catalina.core.StandardContext$ContextFilterMaps
1447:             1             24  org.apache.catalina.mapper.Mapper
1448:             1             24  org.apache.catalina.mapper.Mapper$MappedContext
1449:             1             24  org.apache.catalina.mapper.Mapper$MappedWrapper
1450:             1             24  org.apache.catalina.startup.CatalinaBaseConfigurationSource
1451:             1             24  org.apache.catalina.util.ParameterMap
1452:             1             24  org.apache.coyote.AbstractProtocol$ConnectionHandler
1453:             1             24  org.apache.coyote.http11.filters.BufferedInputFilter
1454:             1             24  org.apache.coyote.http11.filters.GzipOutputFilter
1455:             1             24  org.apache.tomcat.util.buf.B2CConverter
1456:             1             24  org.apache.tomcat.util.buf.CharsetCache$DummyCharset
1457:             1             24  org.apache.tomcat.util.collections.ConcurrentCache
1458:             1             24  org.apache.tomcat.util.collections.ManagedConcurrentWeakHashMap
1459:             1             24  org.apache.tomcat.util.descriptor.web.ErrorPage
1460:             1             24  org.apache.tomcat.util.http.ServerCookies
1461:             1             24  org.apache.tomcat.util.net.NioBlockingSelector
1462:             1             24  org.apache.tomcat.util.net.NioChannel$1
1463:             1             24  org.apache.tomcat.util.net.NioEndpoint$SocketProcessor
1464:             1             24  org.apache.tomcat.util.net.SocketBufferHandler$1
1465:             1             24  org.apache.tomcat.util.scan.StandardJarScanner
1466:             1             24  org.apache.tomcat.websocket.server.WsWriteTimeout
1467:             1             24  org.slf4j.helpers.SubstituteLoggerFactory
1468:             1             24  org.slf4j.impl.StaticLoggerBinder
1469:             1             24  org.springframework.beans.AbstractNestablePropertyAccessor$PropertyTokenHolder
1470:             1             24  org.springframework.beans.factory.annotation.InjectionMetadata$1
1471:             1             24  org.springframework.beans.factory.config.RuntimeBeanReference
1472:             1             24  org.springframework.beans.propertyeditors.ByteArrayPropertyEditor
1473:             1             24  org.springframework.beans.propertyeditors.CharArrayPropertyEditor
1474:             1             24  org.springframework.beans.propertyeditors.CharsetEditor
1475:             1             24  org.springframework.beans.propertyeditors.ClassArrayEditor
1476:             1             24  org.springframework.beans.propertyeditors.ClassEditor
1477:             1             24  org.springframework.beans.propertyeditors.CurrencyEditor
1478:             1             24  org.springframework.beans.propertyeditors.FileEditor
1479:             1             24  org.springframework.beans.propertyeditors.InputSourceEditor
1480:             1             24  org.springframework.beans.propertyeditors.InputStreamEditor
1481:             1             24  org.springframework.beans.propertyeditors.LocaleEditor
1482:             1             24  org.springframework.beans.propertyeditors.PathEditor
1483:             1             24  org.springframework.beans.propertyeditors.PatternEditor
1484:             1             24  org.springframework.beans.propertyeditors.PropertiesEditor
1485:             1             24  org.springframework.beans.propertyeditors.ReaderEditor
1486:             1             24  org.springframework.beans.propertyeditors.TimeZoneEditor
1487:             1             24  org.springframework.beans.propertyeditors.URLEditor
1488:             1             24  org.springframework.beans.propertyeditors.UUIDEditor
1489:             1             24  org.springframework.beans.propertyeditors.ZoneIdEditor
1490:             1             24  org.springframework.boot.DefaultApplicationArguments$Source
1491:             1             24  org.springframework.boot.admin.SpringApplicationAdminMXBeanRegistrar
1492:             1             24  org.springframework.boot.autoconfigure.freemarker.FreeMarkerTemplateAvailabilityProvider
1493:             1             24  org.springframework.boot.autoconfigure.groovy.template.GroovyTemplateAvailabilityProvider
1494:             1             24  org.springframework.boot.autoconfigure.jmx.ParentAwareNamingStrategy
1495:             1             24  org.springframework.boot.autoconfigure.logging.ConditionEvaluationReportLoggingListener
1496:             1             24  org.springframework.boot.autoconfigure.task.TaskExecutionProperties
1497:             1             24  org.springframework.boot.autoconfigure.task.TaskSchedulingProperties
1498:             1             24  org.springframework.boot.autoconfigure.template.TemplateAvailabilityProviders
1499:             1             24  org.springframework.boot.autoconfigure.web.ResourceProperties
1500:             1             24  org.springframework.boot.autoconfigure.web.ResourceProperties$Chain
1501:             1             24  org.springframework.boot.autoconfigure.web.ResourceProperties$Fixed
1502:             1             24  org.springframework.boot.autoconfigure.web.ServerProperties$Jetty
1503:             1             24  org.springframework.boot.autoconfigure.web.servlet.WebMvcProperties$Contentnegotiation
1504:             1             24  org.springframework.boot.autoconfigure.web.servlet.WebMvcProperties$Format
1505:             1             24  org.springframework.boot.autoconfigure.web.servlet.error.BasicErrorController
1506:             1             24  org.springframework.boot.autoconfigure.web.servlet.error.DefaultErrorViewResolver
1507:             1             24  org.springframework.boot.context.config.ConfigFileApplicationListener
1508:             1             24  org.springframework.boot.context.properties.ConfigurationPropertiesBindingPostProcessor
1509:             1             24  org.springframework.boot.context.properties.bind.JavaBeanBinder$Bean
1510:             1             24  org.springframework.boot.context.properties.source.ConfigurationProperty
1511:             1             24  org.springframework.boot.context.properties.source.ConfigurationPropertySourcesPropertySource
1512:             1             24  org.springframework.boot.env.OriginTrackedMapPropertySource
1513:             1             24  org.springframework.boot.env.RandomValuePropertySource
1514:             1             24  org.springframework.boot.env.SystemEnvironmentPropertySourceEnvironmentPostProcessor$OriginAwareSystemEnvironmentPropertySource
1515:             1             24  org.springframework.boot.web.server.Compression
1516:             1             24  org.springframework.boot.web.server.ErrorPage
1517:             1             24  org.springframework.boot.web.servlet.context.WebApplicationContextServletContextAwareProcessor
1518:             1             24  org.springframework.boot.web.servlet.context.WebServerStartStopLifecycle
1519:             1             24  org.springframework.boot.web.servlet.server.Jsp
1520:             1             24  org.springframework.cglib.core.AbstractClassGenerator$ClassLoaderData
1521:             1             24  org.springframework.cglib.core.EmitUtils$ArrayDelimiters
1522:             1             24  org.springframework.cglib.core.MethodWrapper$MethodWrapperKey$$KeyFactoryByCGLIB$$552be97a
1523:             1             24  org.springframework.cglib.core.internal.LoadingCache
1524:             1             24  org.springframework.cglib.proxy.Enhancer$EnhancerFactoryData
1525:             1             24  org.springframework.context.annotation.AnnotatedBeanDefinitionReader
1526:             1             24  org.springframework.context.annotation.ConfigurationClassParser$ImportStack
1527:             1             24  org.springframework.context.annotation.ContextAnnotationAutowireCandidateResolver
1528:             1             24  org.springframework.context.annotation.MBeanExportConfiguration$SpecificPlatform$1
1529:             1             24  org.springframework.context.annotation.MBeanExportConfiguration$SpecificPlatform$2
1530:             1             24  org.springframework.context.event.AbstractApplicationEventMulticaster$DefaultListenerRetriever
1531:             1             24  org.springframework.context.event.EventExpressionEvaluator
1532:             1             24  org.springframework.context.support.DelegatingMessageSource
1533:             1             24  org.springframework.context.support.PropertySourcesPlaceholderConfigurer$1
1534:             1             24  org.springframework.core.annotation.TypeMappedAnnotations$Aggregate
1535:             1             24  org.springframework.core.env.MapPropertySource
1536:             1             24  org.springframework.core.env.PropertySource$StubPropertySource
1537:             1             24  org.springframework.core.task.SimpleAsyncTaskExecutor$ConcurrencyThrottleAdapter
1538:             1             24  org.springframework.jmx.export.assembler.MetadataMBeanInfoAssembler
1539:             1             24  org.springframework.objenesis.SpringObjenesis
1540:             1             24  org.springframework.web.accept.MappingMediaTypeFileExtensionResolver
1541:             1             24  org.springframework.web.context.support.ServletContextPropertySource
1542:             3             24  org.springframework.web.method.annotation.MapMethodProcessor
1543:             1             24  org.springframework.web.method.annotation.ModelFactory
1544:             1             24  org.springframework.web.method.annotation.RequestHeaderMethodArgumentResolver
1545:             1             24  org.springframework.web.method.annotation.SessionAttributesHandler
1546:             1             24  org.springframework.web.servlet.HandlerExecutionChain
1547:             1             24  org.springframework.web.servlet.mvc.method.RequestMappingInfo$BuilderConfiguration
1548:             1             24  org.springframework.web.servlet.mvc.method.annotation.ReactiveTypeHandler
1549:             1             24  org.springframework.web.servlet.mvc.method.annotation.RequestPartMethodArgumentResolver
1550:             1             24  org.springframework.web.servlet.mvc.method.annotation.ResponseBodyEmitterReturnValueHandler
1551:             1             24  org.springframework.web.servlet.mvc.method.annotation.ServletCookieValueMethodArgumentResolver
1552:             3             24  org.springframework.web.servlet.mvc.method.annotation.ServletRequestMethodArgumentResolver
1553:             3             24  org.springframework.web.servlet.mvc.method.annotation.ServletResponseMethodArgumentResolver
1554:             1             24  org.springframework.web.servlet.support.SessionFlashMapManager
1555:             1             24  sun.management.MemoryImpl
1556:             1             24  sun.management.RuntimeImpl
1557:             1             24  sun.management.VMManagementImpl
1558:             1             24  sun.management.jmxremote.LocalRMIServerSocketFactory$1
1559:             1             24  sun.misc.JarIndex
1560:             3             24  sun.net.www.protocol.jar.Handler
1561:             1             24  sun.nio.ch.Util$BufferCache
1562:             1             24  sun.nio.cs.ISO_8859_1
1563:             1             24  sun.nio.cs.StandardCharsets
1564:             1             24  sun.nio.cs.US_ASCII
1565:             1             24  sun.nio.cs.UTF_16
1566:             1             24  sun.nio.cs.UTF_16BE
1567:             1             24  sun.nio.cs.UTF_16LE
1568:             1             24  sun.nio.cs.UTF_8
1569:             1             24  sun.nio.cs.ext.GBK
1570:             1             24  sun.nio.fs.WindowsFileSystem
1571:             1             24  sun.nio.fs.WindowsSecurityDescriptor
1572:             1             24  sun.rmi.transport.proxy.RMIMasterSocketFactory
1573:             1             16  [Lch.qos.logback.core.filter.Filter;
1574:             1             16  [Lcom.fasterxml.jackson.databind.AbstractTypeResolver;
1575:             1             16  [Lcom.fasterxml.jackson.databind.deser.BeanDeserializerModifier;
1576:             1             16  [Lcom.fasterxml.jackson.databind.ser.BeanSerializerModifier;
1577:             1             16  [Lcom.fasterxml.jackson.databind.util.ClassUtil$Ctor;
1578:             1             16  [Lcom.sun.org.apache.xalan.internal.utils.FeatureManager$Feature;
1579:             1             16  [Ljava.beans.EventSetDescriptor;
1580:             1             16  [Ljava.beans.PropertyDescriptor;
1581:             1             16  [Ljava.lang.Throwable;
1582:             1             16  [Ljava.lang.reflect.Field;
1583:             1             16  [Ljava.nio.file.attribute.FileAttribute;
1584:             1             16  [Ljava.security.Provider;
1585:             1             16  [Ljava.security.cert.Certificate;
1586:             1             16  [Ljava.text.FieldPosition;
1587:             1             16  [Ljava.util.logging.Handler;
1588:             1             16  [Lorg.apache.catalina.Service;
1589:             1             16  [Lorg.apache.catalina.connector.Connector;
1590:             1             16  [Lorg.apache.catalina.core.DefaultInstanceManager$AnnotationCacheEntry;
1591:             1             16  [Lorg.apache.catalina.mapper.Mapper$ContextVersion;
1592:             1             16  [Lorg.apache.catalina.mapper.Mapper$MappedContext;
1593:             1             16  [Lorg.apache.catalina.mapper.Mapper$MappedHost;
1594:             1             16  [Lorg.apache.catalina.servlets.DefaultServlet$CompressionFormat;
1595:             1             16  [Lorg.apache.tomcat.util.descriptor.web.ApplicationParameter;
1596:             1             16  [Lorg.apache.tomcat.util.descriptor.web.SecurityConstraint;
1597:             1             16  [Lorg.apache.tomcat.util.modeler.NotificationInfo;
1598:             1             16  [Lorg.springframework.beans.factory.config.DependencyDescriptor;
1599:             1             16  [Lorg.springframework.boot.context.ConfigurationWarningsApplicationContextInitializer$Check;
1600:             1             16  [Lorg.springframework.boot.context.properties.source.ConfigurationPropertyName;
1601:             1             16  [Lorg.springframework.web.context.request.async.CallableProcessingInterceptor;
1602:             1             16  [Lorg.springframework.web.context.request.async.DeferredResultProcessingInterceptor;
1603:             1             16  [Lsun.launcher.LauncherHelper;
1604:             1             16  [Lsun.misc.JavaSecurityProtectionDomainAccess$ProtectionDomainCache;
1605:             1             16  ch.qos.logback.classic.pattern.TargetLengthBasedClassNameAbbreviator
1606:             1             16  ch.qos.logback.classic.selector.DefaultContextSelector
1607:             1             16  ch.qos.logback.classic.spi.TurboFilterList
1608:             1             16  ch.qos.logback.classic.util.ContextSelectorStaticBinder
1609:             1             16  ch.qos.logback.classic.util.LogbackMDCAdapter
1610:             1             16  ch.qos.logback.core.LifeCycleManager
1611:             1             16  ch.qos.logback.core.spi.AppenderAttachableImpl
1612:             1             16  ch.qos.logback.core.spi.FilterAttachableImpl
1613:             1             16  com.fasterxml.jackson.annotation.JsonFormat$Features
1614:             1             16  com.fasterxml.jackson.annotation.JsonSetter$Value
1615:             1             16  com.fasterxml.jackson.core.util.Separators
1616:             1             16  com.fasterxml.jackson.databind.cfg.ContextAttributes$Impl
1617:             1             16  com.fasterxml.jackson.databind.ext.Java7SupportImpl
1618:             1             16  com.fasterxml.jackson.databind.introspect.JacksonAnnotationIntrospector
1619:             1             16  com.fasterxml.jackson.databind.ser.impl.FailingSerializer
1620:             1             16  com.fasterxml.jackson.databind.ser.impl.UnknownSerializer
1621:             1             16  com.fasterxml.jackson.databind.ser.std.NullSerializer
1622:             1             16  com.fasterxml.jackson.databind.ser.std.StringSerializer
1623:             1             16  com.fasterxml.jackson.databind.ser.std.UUIDSerializer
1624:             1             16  com.fasterxml.jackson.module.paramnames.ParameterNamesAnnotationIntrospector
1625:             1             16  com.hzp.meet.demos.web.JstackController
1626:             1             16  com.hzp.meet.demos.web.ThreadLocalTestController
1627:             1             16  com.hzp.meet.demos.web.ThreadPoolExecutorTestController
1628:             1             16  com.intellij.rt.debugger.agent.CaptureAgent$FieldKeyProvider
1629:             1             16  com.intellij.rt.debugger.agent.CaptureStorage$1
1630:             1             16  com.sun.beans.util.Cache$Kind$1
1631:             1             16  com.sun.beans.util.Cache$Kind$2
1632:             1             16  com.sun.beans.util.Cache$Kind$3
1633:             1             16  com.sun.jmx.mbeanserver.DescriptorCache
1634:             1             16  com.sun.jmx.mbeanserver.MBeanInstantiator
1635:             1             16  com.sun.jmx.mbeanserver.MXBeanIntrospector
1636:             1             16  com.sun.jmx.mbeanserver.SecureClassLoaderRepository
1637:             1             16  com.sun.proxy.$Proxy11
1638:             1             16  com.sun.proxy.$Proxy12
1639:             1             16  com.sun.proxy.$Proxy14
1640:             1             16  com.sun.proxy.$Proxy16
1641:             1             16  com.sun.proxy.$Proxy18
1642:             1             16  com.sun.proxy.$Proxy2
1643:             1             16  com.sun.proxy.$Proxy21
1644:             1             16  com.sun.proxy.$Proxy35
1645:             1             16  com.sun.proxy.$Proxy53
1646:             1             16  com.sun.proxy.$Proxy9
1647:             1             16  java.lang.Double
1648:             1             16  java.lang.Float
1649:             1             16  java.lang.InheritableThreadLocal
1650:             1             16  java.lang.ProcessEnvironment$CheckedKeySet
1651:             2             16  java.lang.Shutdown$Lock
1652:             1             16  java.lang.StringBuilder
1653:             1             16  java.lang.invoke.MethodType$ConcurrentWeakInternSet
1654:             1             16  java.net.Inet6AddressImpl
1655:             1             16  java.nio.Bits$1$1
1656:             1             16  java.nio.charset.CoderResult$1
1657:             1             16  java.nio.charset.CoderResult$2
1658:             1             16  java.rmi.server.RemoteObjectInvocationHandler
1659:             1             16  java.rmi.server.RemoteObjectInvocationHandler$MethodToHash_Maps
1660:             1             16  java.security.AllPermission
1661:             1             16  java.security.AllPermissionCollection
1662:             1             16  java.security.Policy$PolicyInfo
1663:             1             16  java.security.Policy$UnsupportedEmptyCollection
1664:             1             16  java.security.ProtectionDomain$2$1
1665:             1             16  java.text.DontCareFieldPosition$1
1666:             1             16  java.time.format.DateTimeFormatterBuilder$InstantPrinterParser
1667:             1             16  java.time.format.DecimalStyle
1668:             1             16  java.time.temporal.IsoFields$Field$1
1669:             1             16  java.time.temporal.IsoFields$Field$2
1670:             1             16  java.time.temporal.IsoFields$Field$3
1671:             1             16  java.time.temporal.IsoFields$Field$4
1672:             1             16  java.util.Collections$EmptyList
1673:             1             16  java.util.Collections$EmptyMap
1674:             1             16  java.util.Comparator$$Lambda$6/7124096
1675:             1             16  java.util.Hashtable$EntrySet
1676:             1             16  java.util.IdentityHashMap$EntrySet
1677:             1             16  java.util.IdentityHashMap$Values
1678:             1             16  java.util.Locale$Cache
1679:             1             16  java.util.Optional
1680:             1             16  java.util.ResourceBundle$Control$CandidateListCache
1681:             1             16  java.util.WeakHashMap$KeySet
1682:             1             16  java.util.concurrent.ConcurrentSkipListSet
1683:             1             16  java.util.concurrent.SynchronousQueue$TransferStack
1684:             2             16  java.util.concurrent.ThreadPoolExecutor$AbortPolicy
1685:             1             16  java.util.concurrent.TimeUnit$1
1686:             1             16  java.util.concurrent.TimeUnit$2
1687:             1             16  java.util.concurrent.TimeUnit$3
1688:             1             16  java.util.concurrent.TimeUnit$4
1689:             1             16  java.util.concurrent.TimeUnit$5
1690:             1             16  java.util.concurrent.TimeUnit$6
1691:             1             16  java.util.concurrent.TimeUnit$7
1692:             1             16  java.util.jar.Manifest
1693:             1             16  java.util.logging.SimpleFormatter
1694:             1             16  java.util.regex.Pattern$4
1695:             1             16  java.util.regex.Pattern$Begin
1696:             1             16  java.util.regex.Pattern$Dot
1697:             1             16  java.util.regex.Pattern$LastNode
1698:             1             16  java.util.regex.Pattern$Node
1699:             1             16  java.util.regex.Pattern$Prolog
1700:             1             16  javax.management.remote.rmi.RMIJRMPServerImpl$ExportedWrapper
1701:             1             16  javax.websocket.CloseReason
1702:             1             16  org.apache.catalina.connector.CoyoteAdapter
1703:             1             16  org.apache.catalina.connector.CoyoteInputStream
1704:             1             16  org.apache.catalina.connector.RequestFacade
1705:             1             16  org.apache.catalina.connector.ResponseFacade
1706:             1             16  org.apache.catalina.core.ApplicationMapping
1707:             1             16  org.apache.catalina.core.ContainerBase$ContainerBackgroundProcessor
1708:             1             16  org.apache.catalina.core.ContainerBase$ContainerBackgroundProcessorMonitor
1709:             1             16  org.apache.catalina.core.StandardHost$MemoryLeakTrackingListener
1710:             1             16  org.apache.catalina.core.StandardServer$$Lambda$377/19807887
1711:             1             16  org.apache.catalina.core.StandardServer$$Lambda$378/6892016
1712:             1             16  org.apache.catalina.mapper.Mapper$ContextList
1713:             1             16  org.apache.catalina.util.CharsetMapper
1714:             1             16  org.apache.catalina.webresources.TomcatURLStreamHandlerFactory
1715:             1             16  org.apache.coyote.AbstractProtocol$$Lambda$451/19725155
1716:             1             16  org.apache.coyote.AbstractProtocol$$Lambda$453/9079732
1717:             1             16  org.apache.coyote.http11.Http11InputBuffer$SocketInputBuffer
1718:             1             16  org.apache.coyote.http11.Http11OutputBuffer$SocketOutputBuffer
1719:             1             16  org.apache.coyote.http11.filters.GzipOutputFilter$FakeOutputStream
1720:             1             16  org.apache.coyote.http11.filters.VoidOutputFilter
1721:             1             16  org.apache.juli.logging.LogFactory
1722:             1             16  org.apache.naming.StringManager
1723:             1             16  org.apache.tomcat.util.buf.CharsetCache
1724:             1             16  org.apache.tomcat.util.file.ConfigurationSource$1
1725:             1             16  org.apache.tomcat.util.http.Rfc6265CookieProcessor
1726:             1             16  org.apache.tomcat.util.http.parser.MediaTypeCache
1727:             1             16  org.apache.tomcat.util.threads.ScheduledThreadPoolExecutor
1728:             1             16  org.apache.tomcat.websocket.WsExtension
1729:             1             16  org.apache.tomcat.websocket.server.WsFilter
1730:             1             16  org.apache.tomcat.websocket.server.WsSessionListener
1731:             1             16  org.springframework.beans.TypeConverterDelegate
1732:             1             16  org.springframework.beans.factory.parsing.FailFastProblemReporter
1733:             2             16  org.springframework.beans.factory.support.NullBean
1734:             1             16  org.springframework.beans.support.ResourceEditorRegistrar
1735:             1             16  org.springframework.boot.DefaultApplicationArguments
1736:             1             16  org.springframework.boot.SpringApplicationBannerPrinter$PrintedBanner
1737:             1             16  org.springframework.boot.admin.SpringApplicationAdminMXBeanRegistrar$SpringApplicationAdmin
1738:             1             16  org.springframework.boot.autoconfigure.AutoConfigurationImportSelector$AutoConfigurationEntry
1739:             1             16  org.springframework.boot.autoconfigure.AutoConfigurationPackages$BasePackages
1740:             1             16  org.springframework.boot.autoconfigure.SharedMetadataReaderFactoryContextInitializer$SharedMetadataReaderFactoryBean
1741:             1             16  org.springframework.boot.autoconfigure.condition.ConditionMessage$Style$1
1742:             1             16  org.springframework.boot.autoconfigure.condition.ConditionMessage$Style$2
1743:             1             16  org.springframework.boot.autoconfigure.condition.FilteringSpringBootCondition$ClassNameFilter$1
1744:             1             16  org.springframework.boot.autoconfigure.condition.FilteringSpringBootCondition$ClassNameFilter$2
1745:             1             16  org.springframework.boot.autoconfigure.condition.OnResourceCondition
1746:             1             16  org.springframework.boot.autoconfigure.context.LifecycleProperties
1747:             1             16  org.springframework.boot.autoconfigure.context.MessageSourceAutoConfiguration$ResourceBundleCondition
1748:             1             16  org.springframework.boot.autoconfigure.http.HttpMessageConverters
1749:             1             16  org.springframework.boot.autoconfigure.http.HttpMessageConvertersAutoConfiguration$NotReactiveWebApplicationCondition
1750:             1             16  org.springframework.boot.autoconfigure.info.ProjectInfoAutoConfiguration
1751:             1             16  org.springframework.boot.autoconfigure.info.ProjectInfoAutoConfiguration$GitResourceAvailableCondition
1752:             1             16  org.springframework.boot.autoconfigure.info.ProjectInfoProperties
1753:             1             16  org.springframework.boot.autoconfigure.info.ProjectInfoProperties$Build
1754:             1             16  org.springframework.boot.autoconfigure.info.ProjectInfoProperties$Git
1755:             1             16  org.springframework.boot.autoconfigure.jackson.JacksonAutoConfiguration$Jackson2ObjectMapperBuilderCustomizerConfiguration$StandardJackson2ObjectMapperBuilderCustomizer
1756:             1             16  org.springframework.boot.autoconfigure.jmx.JmxAutoConfiguration
1757:             1             16  org.springframework.boot.autoconfigure.logging.ConditionEvaluationReportLoggingListener$ConditionEvaluationReportListener
1758:             1             16  org.springframework.boot.autoconfigure.task.TaskExecutionProperties$Shutdown
1759:             1             16  org.springframework.boot.autoconfigure.task.TaskSchedulingProperties$Pool
1760:             1             16  org.springframework.boot.autoconfigure.task.TaskSchedulingProperties$Shutdown
1761:             1             16  org.springframework.boot.autoconfigure.web.ErrorProperties$Whitelabel
1762:             1             16  org.springframework.boot.autoconfigure.web.OnEnabledResourceChainCondition
1763:             1             16  org.springframework.boot.autoconfigure.web.ResourceProperties$Cache
1764:             1             16  org.springframework.boot.autoconfigure.web.ResourceProperties$Content
1765:             1             16  org.springframework.boot.autoconfigure.web.ResourceProperties$Strategy
1766:             1             16  org.springframework.boot.autoconfigure.web.ServerProperties$Netty
1767:             1             16  org.springframework.boot.autoconfigure.web.ServerProperties$Tomcat$Mbeanregistry
1768:             1             16  org.springframework.boot.autoconfigure.web.ServerProperties$Tomcat$Resource
1769:             1             16  org.springframework.boot.autoconfigure.web.ServerProperties$Tomcat$Threads
1770:             1             16  org.springframework.boot.autoconfigure.web.ServerProperties$Undertow$Options
1771:             1             16  org.springframework.boot.autoconfigure.web.ServerProperties$Undertow$Threads
1772:             1             16  org.springframework.boot.autoconfigure.web.client.RestTemplateAutoConfiguration$NotReactiveWebApplicationCondition
1773:             1             16  org.springframework.boot.autoconfigure.web.embedded.TomcatWebServerFactoryCustomizer
1774:             1             16  org.springframework.boot.autoconfigure.web.embedded.TomcatWebServerFactoryCustomizer$$Lambda$309/3775874
1775:             1             16  org.springframework.boot.autoconfigure.web.embedded.TomcatWebServerFactoryCustomizer$$Lambda$313/13217578
1776:             1             16  org.springframework.boot.autoconfigure.web.embedded.TomcatWebServerFactoryCustomizer$$Lambda$318/30320560
1777:             1             16  org.springframework.boot.autoconfigure.web.embedded.TomcatWebServerFactoryCustomizer$$Lambda$322/12947435
1778:             1             16  org.springframework.boot.autoconfigure.web.embedded.TomcatWebServerFactoryCustomizer$$Lambda$327/3427173
1779:             1             16  org.springframework.boot.autoconfigure.web.embedded.TomcatWebServerFactoryCustomizer$$Lambda$338/16147541
1780:             1             16  org.springframework.boot.autoconfigure.web.embedded.TomcatWebServerFactoryCustomizer$$Lambda$342/14030723
1781:             1             16  org.springframework.boot.autoconfigure.web.embedded.TomcatWebServerFactoryCustomizer$$Lambda$345/14836671
1782:             1             16  org.springframework.boot.autoconfigure.web.embedded.TomcatWebServerFactoryCustomizer$$Lambda$358/18154983
1783:             1             16  org.springframework.boot.autoconfigure.web.embedded.TomcatWebServerFactoryCustomizer$$Lambda$370/18724231
1784:             1             16  org.springframework.boot.autoconfigure.web.servlet.DispatcherServletAutoConfiguration$DefaultDispatcherServletCondition
1785:             1             16  org.springframework.boot.autoconfigure.web.servlet.DispatcherServletAutoConfiguration$DispatcherServletRegistrationCondition
1786:             1             16  org.springframework.boot.autoconfigure.web.servlet.HttpEncodingAutoConfiguration
1787:             1             16  org.springframework.boot.autoconfigure.web.servlet.HttpEncodingAutoConfiguration$LocaleCharsetMappingsCustomizer
1788:             1             16  org.springframework.boot.autoconfigure.web.servlet.MultipartAutoConfiguration
1789:             1             16  org.springframework.boot.autoconfigure.web.servlet.ServletWebServerFactoryCustomizer
1790:             1             16  org.springframework.boot.autoconfigure.web.servlet.TomcatServletWebServerFactoryCustomizer
1791:             1             16  org.springframework.boot.autoconfigure.web.servlet.TomcatServletWebServerFactoryCustomizer$$Lambda$294/32206364
1792:             1             16  org.springframework.boot.autoconfigure.web.servlet.TomcatServletWebServerFactoryCustomizer$$Lambda$295/25940299
1793:             1             16  org.springframework.boot.autoconfigure.web.servlet.WebMvcProperties$Async
1794:             1             16  org.springframework.boot.autoconfigure.web.servlet.WebMvcProperties$Pathmatch
1795:             1             16  org.springframework.boot.autoconfigure.web.servlet.WebMvcProperties$Servlet
1796:             1             16  org.springframework.boot.autoconfigure.web.servlet.WebMvcProperties$View
1797:             1             16  org.springframework.boot.autoconfigure.web.servlet.error.ErrorMvcAutoConfiguration
1798:             1             16  org.springframework.boot.autoconfigure.web.servlet.error.ErrorMvcAutoConfiguration$DefaultErrorViewResolverConfiguration
1799:             1             16  org.springframework.boot.autoconfigure.web.servlet.error.ErrorMvcAutoConfiguration$ErrorPageCustomizer
1800:             1             16  org.springframework.boot.autoconfigure.web.servlet.error.ErrorMvcAutoConfiguration$ErrorTemplateMissingCondition
1801:             1             16  org.springframework.boot.autoconfigure.web.servlet.error.ErrorMvcAutoConfiguration$WhitelabelErrorViewConfiguration
1802:             1             16  org.springframework.boot.availability.ApplicationAvailabilityBean
1803:             1             16  org.springframework.boot.builder.ParentContextCloserApplicationListener
1804:             1             16  org.springframework.boot.cloud.CloudFoundryVcapEnvironmentPostProcessor
1805:             1             16  org.springframework.boot.cloud.CloudPlatform$1
1806:             1             16  org.springframework.boot.cloud.CloudPlatform$2
1807:             1             16  org.springframework.boot.cloud.CloudPlatform$3
1808:             1             16  org.springframework.boot.cloud.CloudPlatform$4
1809:             1             16  org.springframework.boot.cloud.CloudPlatform$5
1810:             1             16  org.springframework.boot.context.ConfigurationWarningsApplicationContextInitializer$ConfigurationWarningsPostProcessor
1811:             1             16  org.springframework.boot.context.ContextIdApplicationContextInitializer$ContextId
1812:             1             16  org.springframework.boot.context.config.ConfigFileApplicationListener$PropertySourceOrderingPostProcessor
1813:             1             16  org.springframework.boot.context.config.DelegatingApplicationListener
1814:             1             16  org.springframework.boot.context.properties.BoundConfigurationProperties
1815:             1             16  org.springframework.boot.context.properties.ConfigurationBeanFactoryMetadata
1816:             1             16  org.springframework.boot.context.properties.ConfigurationPropertiesBinder$$Lambda$248/23417755
1817:             1             16  org.springframework.boot.context.properties.ConfigurationPropertiesBinder$Factory
1818:             1             16  org.springframework.boot.context.properties.PropertyMapper
1819:             1             16  org.springframework.boot.context.properties.bind.BindConverter
1820:             1             16  org.springframework.boot.context.properties.bind.BindConverter$CompositeConversionService
1821:             1             16  org.springframework.boot.context.properties.bind.BindConverter$TypeConverterConversionService
1822:             1             16  org.springframework.boot.context.properties.bind.BindConverter$TypeConverterConverter
1823:             1             16  org.springframework.boot.context.properties.bind.BindResult
1824:             1             16  org.springframework.boot.context.properties.bind.PropertySourcesPlaceholdersResolver
1825:             1             16  org.springframework.boot.context.properties.bind.ValueObjectBinder
1826:             1             16  org.springframework.boot.context.properties.source.DefaultPropertyMapper
1827:             1             16  org.springframework.boot.convert.NumberToDataSizeConverter
1828:             1             16  org.springframework.boot.convert.NumberToDurationConverter
1829:             1             16  org.springframework.boot.convert.NumberToPeriodConverter
1830:             2             16  org.springframework.boot.convert.StringToDataSizeConverter
1831:             2             16  org.springframework.boot.convert.StringToDurationConverter
1832:             2             16  org.springframework.boot.convert.StringToPeriodConverter
1833:             1             16  org.springframework.boot.logging.AbstractLoggingSystem$LogLevels
1834:             1             16  org.springframework.boot.logging.LoggerConfigurationComparator
1835:             1             16  org.springframework.boot.logging.LoggerGroups
1836:             1             16  org.springframework.boot.logging.logback.LogbackLoggingSystem
1837:             1             16  org.springframework.boot.origin.OriginTrackedValue$OriginTrackedCharSequence
1838:             1             16  org.springframework.boot.origin.TextResourceOrigin
1839:             1             16  org.springframework.boot.origin.TextResourceOrigin$Location
1840:             1             16  org.springframework.boot.rsocket.context.RSocketPortInfoApplicationContextInitializer$Listener
1841:             1             16  org.springframework.boot.type.classreading.ConcurrentReferenceCachingMetadataReaderFactory
1842:             1             16  org.springframework.boot.util.LambdaSafe$InvocationResult
1843:             1             16  org.springframework.boot.web.embedded.tomcat.TomcatServletWebServerFactory$StaticResourceConfigurer
1844:             1             16  org.springframework.boot.web.embedded.tomcat.TomcatStarter
1845:             1             16  org.springframework.boot.web.embedded.tomcat.TomcatWebServer$$Lambda$371/5994139
1846:             1             16  org.springframework.boot.web.server.ErrorPageRegistrarBeanPostProcessor
1847:             1             16  org.springframework.boot.web.server.Http2
1848:             1             16  org.springframework.boot.web.server.WebServerFactoryCustomizerBeanPostProcessor
1849:             1             16  org.springframework.boot.web.servlet.context.ServletWebServerApplicationContext$$Lambda$366/7602748
1850:             1             16  org.springframework.boot.web.servlet.context.WebServerGracefulShutdownLifecycle
1851:             1             16  org.springframework.boot.web.servlet.error.DefaultErrorAttributes
1852:             1             16  org.springframework.boot.web.servlet.server.AbstractServletWebServerFactory$$Lambda$369/6653453
1853:             1             16  org.springframework.boot.web.servlet.server.AbstractServletWebServerFactory$SessionConfiguringInitializer
1854:             1             16  org.springframework.boot.web.servlet.server.DocumentRoot
1855:             1             16  org.springframework.boot.web.servlet.server.SessionStoreDirectory
1856:             1             16  org.springframework.cglib.core.AbstractClassGenerator$ClassLoaderData$1
1857:             1             16  org.springframework.cglib.core.AbstractClassGenerator$ClassLoaderData$3
1858:             1             16  org.springframework.context.annotation.AnnotationBeanNameGenerator
1859:             1             16  org.springframework.context.annotation.ConfigurationClassEnhancer$BeanFactoryAwareGeneratorStrategy
1860:             1             16  org.springframework.context.annotation.ConfigurationClassEnhancer$ConditionalCallbackFilter
1861:             1             16  org.springframework.context.annotation.ConfigurationClassPostProcessor$ImportAwareBeanPostProcessor
1862:             1             16  org.springframework.context.event.DefaultEventListenerFactory
1863:             1             16  org.springframework.context.expression.BeanFactoryResolver
1864:             1             16  org.springframework.context.expression.StandardBeanExpressionResolver$1
1865:             1             16  org.springframework.context.i18n.SimpleLocaleContext
1866:             1             16  org.springframework.context.support.ApplicationContextAwareProcessor
1867:             1             16  org.springframework.context.support.LiveBeansView
1868:             1             16  org.springframework.context.support.PostProcessorRegistrationDelegate$BeanPostProcessorChecker
1869:             1             16  org.springframework.context.support.PropertySourcesPlaceholderConfigurer$$Lambda$226/26184320
1870:             1             16  org.springframework.core.$Proxy20
1871:             1             16  org.springframework.core.OrderComparator$$Lambda$239/3679980
1872:             1             16  org.springframework.core.ReactiveAdapterRegistry
1873:             1             16  org.springframework.core.SerializableTypeWrapper$TypeProxyInvocationHandler
1874:             1             16  org.springframework.core.annotation.IntrospectionFailureLogger$1
1875:             1             16  org.springframework.core.annotation.IntrospectionFailureLogger$2
1876:             1             16  org.springframework.core.annotation.MissingMergedAnnotation
1877:             1             16  org.springframework.core.annotation.RepeatableContainers$NoRepeatableContainers
1878:             1             16  org.springframework.core.annotation.RepeatableContainers$StandardRepeatableContainers
1879:             2             16  org.springframework.core.convert.support.CharacterToNumberFactory
1880:             2             16  org.springframework.core.convert.support.FallbackObjectToStringConverter
1881:             2             16  org.springframework.core.convert.support.IntegerToEnumConverterFactory
1882:             2             16  org.springframework.core.convert.support.NumberToCharacterConverter
1883:             2             16  org.springframework.core.convert.support.NumberToNumberConverterFactory
1884:             2             16  org.springframework.core.convert.support.ObjectToObjectConverter
1885:             2             16  org.springframework.core.convert.support.PropertiesToStringConverter
1886:             2             16  org.springframework.core.convert.support.StringToBooleanConverter
1887:             2             16  org.springframework.core.convert.support.StringToCharacterConverter
1888:             2             16  org.springframework.core.convert.support.StringToCharsetConverter
1889:             2             16  org.springframework.core.convert.support.StringToCurrencyConverter
1890:             2             16  org.springframework.core.convert.support.StringToEnumConverterFactory
1891:             2             16  org.springframework.core.convert.support.StringToLocaleConverter
1892:             2             16  org.springframework.core.convert.support.StringToNumberConverterFactory
1893:             2             16  org.springframework.core.convert.support.StringToPropertiesConverter
1894:             2             16  org.springframework.core.convert.support.StringToTimeZoneConverter
1895:             2             16  org.springframework.core.convert.support.StringToUUIDConverter
1896:             2             16  org.springframework.core.convert.support.ZoneIdToTimeZoneConverter
1897:             2             16  org.springframework.core.convert.support.ZonedDateTimeToCalendarConverter
1898:             1             16  org.springframework.core.env.CommandLineArgs
1899:             1             16  org.springframework.core.io.support.PathMatchingResourcePatternResolver
1900:             1             16  org.springframework.core.type.classreading.CachingMetadataReaderFactory
1901:             1             16  org.springframework.expression.spel.support.StandardTypeConverter
1902:             1             16  org.springframework.expression.spel.support.StandardTypeLocator
1903:             2             16  org.springframework.format.datetime.standard.DateTimeConverters$CalendarToInstantConverter
1904:             2             16  org.springframework.format.datetime.standard.DateTimeConverters$CalendarToLocalDateConverter
1905:             2             16  org.springframework.format.datetime.standard.DateTimeConverters$CalendarToLocalDateTimeConverter
1906:             2             16  org.springframework.format.datetime.standard.DateTimeConverters$CalendarToLocalTimeConverter
1907:             2             16  org.springframework.format.datetime.standard.DateTimeConverters$CalendarToOffsetDateTimeConverter
1908:             2             16  org.springframework.format.datetime.standard.DateTimeConverters$CalendarToZonedDateTimeConverter
1909:             2             16  org.springframework.format.datetime.standard.DateTimeConverters$InstantToLongConverter
1910:             2             16  org.springframework.format.datetime.standard.DateTimeConverters$LocalDateTimeToLocalDateConverter
1911:             2             16  org.springframework.format.datetime.standard.DateTimeConverters$LocalDateTimeToLocalTimeConverter
1912:             2             16  org.springframework.format.datetime.standard.DateTimeConverters$LongToInstantConverter
1913:             2             16  org.springframework.format.datetime.standard.DateTimeConverters$OffsetDateTimeToInstantConverter
1914:             2             16  org.springframework.format.datetime.standard.DateTimeConverters$OffsetDateTimeToLocalDateConverter
1915:             2             16  org.springframework.format.datetime.standard.DateTimeConverters$OffsetDateTimeToLocalDateTimeConverter
1916:             2             16  org.springframework.format.datetime.standard.DateTimeConverters$OffsetDateTimeToLocalTimeConverter
1917:             2             16  org.springframework.format.datetime.standard.DateTimeConverters$OffsetDateTimeToZonedDateTimeConverter
1918:             2             16  org.springframework.format.datetime.standard.DateTimeConverters$ZonedDateTimeToInstantConverter
1919:             2             16  org.springframework.format.datetime.standard.DateTimeConverters$ZonedDateTimeToLocalDateConverter
1920:             2             16  org.springframework.format.datetime.standard.DateTimeConverters$ZonedDateTimeToLocalDateTimeConverter
1921:             2             16  org.springframework.format.datetime.standard.DateTimeConverters$ZonedDateTimeToLocalTimeConverter
1922:             2             16  org.springframework.format.datetime.standard.DateTimeConverters$ZonedDateTimeToOffsetDateTimeConverter
1923:             2             16  org.springframework.format.datetime.standard.DurationFormatter
1924:             2             16  org.springframework.format.datetime.standard.InstantFormatter
1925:             2             16  org.springframework.format.datetime.standard.MonthDayFormatter
1926:             2             16  org.springframework.format.datetime.standard.MonthFormatter
1927:             2             16  org.springframework.format.datetime.standard.PeriodFormatter
1928:             2             16  org.springframework.format.datetime.standard.YearFormatter
1929:             2             16  org.springframework.format.datetime.standard.YearMonthFormatter
1930:             1             16  org.springframework.http.converter.json.SpringHandlerInstantiator
1931:             1             16  org.springframework.jmx.export.naming.MetadataNamingStrategy
1932:             1             16  org.springframework.jndi.JndiTemplate
1933:             1             16  org.springframework.util.ConcurrentReferenceHashMap$EntrySet
1934:             1             16  org.springframework.web.bind.support.DefaultSessionAttributeStore
1935:             1             16  org.springframework.web.bind.support.SimpleSessionStatus
1936:             1             16  org.springframework.web.context.request.async.WebAsyncManager$$Lambda$478/6441077
1937:             1             16  org.springframework.web.context.support.ServletContextResource
1938:             1             16  org.springframework.web.context.support.ServletContextResourcePatternResolver
1939:             1             16  org.springframework.web.context.support.ServletContextScope
1940:             2             16  org.springframework.web.method.annotation.RequestParamMapMethodArgumentResolver
1941:             1             16  org.springframework.web.method.support.CompositeUriComponentsContributor
1942:             1             16  org.springframework.web.multipart.support.StandardServletMultipartResolver
1943:             1             16  org.springframework.web.servlet.DispatcherServlet$$Lambda$471/14292383
1944:             1             16  org.springframework.web.servlet.FrameworkServlet$RequestBindingInterceptor
1945:             1             16  org.springframework.web.servlet.config.annotation.WebMvcConfigurerComposite
1946:             1             16  org.springframework.web.servlet.function.support.HandlerFunctionAdapter
1947:             1             16  org.springframework.web.servlet.handler.ConversionServiceExposingInterceptor
1948:             1             16  org.springframework.web.servlet.handler.HandlerExceptionResolverComposite
1949:             1             16  org.springframework.web.servlet.i18n.AcceptHeaderLocaleResolver
1950:             1             16  org.springframework.web.servlet.mvc.condition.ParamsRequestCondition
1951:             1             16  org.springframework.web.servlet.mvc.condition.RequestConditionHolder
1952:             1             16  org.springframework.web.servlet.mvc.method.annotation.AsyncTaskMethodReturnValueHandler
1953:             2             16  org.springframework.web.servlet.mvc.method.annotation.JsonViewResponseBodyAdvice
1954:             2             16  org.springframework.web.servlet.mvc.method.annotation.MatrixVariableMapMethodArgumentResolver
1955:             2             16  org.springframework.web.servlet.mvc.method.annotation.PathVariableMapMethodArgumentResolver
1956:             2             16  org.springframework.web.servlet.mvc.method.annotation.RedirectAttributesMethodArgumentResolver
1957:             1             16  org.springframework.web.servlet.mvc.method.annotation.ServletRequestDataBinderFactory
1958:             2             16  org.springframework.web.servlet.mvc.method.annotation.ViewMethodReturnValueHandler
1959:             1             16  org.springframework.web.servlet.resource.ResourceUrlProviderExposingInterceptor
1960:             1             16  org.springframework.web.servlet.theme.FixedThemeResolver
1961:             1             16  org.springframework.web.servlet.view.ViewResolverComposite
1962:             1             16  org.springframework.web.util.UrlPathHelper$1
1963:             1             16  sun.launcher.LauncherHelper
1964:             1             16  sun.management.ClassLoadingImpl
1965:             1             16  sun.management.CompilationImpl
1966:             1             16  sun.management.ManagementFactoryHelper$PlatformLoggingImpl
1967:             1             16  sun.management.OperatingSystemImpl
1968:             1             16  sun.management.ThreadImpl
1969:             1             16  sun.management.jmxremote.ConnectorBootstrap$PermanentExporter
1970:             1             16  sun.misc.FloatingDecimal$1
1971:             1             16  sun.misc.Launcher
1972:             1             16  sun.net.ProgressMonitor
1973:             2             16  sun.net.www.protocol.file.Handler
1974:             2             16  sun.nio.ch.SocketDispatcher
1975:             1             16  sun.nio.ch.Util$1
1976:             1             16  sun.nio.cs.ThreadLocalCoders$1
1977:             1             16  sun.nio.cs.ThreadLocalCoders$2
1978:             1             16  sun.nio.fs.WindowsFileSystemProvider
1979:             1             16  sun.rmi.runtime.RuntimeUtil
1980:             1             16  sun.rmi.runtime.RuntimeUtil$1
1981:             1             16  sun.rmi.server.UnicastRef
1982:             1             16  sun.rmi.server.UnicastRef2
1983:             1             16  sun.rmi.server.UnicastServerRef$HashToMethod_Maps
1984:             1             16  sun.rmi.server.WeakClassHashMap$ValueCell
1985:             1             16  sun.rmi.transport.DGCImpl
1986:             1             16  sun.rmi.transport.DGCImpl_Stub
1987:             1             16  sun.util.calendar.Gregorian
1988:             1             16  sun.util.locale.BaseLocale$Cache
1989:             1             16  sun.util.locale.InternalLocaleBuilder$CaseInsensitiveChar
1990:             1             16  sun.util.locale.provider.CalendarDataProviderImpl
1991:             1             16  sun.util.locale.provider.CalendarProviderImpl
1992:             1             16  sun.util.locale.provider.CurrencyNameProviderImpl
1993:             1             16  sun.util.locale.provider.DateFormatSymbolsProviderImpl
1994:             1             16  sun.util.locale.provider.DecimalFormatSymbolsProviderImpl
1995:             1             16  sun.util.locale.provider.NumberFormatProviderImpl
1996:             1             16  sun.util.locale.provider.SPILocaleProviderAdapter
1997:             1             16  sun.util.locale.provider.TimeZoneNameProviderImpl
1998:             1             16  sun.util.resources.LocaleData
1999:             1              8  ch.qos.logback.classic.pattern.EnsureExceptionHandling
2000:             1              8  ch.qos.logback.core.joran.spi.ConsoleTarget$1
2001:             1              8  ch.qos.logback.core.joran.spi.ConsoleTarget$2
2002:             1              8  com.fasterxml.jackson.core.io.JsonStringEncoder
2003:             1              8  com.fasterxml.jackson.core.util.DefaultPrettyPrinter$FixedSpaceIndenter
2004:             1              8  com.fasterxml.jackson.core.util.DefaultPrettyPrinter$NopIndenter
2005:             1              8  com.fasterxml.jackson.databind.deser.std.StdKeyDeserializers
2006:             1              8  com.fasterxml.jackson.databind.introspect.AnnotationCollector$NoAnnotations
2007:             1              8  com.fasterxml.jackson.databind.introspect.NopAnnotationIntrospector$1
2008:             1              8  com.fasterxml.jackson.databind.jsontype.impl.LaissezFaireSubTypeValidator
2009:             1              8  com.fasterxml.jackson.datatype.jsr310.deser.InstantDeserializer$$Lambda$133/22530437
2010:             1              8  com.fasterxml.jackson.datatype.jsr310.deser.InstantDeserializer$$Lambda$134/12009878
2011:             1              8  com.fasterxml.jackson.datatype.jsr310.deser.InstantDeserializer$$Lambda$135/18108412
2012:             1              8  com.fasterxml.jackson.datatype.jsr310.deser.InstantDeserializer$$Lambda$136/24235614
2013:             1              8  com.fasterxml.jackson.datatype.jsr310.deser.InstantDeserializer$$Lambda$137/12244755
2014:             1              8  com.fasterxml.jackson.datatype.jsr310.deser.InstantDeserializer$$Lambda$138/26416000
2015:             1              8  com.fasterxml.jackson.datatype.jsr310.deser.InstantDeserializer$$Lambda$139/10735969
2016:             1              8  com.fasterxml.jackson.datatype.jsr310.deser.InstantDeserializer$$Lambda$140/28697045
2017:             1              8  com.fasterxml.jackson.datatype.jsr310.deser.InstantDeserializer$$Lambda$141/17277951
2018:             1              8  com.fasterxml.jackson.datatype.jsr310.deser.InstantDeserializer$$Lambda$142/10855948
2019:             1              8  com.fasterxml.jackson.datatype.jsr310.deser.InstantDeserializer$$Lambda$143/16604000
2020:             1              8  com.fasterxml.jackson.datatype.jsr310.deser.InstantDeserializer$$Lambda$144/9612067
2021:             1              8  com.fasterxml.jackson.datatype.jsr310.deser.key.DurationKeyDeserializer
2022:             1              8  com.fasterxml.jackson.datatype.jsr310.deser.key.InstantKeyDeserializer
2023:             1              8  com.fasterxml.jackson.datatype.jsr310.deser.key.LocalDateKeyDeserializer
2024:             1              8  com.fasterxml.jackson.datatype.jsr310.deser.key.LocalDateTimeKeyDeserializer
2025:             1              8  com.fasterxml.jackson.datatype.jsr310.deser.key.LocalTimeKeyDeserializer
2026:             1              8  com.fasterxml.jackson.datatype.jsr310.deser.key.MonthDayKeyDeserializer
2027:             1              8  com.fasterxml.jackson.datatype.jsr310.deser.key.OffsetDateTimeKeyDeserializer
2028:             1              8  com.fasterxml.jackson.datatype.jsr310.deser.key.OffsetTimeKeyDeserializer
2029:             1              8  com.fasterxml.jackson.datatype.jsr310.deser.key.PeriodKeyDeserializer
2030:             1              8  com.fasterxml.jackson.datatype.jsr310.deser.key.YearKeyDeserializer
2031:             1              8  com.fasterxml.jackson.datatype.jsr310.deser.key.YearMonthKeyDeserializer
2032:             1              8  com.fasterxml.jackson.datatype.jsr310.deser.key.ZoneIdKeyDeserializer
2033:             1              8  com.fasterxml.jackson.datatype.jsr310.deser.key.ZoneOffsetKeyDeserializer
2034:             1              8  com.fasterxml.jackson.datatype.jsr310.deser.key.ZonedDateTimeKeyDeserializer
2035:             1              8  com.fasterxml.jackson.datatype.jsr310.ser.InstantSerializer$$Lambda$147/10947774
2036:             1              8  com.fasterxml.jackson.datatype.jsr310.ser.InstantSerializer$$Lambda$148/22455249
2037:             1              8  com.fasterxml.jackson.datatype.jsr310.ser.InstantSerializer$$Lambda$149/5437791
2038:             1              8  com.fasterxml.jackson.datatype.jsr310.ser.OffsetDateTimeSerializer$$Lambda$153/12684874
2039:             1              8  com.fasterxml.jackson.datatype.jsr310.ser.OffsetDateTimeSerializer$$Lambda$154/17716324
2040:             1              8  com.fasterxml.jackson.datatype.jsr310.ser.OffsetDateTimeSerializer$$Lambda$155/7202226
2041:             1              8  com.fasterxml.jackson.datatype.jsr310.ser.ZonedDateTimeSerializer$$Lambda$157/817284
2042:             1              8  com.fasterxml.jackson.datatype.jsr310.ser.ZonedDateTimeSerializer$$Lambda$158/30488030
2043:             1              8  com.fasterxml.jackson.datatype.jsr310.ser.ZonedDateTimeSerializer$$Lambda$159/22569215
2044:             1              8  com.fasterxml.jackson.datatype.jsr310.ser.key.ZonedDateTimeKeySerializer
2045:             1              8  com.fasterxml.jackson.module.paramnames.ParameterExtractor
2046:             1              8  com.hzp.meet.demos.web.BasicController
2047:             1              8  com.hzp.meet.demos.web.CompletableFutureTestController
2048:             1              8  com.hzp.meet.demos.web.HTTPController
2049:             1              8  com.hzp.meet.demos.web.IOTestController
2050:             1              8  com.hzp.meet.demos.web.JController
2051:             1              8  com.hzp.meet.demos.web.PathVariableController
2052:             1              8  com.intellij.rt.debugger.agent.CaptureAgent$1
2053:             1              8  com.intellij.rt.debugger.agent.CaptureAgent$CaptureTransformer
2054:             1              8  com.sun.jmx.interceptor.DefaultMBeanServerInterceptor$ResourceContext$1
2055:             1              8  com.sun.jmx.mbeanserver.DefaultMXBeanMappingFactory
2056:             1              8  com.sun.jmx.mbeanserver.MBeanAnalyzer$MethodOrder
2057:             1              8  com.sun.jmx.mbeanserver.StandardMBeanIntrospector
2058:             1              8  com.sun.jmx.remote.protocol.iiop.IIOPProxyImpl
2059:             1              8  com.sun.naming.internal.VersionHelper12
2060:             1              8  com.sun.org.apache.xalan.internal.utils.SecuritySupport
2061:             1              8  java.io.DeleteOnExitHook$1
2062:             1              8  java.io.FileDescriptor$1
2063:             1              8  java.lang.ApplicationShutdownHooks$1
2064:             1              8  java.lang.CharacterData00
2065:             1              8  java.lang.CharacterDataLatin1
2066:             1              8  java.lang.ProcessEnvironment$EntryComparator
2067:             1              8  java.lang.ProcessEnvironment$NameComparator
2068:             1              8  java.lang.Runtime
2069:             1              8  java.lang.String$CaseInsensitiveComparator
2070:             1              8  java.lang.System$2
2071:             1              8  java.lang.Terminator$1
2072:             1              8  java.lang.invoke.MemberName$Factory
2073:             1              8  java.lang.invoke.MethodHandleImpl$2
2074:             1              8  java.lang.invoke.MethodHandleImpl$3
2075:             1              8  java.lang.management.PlatformComponent$1
2076:             1              8  java.lang.management.PlatformComponent$10
2077:             1              8  java.lang.management.PlatformComponent$11
2078:             1              8  java.lang.management.PlatformComponent$12
2079:             1              8  java.lang.management.PlatformComponent$13
2080:             1              8  java.lang.management.PlatformComponent$14
2081:             1              8  java.lang.management.PlatformComponent$15
2082:             1              8  java.lang.management.PlatformComponent$2
2083:             1              8  java.lang.management.PlatformComponent$3
2084:             1              8  java.lang.management.PlatformComponent$4
2085:             1              8  java.lang.management.PlatformComponent$5
2086:             1              8  java.lang.management.PlatformComponent$6
2087:             1              8  java.lang.management.PlatformComponent$7
2088:             1              8  java.lang.management.PlatformComponent$8
2089:             1              8  java.lang.management.PlatformComponent$9
2090:             1              8  java.lang.ref.Reference$1
2091:             1              8  java.lang.ref.Reference$Lock
2092:             1              8  java.lang.reflect.Proxy$KeyFactory
2093:             1              8  java.lang.reflect.Proxy$ProxyClassFactory
2094:             1              8  java.lang.reflect.ReflectAccess
2095:             1              8  java.net.InetAddress$2
2096:             1              8  java.net.URLClassLoader$7
2097:             1              8  java.nio.Bits$1
2098:             1              8  java.nio.file.Files$AcceptAllFilter
2099:             1              8  java.security.ProtectionDomain$2
2100:             1              8  java.security.ProtectionDomain$JavaSecurityAccessImpl
2101:             1              8  java.time.chrono.AbstractChronology$$Lambda$23/9318811
2102:             1              8  java.time.chrono.AbstractChronology$$Lambda$24/17559707
2103:             1              8  java.time.chrono.AbstractChronology$$Lambda$25/20916735
2104:             1              8  java.time.chrono.IsoChronology
2105:             1              8  java.time.format.DateTimeFormatter$$Lambda$26/3972730
2106:             1              8  java.time.format.DateTimeFormatter$$Lambda$27/31745340
2107:             1              8  java.time.format.DateTimeFormatterBuilder$$Lambda$22/9614262
2108:             1              8  java.time.format.DateTimeFormatterBuilder$2
2109:             1              8  java.time.format.DateTimeTextProvider$1
2110:             1              8  java.util.Collections$EmptyEnumeration
2111:             1              8  java.util.Collections$EmptyIterator
2112:             1              8  java.util.Collections$EmptySet
2113:             1              8  java.util.Currency$CurrencyNameGetter
2114:             1              8  java.util.EnumMap$1
2115:             1              8  java.util.ResourceBundle$Control
2116:             1              8  java.util.Spliterators$EmptySpliterator$OfDouble
2117:             1              8  java.util.Spliterators$EmptySpliterator$OfInt
2118:             1              8  java.util.Spliterators$EmptySpliterator$OfLong
2119:             1              8  java.util.Spliterators$EmptySpliterator$OfRef
2120:             1              8  java.util.function.Function$$Lambda$204/22213323
2121:             1              8  java.util.jar.JavaUtilJarAccessImpl
2122:             1              8  java.util.logging.LoggingProxyImpl
2123:             1              8  java.util.stream.Collectors$$Lambda$125/30934643
2124:             1              8  java.util.stream.Collectors$$Lambda$126/15785733
2125:             1              8  java.util.stream.Collectors$$Lambda$190/2022100
2126:             1              8  java.util.stream.Collectors$$Lambda$191/5680207
2127:             1              8  java.util.stream.Collectors$$Lambda$192/13082418
2128:             1              8  java.util.stream.Collectors$$Lambda$351/10115301
2129:             1              8  java.util.stream.Collectors$$Lambda$352/33056413
2130:             1              8  java.util.stream.Collectors$$Lambda$353/31610150
2131:             1              8  java.util.stream.Collectors$$Lambda$354/4414360
2132:             1              8  java.util.stream.Collectors$$Lambda$461/31336896
2133:             1              8  java.util.stream.Collectors$$Lambda$462/29886401
2134:             1              8  java.util.stream.Collectors$$Lambda$463/23996442
2135:             1              8  java.util.stream.Collectors$$Lambda$58/16083484
2136:             1              8  java.util.stream.Collectors$$Lambda$59/6615576
2137:             1              8  java.util.stream.Collectors$$Lambda$60/28789852
2138:             1              8  java.util.stream.Collectors$$Lambda$61/5705197
2139:             1              8  java.util.stream.FindOps$$Lambda$16/4045868
2140:             1              8  java.util.stream.FindOps$$Lambda$17/9334104
2141:             1              8  java.util.stream.LongPipeline$$Lambda$414/20016954
2142:             1              8  java.util.stream.ReferencePipeline$$Lambda$413/23031365
2143:             1              8  java.util.zip.ZipFile$1
2144:             1              8  javax.management.JMX
2145:             1              8  javax.management.MBeanServerBuilder
2146:             1              8  javax.management.NotificationBroadcasterSupport$1
2147:             1              8  javax.security.auth.message.config.AuthConfigFactory$$Lambda$469/17003439
2148:             1              8  javax.xml.transform.SecuritySupport
2149:             1              8  org.apache.catalina.connector.CoyoteAdapter$$Lambda$372/15497683
2150:             1              8  org.apache.catalina.connector.Request$1
2151:             1              8  org.apache.catalina.connector.Request$2
2152:             1              8  org.apache.catalina.connector.Request$3
2153:             1              8  org.apache.catalina.connector.Request$4
2154:             1              8  org.apache.catalina.connector.Request$5
2155:             1              8  org.apache.catalina.connector.Request$6
2156:             1              8  org.apache.catalina.connector.Request$7
2157:             1              8  org.apache.catalina.connector.Request$8
2158:             1              8  org.apache.catalina.connector.Request$9
2159:             1              8  org.apache.catalina.core.StandardContext$1
2160:             1              8  org.apache.catalina.realm.X509SubjectDnRetriever
2161:             1              8  org.apache.catalina.startup.Tomcat$FixContextListener
2162:             1              8  org.apache.commons.logging.impl.NoOpLog
2163:             1              8  org.apache.coyote.http11.filters.VoidInputFilter
2164:             1              8  org.apache.tomcat.util.buf.MessageBytes$MessageBytesFactory
2165:             1              8  org.apache.tomcat.util.buf.UDecoder
2166:             1              8  org.apache.tomcat.util.compat.JreCompat
2167:             1              8  org.apache.tomcat.util.http.CookieProcessorBase$$Lambda$373/30381881
2168:             1              8  org.apache.tomcat.util.modeler.NoDescriptorRegistry$NoJmxMBeanServer
2169:             1              8  org.apache.tomcat.util.net.SocketWrapperBase$1
2170:             1              8  org.apache.tomcat.util.net.SocketWrapperBase$2
2171:             1              8  org.apache.tomcat.util.net.SocketWrapperBase$3
2172:             1              8  org.apache.tomcat.util.threads.ThreadPoolExecutor$RejectHandler
2173:             1              8  org.apache.tomcat.websocket.server.WsContextListener
2174:             1              8  org.apache.tomcat.websocket.server.WsWriteTimeout$EndpointComparator
2175:             1              8  org.groovy.debug.hotswap.ResetAgent$1
2176:             1              8  org.slf4j.helpers.NOPLoggerFactory
2177:             1              8  org.slf4j.impl.StaticMDCBinder
2178:             1              8  org.springframework.beans.ExtendedBeanInfoFactory
2179:             1              8  org.springframework.beans.factory.BeanFactoryUtils$$Lambda$152/23050165
2180:             1              8  org.springframework.beans.factory.annotation.AutowiredAnnotationBeanPostProcessor$$Lambda$381/23404435
2181:             1              8  org.springframework.beans.factory.config.AutowiredPropertyMarker
2182:             1              8  org.springframework.beans.factory.parsing.PassThroughSourceExtractor
2183:             1              8  org.springframework.beans.factory.support.AbstractAutowireCapableBeanFactory$$Lambda$219/27290814
2184:             1              8  org.springframework.beans.factory.support.AutowireUtils$$Lambda$259/14272865
2185:             1              8  org.springframework.beans.factory.support.CglibSubclassingInstantiationStrategy
2186:             1              8  org.springframework.beans.factory.support.DefaultBeanNameGenerator
2187:             1              8  org.springframework.beans.factory.support.DefaultListableBeanFactory$$Lambda$237/4863573
2188:             1              8  org.springframework.beans.factory.support.DefaultListableBeanFactory$$Lambda$396/21685472
2189:             1              8  org.springframework.beans.factory.support.DefaultSingletonBeanRegistry$$Lambda$164/25810699
2190:             1              8  org.springframework.beans.factory.support.DefaultSingletonBeanRegistry$$Lambda$165/33169939
2191:             1              8  org.springframework.beans.factory.support.SimpleAutowireCandidateResolver
2192:             1              8  org.springframework.boot.ClearCachesApplicationListener
2193:             1              8  org.springframework.boot.SpringBootBanner
2194:             1              8  org.springframework.boot.StartupInfoLogger$$Lambda$114/20730453
2195:             1              8  org.springframework.boot.StartupInfoLogger$$Lambda$115/18289395
2196:             1              8  org.springframework.boot.StartupInfoLogger$$Lambda$116/15437983
2197:             1              8  org.springframework.boot.StartupInfoLogger$$Lambda$117/15472238
2198:             1              8  org.springframework.boot.autoconfigure.AutoConfigurationImportSelector$$Lambda$186/9614878
2199:             1              8  org.springframework.boot.autoconfigure.AutoConfigurationImportSelector$AutoConfigurationGroup$$Lambda$188/28638745
2200:             1              8  org.springframework.boot.autoconfigure.AutoConfigurationImportSelector$AutoConfigurationGroup$$Lambda$189/20340783
2201:             1              8  org.springframework.boot.autoconfigure.AutoConfigurationImportSelector$AutoConfigurationGroup$$Lambda$193/8034138
2202:             1              8  org.springframework.boot.autoconfigure.AutoConfigurationImportSelector$AutoConfigurationGroup$$Lambda$194/1809995
2203:             1              8  org.springframework.boot.autoconfigure.AutoConfigurationImportSelector$AutoConfigurationGroup$$Lambda$195/24995860
2204:             1              8  org.springframework.boot.autoconfigure.BackgroundPreinitializer
2205:             1              8  org.springframework.boot.autoconfigure.SharedMetadataReaderFactoryContextInitializer$CachingMetadataReaderFactoryPostProcessor
2206:             1              8  org.springframework.boot.autoconfigure.SharedMetadataReaderFactoryContextInitializer$CachingMetadataReaderFactoryPostProcessor$$Lambda$146/24226506
2207:             1              8  org.springframework.boot.autoconfigure.admin.SpringApplicationAdminJmxAutoConfiguration
2208:             1              8  org.springframework.boot.autoconfigure.aop.AopAutoConfiguration
2209:             1              8  org.springframework.boot.autoconfigure.aop.AopAutoConfiguration$ClassProxyingConfiguration
2210:             1              8  org.springframework.boot.autoconfigure.availability.ApplicationAvailabilityAutoConfiguration
2211:             1              8  org.springframework.boot.autoconfigure.condition.ConditionEvaluationReport$AncestorsMatchedCondition
2212:             1              8  org.springframework.boot.autoconfigure.condition.OnBeanCondition$Spec$$Lambda$215/14808577
2213:             1              8  org.springframework.boot.autoconfigure.context.ConfigurationPropertiesAutoConfiguration
2214:             1              8  org.springframework.boot.autoconfigure.context.LifecycleAutoConfiguration
2215:             1              8  org.springframework.boot.autoconfigure.context.PropertyPlaceholderAutoConfiguration
2216:             1              8  org.springframework.boot.autoconfigure.http.HttpMessageConvertersAutoConfiguration
2217:             1              8  org.springframework.boot.autoconfigure.http.HttpMessageConvertersAutoConfiguration$StringHttpMessageConverterConfiguration
2218:             1              8  org.springframework.boot.autoconfigure.http.JacksonHttpMessageConvertersConfiguration
2219:             1              8  org.springframework.boot.autoconfigure.http.JacksonHttpMessageConvertersConfiguration$MappingJackson2HttpMessageConverterConfiguration
2220:             1              8  org.springframework.boot.autoconfigure.jackson.JacksonAutoConfiguration
2221:             1              8  org.springframework.boot.autoconfigure.jackson.JacksonAutoConfiguration$Jackson2ObjectMapperBuilderCustomizerConfiguration
2222:             1              8  org.springframework.boot.autoconfigure.jackson.JacksonAutoConfiguration$JacksonObjectMapperBuilderConfiguration
2223:             1              8  org.springframework.boot.autoconfigure.jackson.JacksonAutoConfiguration$JacksonObjectMapperConfiguration
2224:             1              8  org.springframework.boot.autoconfigure.jackson.JacksonAutoConfiguration$ParameterNamesModuleConfiguration
2225:             1              8  org.springframework.boot.autoconfigure.mustache.MustacheTemplateAvailabilityProvider
2226:             1              8  org.springframework.boot.autoconfigure.task.TaskExecutionAutoConfiguration
2227:             1              8  org.springframework.boot.autoconfigure.task.TaskSchedulingAutoConfiguration
2228:             1              8  org.springframework.boot.autoconfigure.template.TemplateAvailabilityProviders$NoTemplateAvailabilityProvider
2229:             1              8  org.springframework.boot.autoconfigure.thymeleaf.ThymeleafTemplateAvailabilityProvider
2230:             1              8  org.springframework.boot.autoconfigure.web.client.RestTemplateAutoConfiguration
2231:             1              8  org.springframework.boot.autoconfigure.web.embedded.EmbeddedWebServerFactoryCustomizerAutoConfiguration
2232:             1              8  org.springframework.boot.autoconfigure.web.embedded.EmbeddedWebServerFactoryCustomizerAutoConfiguration$TomcatWebServerFactoryCustomizerConfiguration
2233:             1              8  org.springframework.boot.autoconfigure.web.embedded.TomcatWebServerFactoryCustomizer$$Lambda$299/25502855
2234:             1              8  org.springframework.boot.autoconfigure.web.embedded.TomcatWebServerFactoryCustomizer$$Lambda$303/991556
2235:             1              8  org.springframework.boot.autoconfigure.web.embedded.TomcatWebServerFactoryCustomizer$$Lambda$314/15244286
2236:             1              8  org.springframework.boot.autoconfigure.web.embedded.TomcatWebServerFactoryCustomizer$$Lambda$320/7129168
2237:             1              8  org.springframework.boot.autoconfigure.web.embedded.TomcatWebServerFactoryCustomizer$$Lambda$324/32261212
2238:             1              8  org.springframework.boot.autoconfigure.web.embedded.TomcatWebServerFactoryCustomizer$$Lambda$325/17052957
2239:             1              8  org.springframework.boot.autoconfigure.web.embedded.TomcatWebServerFactoryCustomizer$$Lambda$329/8729026
2240:             1              8  org.springframework.boot.autoconfigure.web.embedded.TomcatWebServerFactoryCustomizer$$Lambda$350/26395465
2241:             1              8  org.springframework.boot.autoconfigure.web.embedded.TomcatWebServerFactoryCustomizer$$Lambda$359/33411570
2242:             1              8  org.springframework.boot.autoconfigure.web.servlet.DispatcherServletAutoConfiguration
2243:             1              8  org.springframework.boot.autoconfigure.web.servlet.DispatcherServletAutoConfiguration$DispatcherServletConfiguration
2244:             1              8  org.springframework.boot.autoconfigure.web.servlet.DispatcherServletAutoConfiguration$DispatcherServletRegistrationConfiguration
2245:             1              8  org.springframework.boot.autoconfigure.web.servlet.JspTemplateAvailabilityProvider
2246:             1              8  org.springframework.boot.autoconfigure.web.servlet.ServletWebServerFactoryAutoConfiguration
2247:             1              8  org.springframework.boot.autoconfigure.web.servlet.ServletWebServerFactoryConfiguration$EmbeddedTomcat
2248:             1              8  org.springframework.boot.autoconfigure.web.servlet.WebMvcAutoConfiguration
2249:             1              8  org.springframework.boot.autoconfigure.web.servlet.WebMvcAutoConfiguration$WebMvcAutoConfigurationAdapter$$Lambda$411/3713022
2250:             1              8  org.springframework.boot.autoconfigure.web.servlet.error.ErrorMvcAutoConfiguration$PreserveErrorControllerTargetClassPostProcessor
2251:             1              8  org.springframework.boot.autoconfigure.web.servlet.error.ErrorMvcAutoConfiguration$StaticView
2252:             1              8  org.springframework.boot.autoconfigure.websocket.servlet.TomcatWebSocketServletWebServerCustomizer
2253:             1              8  org.springframework.boot.autoconfigure.websocket.servlet.TomcatWebSocketServletWebServerCustomizer$$Lambda$264/32766904
2254:             1              8  org.springframework.boot.autoconfigure.websocket.servlet.WebSocketServletAutoConfiguration
2255:             1              8  org.springframework.boot.autoconfigure.websocket.servlet.WebSocketServletAutoConfiguration$TomcatWebSocketConfiguration
2256:             1              8  org.springframework.boot.context.ConfigurationWarningsApplicationContextInitializer$ComponentScanPackageCheck
2257:             1              8  org.springframework.boot.context.FileEncodingApplicationListener
2258:             1              8  org.springframework.boot.context.config.AnsiOutputApplicationListener
2259:             1              8  org.springframework.boot.context.config.AnsiOutputApplicationListener$$Lambda$83/25676264
2260:             1              8  org.springframework.boot.context.config.ConfigFileApplicationListener$$Lambda$5/23784540
2261:             1              8  org.springframework.boot.context.config.ConfigFileApplicationListener$Loader$$Lambda$56/8001099
2262:             1              8  org.springframework.boot.context.config.ConfigFileApplicationListener$Loader$$Lambda$63/3371202
2263:             1              8  org.springframework.boot.context.config.ConfigFileApplicationListener$Loader$$Lambda$68/26700389
2264:             1              8  org.springframework.boot.context.config.ConfigFileApplicationListener$Loader$$Lambda$71/28589408
2265:             1              8  org.springframework.boot.context.config.ConfigFileApplicationListener$Loader$$Lambda$73/368733
2266:             1              8  org.springframework.boot.context.config.ConfigFileApplicationListener$Loader$$Lambda$76/27897182
2267:             1              8  org.springframework.boot.context.logging.ClasspathLoggingApplicationListener
2268:             1              8  org.springframework.boot.context.logging.LoggingApplicationListener$$Lambda$89/6765356
2269:             1              8  org.springframework.boot.context.properties.ConfigurationPropertiesBindConstructorProvider
2270:             1              8  org.springframework.boot.context.properties.EnableConfigurationPropertiesRegistrar$$Lambda$221/12983985
2271:             1              8  org.springframework.boot.context.properties.EnableConfigurationPropertiesRegistrar$$Lambda$222/26160954
2272:             1              8  org.springframework.boot.context.properties.PropertyMapper$$Lambda$265/20149172
2273:             1              8  org.springframework.boot.context.properties.PropertyMapper$Source$$Lambda$268/31004215
2274:             1              8  org.springframework.boot.context.properties.PropertyMapper$Source$$Lambda$315/19719764
2275:             1              8  org.springframework.boot.context.properties.PropertyMapper$Source$$Lambda$348/5218778
2276:             1              8  org.springframework.boot.context.properties.bind.ArrayBinder$$Lambda$48/513541
2277:             1              8  org.springframework.boot.context.properties.bind.BindHandler$1
2278:             1              8  org.springframework.boot.context.properties.bind.DefaultBindConstructorProvider
2279:             1              8  org.springframework.boot.context.properties.bind.JavaBeanBinder
2280:             1              8  org.springframework.boot.context.properties.bind.JavaBeanBinder$Bean$$Lambda$249/16443999
2281:             1              8  org.springframework.boot.context.properties.bind.JavaBeanBinder$Bean$$Lambda$250/33422085
2282:             1              8  org.springframework.boot.context.properties.bind.JavaBeanBinder$Bean$$Lambda$251/31692880
2283:             1              8  org.springframework.boot.context.properties.bind.JavaBeanBinder$Bean$$Lambda$252/252975
2284:             1              8  org.springframework.boot.context.properties.bind.JavaBeanBinder$Bean$$Lambda$253/11270576
2285:             1              8  org.springframework.boot.context.properties.bind.JavaBeanBinder$Bean$$Lambda$255/16681551
2286:             1              8  org.springframework.boot.context.properties.bind.JavaBeanBinder$Bean$$Lambda$256/32505225
2287:             1              8  org.springframework.boot.context.properties.source.ConfigurationPropertyName$$Lambda$44/27169909
2288:             1              8  org.springframework.boot.context.properties.source.PropertyMapper$$Lambda$32/19066636
2289:             1              8  org.springframework.boot.context.properties.source.SpringIterableConfigurationPropertySource$$Lambda$50/21531414
2290:             1              8  org.springframework.boot.context.properties.source.SpringIterableConfigurationPropertySource$Mappings$$Lambda$36/11249189
2291:             1              8  org.springframework.boot.context.properties.source.SystemEnvironmentPropertyMapper
2292:             1              8  org.springframework.boot.context.properties.source.SystemEnvironmentPropertyMapper$$Lambda$41/11683674
2293:             1              8  org.springframework.boot.convert.CharArrayFormatter
2294:             1              8  org.springframework.boot.convert.DurationToNumberConverter
2295:             1              8  org.springframework.boot.convert.DurationToStringConverter
2296:             1              8  org.springframework.boot.convert.InetAddressFormatter
2297:             1              8  org.springframework.boot.convert.InputStreamSourceToByteArrayConverter
2298:             1              8  org.springframework.boot.convert.IsoOffsetFormatter
2299:             1              8  org.springframework.boot.convert.LenientBooleanToEnumConverterFactory
2300:             1              8  org.springframework.boot.convert.LenientObjectToEnumConverterFactory$LenientToEnumConverter$$Lambda$80/28094269
2301:             1              8  org.springframework.boot.convert.LenientObjectToEnumConverterFactory$LenientToEnumConverter$$Lambda$81/129456
2302:             1              8  org.springframework.boot.convert.LenientStringToEnumConverterFactory
2303:             1              8  org.springframework.boot.convert.PeriodToStringConverter
2304:             1              8  org.springframework.boot.convert.StringToFileConverter
2305:             1              8  org.springframework.boot.env.SpringApplicationJsonEnvironmentPostProcessor$$Lambda$29/32044569
2306:             1              8  org.springframework.boot.env.SpringApplicationJsonEnvironmentPostProcessor$$Lambda$30/11844722
2307:             1              8  org.springframework.boot.liquibase.LiquibaseServiceLocatorApplicationListener
2308:             1              8  org.springframework.boot.logging.LoggingSystem$$Lambda$19/1621474
2309:             1              8  org.springframework.boot.task.TaskExecutorBuilder$$Lambda$401/21042450
2310:             1              8  org.springframework.boot.task.TaskExecutorBuilder$$Lambda$405/27460999
2311:             1              8  org.springframework.boot.web.context.ServerPortInfoApplicationContextInitializer
2312:             1              8  org.springframework.boot.web.embedded.tomcat.TomcatEmbeddedContext$$Lambda$454/1815643
2313:             1              8  org.springframework.boot.web.embedded.tomcat.TomcatEmbeddedContext$$Lambda$455/18610038
2314:             1              8  org.springframework.boot.web.embedded.tomcat.TomcatServletWebServerFactory$DisablePersistSessionListener
2315:             1              8  org.springframework.boot.web.embedded.tomcat.TomcatWebServer$$Lambda$459/7626396
2316:             1              8  org.springframework.boot.web.servlet.ServletContextInitializerBeans$$Lambda$375/8092151
2317:             1              8  org.springframework.boot.web.servlet.ServletContextInitializerBeans$$Lambda$376/17717091
2318:             1              8  org.springframework.boot.web.servlet.server.StaticResourceJars
2319:             1              8  org.springframework.cglib.core.AbstractClassGenerator$ClassLoaderData$2
2320:             1              8  org.springframework.cglib.core.DefaultGeneratorStrategy
2321:             1              8  org.springframework.cglib.core.DefaultNamingPolicy
2322:             1              8  org.springframework.cglib.core.KeyFactory$1
2323:             1              8  org.springframework.cglib.core.KeyFactory$2
2324:             1              8  org.springframework.cglib.core.KeyFactory$3
2325:             1              8  org.springframework.cglib.core.KeyFactory$4
2326:             1              8  org.springframework.cglib.core.MethodInfoTransformer
2327:             1              8  org.springframework.cglib.core.SpringNamingPolicy
2328:             1              8  org.springframework.cglib.core.internal.LoadingCache$1
2329:             1              8  org.springframework.cglib.proxy.Enhancer$1
2330:             1              8  org.springframework.cglib.proxy.FixedValueGenerator
2331:             1              8  org.springframework.cglib.proxy.InvocationHandlerGenerator
2332:             1              8  org.springframework.cglib.proxy.LazyLoaderGenerator
2333:             1              8  org.springframework.cglib.proxy.MethodInterceptorGenerator
2334:             1              8  org.springframework.cglib.proxy.MethodInterceptorGenerator$1
2335:             1              8  org.springframework.cglib.proxy.NoOp$1
2336:             1              8  org.springframework.cglib.proxy.NoOpGenerator
2337:             1              8  org.springframework.context.annotation.ConfigurationClassEnhancer$BeanFactoryAwareMethodInterceptor
2338:             1              8  org.springframework.context.annotation.ConfigurationClassEnhancer$BeanMethodInterceptor
2339:             1              8  org.springframework.context.annotation.ConfigurationClassParser$$Lambda$168/25363906
2340:             1              8  org.springframework.context.annotation.ConfigurationClassParser$$Lambda$169/13738799
2341:             1              8  org.springframework.context.annotation.ConfigurationClassPostProcessor$$Lambda$167/13577701
2342:             1              8  org.springframework.context.event.EventListenerMethodProcessor$$Lambda$446/21184666
2343:             1              8  org.springframework.context.expression.BeanExpressionContextAccessor
2344:             1              8  org.springframework.context.expression.BeanFactoryAccessor
2345:             1              8  org.springframework.context.expression.EnvironmentAccessor
2346:             1              8  org.springframework.context.expression.MapAccessor
2347:             1              8  org.springframework.context.index.CandidateComponentsIndexLoader$$Lambda$109/27822988
2348:             1              8  org.springframework.core.OrderComparator
2349:             1              8  org.springframework.core.ResolvableType$EmptyType
2350:             1              8  org.springframework.core.annotation.AbstractMergedAnnotation$$Lambda$128/15433889
2351:             1              8  org.springframework.core.annotation.AnnotatedElementUtils$$Lambda$415/32960476
2352:             1              8  org.springframework.core.annotation.AnnotationAwareOrderComparator
2353:             1              8  org.springframework.core.annotation.AnnotationFilter$1
2354:             1              8  org.springframework.core.annotation.AnnotationFilter$2
2355:             1              8  org.springframework.core.annotation.AnnotationTypeMapping$$Lambda$119/27387082
2356:             1              8  org.springframework.core.annotation.AnnotationTypeMapping$$Lambda$120/24315398
2357:             1              8  org.springframework.core.annotation.AnnotationTypeMappings$$Lambda$12/16503286
2358:             1              8  org.springframework.core.annotation.AnnotationUtils$$Lambda$260/28995558
2359:             1              8  org.springframework.core.annotation.AnnotationUtils$$Lambda$382/16589254
2360:             1              8  org.springframework.core.annotation.AnnotationUtils$$Lambda$384/13324112
2361:             1              8  org.springframework.core.annotation.AttributeMethods$$Lambda$7/25536233
2362:             1              8  org.springframework.core.annotation.AttributeMethods$$Lambda$8/15742082
2363:             1              8  org.springframework.core.annotation.MergedAnnotationCollectors$$Lambda$205/20262706
2364:             1              8  org.springframework.core.annotation.MergedAnnotationCollectors$$Lambda$207/278816
2365:             1              8  org.springframework.core.annotation.MergedAnnotationSelectors$FirstDirectlyDeclared
2366:             1              8  org.springframework.core.annotation.MergedAnnotationSelectors$Nearest
2367:             1              8  org.springframework.core.annotation.RepeatableContainers$StandardRepeatableContainers$$Lambda$9/30757018
2368:             1              8  org.springframework.core.annotation.TypeMappedAnnotation$$Lambda$13/8117677
2369:             1              8  org.springframework.core.annotation.TypeMappedAnnotation$$Lambda$150/6186857
2370:             1              8  org.springframework.core.annotation.TypeMappedAnnotation$$Lambda$173/31821590
2371:             1              8  org.springframework.core.annotation.TypeMappedAnnotation$$Lambda$208/15875201
2372:             1              8  org.springframework.core.annotation.TypeMappedAnnotation$$Lambda$383/26981300
2373:             1              8  org.springframework.core.convert.support.GenericConversionService$Converters$$Lambda$20/29833553
2374:             1              8  org.springframework.core.io.DefaultResourceLoader$$Lambda$108/1136295
2375:             1              8  org.springframework.core.io.support.DefaultPropertySourceFactory
2376:             1              8  org.springframework.core.io.support.PathMatchingResourcePatternResolver$$Lambda$170/19943325
2377:             1              8  org.springframework.core.log.CompositeLog$$Lambda$100/11343378
2378:             1              8  org.springframework.core.log.CompositeLog$$Lambda$101/15713710
2379:             1              8  org.springframework.core.log.CompositeLog$$Lambda$102/6530695
2380:             1              8  org.springframework.core.log.CompositeLog$$Lambda$97/28484378
2381:             1              8  org.springframework.core.log.CompositeLog$$Lambda$98/32972916
2382:             1              8  org.springframework.core.log.CompositeLog$$Lambda$99/360824
2383:             1              8  org.springframework.core.type.AnnotatedTypeMetadata$$Lambda$201/33336512
2384:             1              8  org.springframework.core.type.AnnotatedTypeMetadata$$Lambda$202/24182895
2385:             1              8  org.springframework.core.type.AnnotatedTypeMetadata$$Lambda$203/23598047
2386:             1              8  org.springframework.core.type.AnnotationMetadata$$Lambda$122/14021454
2387:             1              8  org.springframework.core.type.AnnotationMetadata$$Lambda$123/29513905
2388:             1              8  org.springframework.core.type.AnnotationMetadata$$Lambda$124/32919954
2389:             1              8  org.springframework.core.type.AnnotationMetadata$$Lambda$130/1506084
2390:             1              8  org.springframework.core.type.AnnotationMetadata$$Lambda$131/27883564
2391:             1              8  org.springframework.core.type.AnnotationMetadata$$Lambda$132/25255932
2392:             1              8  org.springframework.core.type.AnnotationMetadata$$Lambda$175/9414243
2393:             1              8  org.springframework.expression.spel.support.StandardOperatorOverloader
2394:             1              8  org.springframework.expression.spel.support.StandardTypeComparator
2395:             1              8  org.springframework.http.MediaType$$Lambda$96/6217230
2396:             1              8  org.springframework.http.MediaType$1
2397:             1              8  org.springframework.http.converter.xml.Jaxb2RootElementHttpMessageConverter$$Lambda$105/32544467
2398:             1              8  org.springframework.http.converter.xml.SourceHttpMessageConverter$$Lambda$103/25574289
2399:             1              8  org.springframework.http.converter.xml.SourceHttpMessageConverter$$Lambda$104/1533371
2400:             1              8  org.springframework.objenesis.strategy.StdInstantiatorStrategy
2401:             1              8  org.springframework.util.DefaultPropertiesPersister
2402:             1              8  org.springframework.util.LinkedMultiValueMap$$Lambda$1/31418038
2403:             1              8  org.springframework.util.MimeType$SpecificityComparator
2404:             1              8  org.springframework.util.MimeTypeUtils$$Lambda$421/20520456
2405:             1              8  org.springframework.util.ReflectionUtils$$Lambda$3/22600334
2406:             1              8  org.springframework.util.ReflectionUtils$$Lambda$4/28943359
2407:             1              8  org.springframework.web.accept.ContentNegotiationManager$$Lambda$409/2269095
2408:             1              8  org.springframework.web.accept.MappingMediaTypeFileExtensionResolver$$Lambda$388/4644030
2409:             1              8  org.springframework.web.context.request.SessionScope
2410:             1              8  org.springframework.web.context.request.async.TimeoutCallableProcessingInterceptor
2411:             1              8  org.springframework.web.context.request.async.TimeoutDeferredResultProcessingInterceptor
2412:             1              8  org.springframework.web.context.support.WebApplicationContextUtils$RequestObjectFactory
2413:             1              8  org.springframework.web.context.support.WebApplicationContextUtils$ResponseObjectFactory
2414:             1              8  org.springframework.web.context.support.WebApplicationContextUtils$SessionObjectFactory
2415:             1              8  org.springframework.web.context.support.WebApplicationContextUtils$WebRequestObjectFactory
2416:             1              8  org.springframework.web.method.annotation.ErrorsMethodArgumentResolver
2417:             1              8  org.springframework.web.method.annotation.RequestHeaderMapMethodArgumentResolver
2418:             1              8  org.springframework.web.method.annotation.SessionStatusMethodArgumentResolver
2419:             1              8  org.springframework.web.servlet.config.annotation.InterceptorRegistry$$Lambda$416/3136385
2420:             1              8  org.springframework.web.servlet.config.annotation.InterceptorRegistry$$Lambda$417/1995475
2421:             1              8  org.springframework.web.servlet.config.annotation.WebMvcConfigurationSupport$NoOpValidator
2422:             1              8  org.springframework.web.servlet.function.support.RouterFunctionMapping$$Lambda$442/6567315
2423:             1              8  org.springframework.web.servlet.handler.AbstractHandlerMethodMapping$EmptyHandler
2424:             1              8  org.springframework.web.servlet.mvc.HttpRequestHandlerAdapter
2425:             1              8  org.springframework.web.servlet.mvc.SimpleControllerHandlerAdapter
2426:             1              8  org.springframework.web.servlet.mvc.method.RequestMappingInfoHandlerMethodMappingNamingStrategy
2427:             1              8  org.springframework.web.servlet.mvc.method.annotation.CallableMethodReturnValueHandler
2428:             1              8  org.springframework.web.servlet.mvc.method.annotation.DeferredResultMethodReturnValueHandler
2429:             1              8  org.springframework.web.servlet.mvc.method.annotation.HttpHeadersReturnValueHandler
2430:             1              8  org.springframework.web.servlet.mvc.method.annotation.JsonViewRequestBodyAdvice
2431:             1              8  org.springframework.web.servlet.mvc.method.annotation.RequestMappingHandlerAdapter$$Lambda$390/24145336
2432:             1              8  org.springframework.web.servlet.mvc.method.annotation.RequestMappingHandlerAdapter$$Lambda$391/6024545
2433:             1              8  org.springframework.web.servlet.mvc.method.annotation.StreamingResponseBodyReturnValueHandler
2434:             1              8  org.springframework.web.servlet.mvc.method.annotation.UriComponentsBuilderMethodArgumentResolver
2435:             1              8  org.springframework.web.servlet.view.AbstractCachingViewResolver$$Lambda$443/18684498
2436:             1              8  org.springframework.web.servlet.view.AbstractCachingViewResolver$1
2437:             1              8  org.springframework.web.servlet.view.ContentNegotiatingViewResolver$1
2438:             1              8  sun.management.HotSpotDiagnostic
2439:             1              8  sun.management.jmxremote.LocalRMIServerSocketFactory
2440:             1              8  sun.misc.ASCIICaseInsensitiveComparator
2441:             1              8  sun.misc.Launcher$Factory
2442:             1              8  sun.misc.Perf
2443:             1              8  sun.misc.Unsafe
2444:             1              8  sun.net.DefaultProgressMeteringPolicy
2445:             1              8  sun.net.ExtendedOptionsImpl$$Lambda$450/33222758
2446:             1              8  sun.net.www.protocol.jar.JarFileFactory
2447:             1              8  sun.nio.ch.ExtendedSocketOption$1
2448:             1              8  sun.nio.ch.FileChannelImpl$1
2449:             1              8  sun.nio.ch.Net$1
2450:             1              8  sun.nio.ch.WindowsSelectorProvider
2451:             1              8  sun.nio.fs.WindowsChannelFactory$1
2452:             1              8  sun.reflect.GeneratedMethodAccessor1
2453:             1              8  sun.reflect.GeneratedMethodAccessor10
2454:             1              8  sun.reflect.GeneratedMethodAccessor11
2455:             1              8  sun.reflect.GeneratedMethodAccessor12
2456:             1              8  sun.reflect.GeneratedMethodAccessor13
2457:             1              8  sun.reflect.GeneratedMethodAccessor14
2458:             1              8  sun.reflect.GeneratedMethodAccessor15
2459:             1              8  sun.reflect.GeneratedMethodAccessor16
2460:             1              8  sun.reflect.GeneratedMethodAccessor17
2461:             1              8  sun.reflect.GeneratedMethodAccessor18
2462:             1              8  sun.reflect.GeneratedMethodAccessor19
2463:             1              8  sun.reflect.GeneratedMethodAccessor2
2464:             1              8  sun.reflect.GeneratedMethodAccessor20
2465:             1              8  sun.reflect.GeneratedMethodAccessor21
2466:             1              8  sun.reflect.GeneratedMethodAccessor22
2467:             1              8  sun.reflect.GeneratedMethodAccessor23
2468:             1              8  sun.reflect.GeneratedMethodAccessor24
2469:             1              8  sun.reflect.GeneratedMethodAccessor25
2470:             1              8  sun.reflect.GeneratedMethodAccessor26
2471:             1              8  sun.reflect.GeneratedMethodAccessor27
2472:             1              8  sun.reflect.GeneratedMethodAccessor28
2473:             1              8  sun.reflect.GeneratedMethodAccessor29
2474:             1              8  sun.reflect.GeneratedMethodAccessor3
2475:             1              8  sun.reflect.GeneratedMethodAccessor30
2476:             1              8  sun.reflect.GeneratedMethodAccessor31
2477:             1              8  sun.reflect.GeneratedMethodAccessor32
2478:             1              8  sun.reflect.GeneratedMethodAccessor4
2479:             1              8  sun.reflect.GeneratedMethodAccessor5
2480:             1              8  sun.reflect.GeneratedMethodAccessor6
2481:             1              8  sun.reflect.GeneratedMethodAccessor7
2482:             1              8  sun.reflect.GeneratedMethodAccessor8
2483:             1              8  sun.reflect.GeneratedMethodAccessor9
2484:             1              8  sun.reflect.ReflectionFactory
2485:             1              8  sun.reflect.generics.tree.BottomSignature
2486:             1              8  sun.reflect.generics.tree.ByteSignature
2487:             1              8  sun.reflect.generics.tree.CharSignature
2488:             1              8  sun.reflect.generics.tree.VoidDescriptor
2489:             1              8  sun.rmi.runtime.Log$LoggerLogFactory
2490:             1              8  sun.rmi.transport.DGCImpl_Skel
2491:             1              8  sun.rmi.transport.proxy.RMIDirectSocketFactory
2492:             1              8  sun.rmi.transport.tcp.TCPTransport$1
2493:             1              8  sun.security.provider.NativeSeedGenerator
2494:             1              8  sun.util.locale.provider.AuxLocaleProviderAdapter$NullProvider
2495:             1              8  sun.util.locale.provider.CalendarDataUtility$CalendarWeekParameterGetter
2496:             1              8  sun.util.locale.provider.TimeZoneNameUtility$TimeZoneNameGetter
2497:             1              8  sun.util.resources.LocaleData$LocaleDataResourceBundleControl
Total        155754       31957824
